Archive member included to satisfy reference by file (symbol)

/opt/gcc-arm-none-eabi-9-2020-q2-update/bin/../lib/gcc/arm-none-eabi/9.3.1/../../../../arm-none-eabi/lib/thumb/v7e-m+fp/hard/libc_nano.a(lib_a-ctype_.o)
                              _build/nrf52840_xxaa/nrf_log_str_formatter.c.o (_ctype_)
/opt/gcc-arm-none-eabi-9-2020-q2-update/bin/../lib/gcc/arm-none-eabi/9.3.1/../../../../arm-none-eabi/lib/thumb/v7e-m+fp/hard/libc_nano.a(lib_a-exit.o)
                              /opt/gcc-arm-none-eabi-9-2020-q2-update/bin/../lib/gcc/arm-none-eabi/9.3.1/../../../../arm-none-eabi/lib/thumb/v7e-m+fp/hard/crt0.o (exit)
/opt/gcc-arm-none-eabi-9-2020-q2-update/bin/../lib/gcc/arm-none-eabi/9.3.1/../../../../arm-none-eabi/lib/thumb/v7e-m+fp/hard/libc_nano.a(lib_a-impure.o)
                              /opt/gcc-arm-none-eabi-9-2020-q2-update/bin/../lib/gcc/arm-none-eabi/9.3.1/../../../../arm-none-eabi/lib/thumb/v7e-m+fp/hard/libc_nano.a(lib_a-exit.o) (_global_impure_ptr)
/opt/gcc-arm-none-eabi-9-2020-q2-update/bin/../lib/gcc/arm-none-eabi/9.3.1/../../../../arm-none-eabi/lib/thumb/v7e-m+fp/hard/libc_nano.a(lib_a-init.o)
                              /opt/gcc-arm-none-eabi-9-2020-q2-update/bin/../lib/gcc/arm-none-eabi/9.3.1/../../../../arm-none-eabi/lib/thumb/v7e-m+fp/hard/crt0.o (__libc_init_array)
/opt/gcc-arm-none-eabi-9-2020-q2-update/bin/../lib/gcc/arm-none-eabi/9.3.1/../../../../arm-none-eabi/lib/thumb/v7e-m+fp/hard/libc_nano.a(lib_a-memcmp.o)
                              _build/nrf52840_xxaa/ble_advdata.c.o (memcmp)
/opt/gcc-arm-none-eabi-9-2020-q2-update/bin/../lib/gcc/arm-none-eabi/9.3.1/../../../../arm-none-eabi/lib/thumb/v7e-m+fp/hard/libc_nano.a(lib_a-memcpy-stub.o)
                              _build/nrf52840_xxaa/nrf_log_frontend.c.o (memcpy)
/opt/gcc-arm-none-eabi-9-2020-q2-update/bin/../lib/gcc/arm-none-eabi/9.3.1/../../../../arm-none-eabi/lib/thumb/v7e-m+fp/hard/libc_nano.a(lib_a-memset.o)
                              /opt/gcc-arm-none-eabi-9-2020-q2-update/bin/../lib/gcc/arm-none-eabi/9.3.1/../../../../arm-none-eabi/lib/thumb/v7e-m+fp/hard/crt0.o (memset)
/opt/gcc-arm-none-eabi-9-2020-q2-update/bin/../lib/gcc/arm-none-eabi/9.3.1/../../../../arm-none-eabi/lib/thumb/v7e-m+fp/hard/libc_nano.a(lib_a-strcmp.o)
                              _build/nrf52840_xxaa/nrf_ble_scan.c.o (strcmp)
/opt/gcc-arm-none-eabi-9-2020-q2-update/bin/../lib/gcc/arm-none-eabi/9.3.1/../../../../arm-none-eabi/lib/thumb/v7e-m+fp/hard/libc_nano.a(lib_a-strcpy.o)
                              _build/nrf52840_xxaa/SEGGER_RTT.c.o (strcpy)
/opt/gcc-arm-none-eabi-9-2020-q2-update/bin/../lib/gcc/arm-none-eabi/9.3.1/../../../../arm-none-eabi/lib/thumb/v7e-m+fp/hard/libc_nano.a(lib_a-strlen.o)
                              _build/nrf52840_xxaa/nrf_log_frontend.c.o (strlen)
/opt/gcc-arm-none-eabi-9-2020-q2-update/bin/../lib/gcc/arm-none-eabi/9.3.1/../../../../arm-none-eabi/lib/thumb/v7e-m+fp/hard/libnosys.a(_exit.o)
                              /opt/gcc-arm-none-eabi-9-2020-q2-update/bin/../lib/gcc/arm-none-eabi/9.3.1/../../../../arm-none-eabi/lib/thumb/v7e-m+fp/hard/libc_nano.a(lib_a-exit.o) (_exit)
/opt/gcc-arm-none-eabi-9-2020-q2-update/bin/../lib/gcc/arm-none-eabi/9.3.1/thumb/v7e-m+fp/hard/libgcc.a(_aeabi_ldivmod.o)
                              _build/nrf52840_xxaa/bsp.c.o (__aeabi_ldivmod)
/opt/gcc-arm-none-eabi-9-2020-q2-update/bin/../lib/gcc/arm-none-eabi/9.3.1/thumb/v7e-m+fp/hard/libgcc.a(_aeabi_uldivmod.o)
                              _build/nrf52840_xxaa/bsp.c.o (__aeabi_uldivmod)
/opt/gcc-arm-none-eabi-9-2020-q2-update/bin/../lib/gcc/arm-none-eabi/9.3.1/thumb/v7e-m+fp/hard/libgcc.a(_udivmoddi4.o)
                              /opt/gcc-arm-none-eabi-9-2020-q2-update/bin/../lib/gcc/arm-none-eabi/9.3.1/thumb/v7e-m+fp/hard/libgcc.a(_aeabi_ldivmod.o) (__udivmoddi4)
/opt/gcc-arm-none-eabi-9-2020-q2-update/bin/../lib/gcc/arm-none-eabi/9.3.1/thumb/v7e-m+fp/hard/libgcc.a(_dvmd_tls.o)
                              /opt/gcc-arm-none-eabi-9-2020-q2-update/bin/../lib/gcc/arm-none-eabi/9.3.1/thumb/v7e-m+fp/hard/libgcc.a(_aeabi_ldivmod.o) (__aeabi_ldiv0)

Allocating common symbols
Common symbol       size              file

nrf_nvic_state      0xc               _build/nrf52840_xxaa/app_util_platform.c.o
nrf_drv_uart_use_easy_dma
                    0x2               _build/nrf52840_xxaa/nrf_drv_uart.c.o
_SEGGER_RTT         0x78              _build/nrf52840_xxaa/SEGGER_RTT.c.o

Discarded input sections

 .text          0x0000000000000000        0x0 /opt/gcc-arm-none-eabi-9-2020-q2-update/bin/../lib/gcc/arm-none-eabi/9.3.1/thumb/v7e-m+fp/hard/crti.o
 .data          0x0000000000000000        0x0 /opt/gcc-arm-none-eabi-9-2020-q2-update/bin/../lib/gcc/arm-none-eabi/9.3.1/thumb/v7e-m+fp/hard/crti.o
 .bss           0x0000000000000000        0x0 /opt/gcc-arm-none-eabi-9-2020-q2-update/bin/../lib/gcc/arm-none-eabi/9.3.1/thumb/v7e-m+fp/hard/crti.o
[...]
Memory Configuration

Name             Origin             Length             Attributes
FLASH            0x0000000000026000 0x00000000000da000 xr
RAM              0x0000000020001d70 0x000000000003e290 xrw
*default*        0x0000000000000000 0xffffffffffffffff

Linker script and memory map


.text           0x0000000000026000     0x71e0
 *(.isr_vector)
 .isr_vector    0x0000000000026000      0x200 _build/nrf52840_xxaa/gcc_startup_nrf52840.S.o
                0x0000000000026000                __isr_vector
 *(.text*)
 .text          0x0000000000026200       0x40 /opt/gcc-arm-none-eabi-9-2020-q2-update/bin/../lib/gcc/arm-none-eabi/9.3.1/thumb/v7e-m+fp/hard/crtbegin.o
 .text          0x0000000000026240       0x7c /opt/gcc-arm-none-eabi-9-2020-q2-update/bin/../lib/gcc/arm-none-eabi/9.3.1/../../../../arm-none-eabi/lib/thumb/v7e-m+fp/hard/crt0.o
                0x0000000000026240                _stack_init
                0x0000000000026248                _mainCRTStartup
                0x0000000000026248                _start
 .text          0x00000000000262bc       0x3c _build/nrf52840_xxaa/gcc_startup_nrf52840.S.o
                0x00000000000262bc                Reset_Handler
                0x00000000000262e4                NMI_Handler
                0x00000000000262e6                HardFault_Handler
                0x00000000000262e8                MemoryManagement_Handler
                0x00000000000262ea                BusFault_Handler
                0x00000000000262ec                UsageFault_Handler
                0x00000000000262ee                SVC_Handler
                0x00000000000262f0                DebugMon_Handler
                0x00000000000262f2                PendSV_Handler
                0x00000000000262f4                SysTick_Handler
                0x00000000000262f6                TIMER2_IRQHandler
                0x00000000000262f6                RTC0_IRQHandler
                0x00000000000262f6                PWM1_IRQHandler
                0x00000000000262f6                RADIO_IRQHandler
                0x00000000000262f6                PDM_IRQHandler
                0x00000000000262f6                TEMP_IRQHandler
                0x00000000000262f6                QDEC_IRQHandler
                0x00000000000262f6                TIMER3_IRQHandler
                0x00000000000262f6                PWM3_IRQHandler
                0x00000000000262f6                FPU_IRQHandler
                0x00000000000262f6                USBD_IRQHandler
                0x00000000000262f6                SPIM0_SPIS0_TWIM0_TWIS0_SPI0_TWI0_IRQHandler
                0x00000000000262f6                TIMER4_IRQHandler
                0x00000000000262f6                CRYPTOCELL_IRQHandler
                0x00000000000262f6                I2S_IRQHandler
                0x00000000000262f6                SWI4_EGU4_IRQHandler
                0x00000000000262f6                TIMER0_IRQHandler
                0x00000000000262f6                UARTE1_IRQHandler
                0x00000000000262f6                TIMER1_IRQHandler
                0x00000000000262f6                SPIM3_IRQHandler
                0x00000000000262f6                PWM2_IRQHandler
                0x00000000000262f6                ECB_IRQHandler
                0x00000000000262f6                SPIM1_SPIS1_TWIM1_TWIS1_SPI1_TWI1_IRQHandler
                0x00000000000262f6                Default_Handler
                0x00000000000262f6                SAADC_IRQHandler
                0x00000000000262f6                CCM_AAR_IRQHandler
                0x00000000000262f6                WDT_IRQHandler
                0x00000000000262f6                SWI5_EGU5_IRQHandler
                0x00000000000262f6                RNG_IRQHandler
                0x00000000000262f6                RTC2_IRQHandler
                0x00000000000262f6                PWM0_IRQHandler
                0x00000000000262f6                SWI3_EGU3_IRQHandler
                0x00000000000262f6                SWI1_EGU1_IRQHandler
                0x00000000000262f6                SPIM2_SPIS2_SPI2_IRQHandler
                0x00000000000262f6                NFCT_IRQHandler
                0x00000000000262f6                MWU_IRQHandler
                0x00000000000262f6                QSPI_IRQHandler
                0x00000000000262f6                COMP_LPCOMP_IRQHandler
 .text.nrf_log_backend_serial_put
                0x00000000000262f8       0xd8 _build/nrf52840_xxaa/nrf_log_backend_serial.c.o
                0x00000000000262f8                nrf_log_backend_serial_put
 .text.uart_evt_handler
                0x00000000000263d0        0xc _build/nrf52840_xxaa/nrf_log_backend_uart.c.o
 .text.nrf_log_backend_uart_flush
                0x00000000000263dc        0x4 _build/nrf52840_xxaa/nrf_log_backend_uart.c.o
 .text.nrf_log_backend_uart_put
                0x00000000000263e0       0x20 _build/nrf52840_xxaa/nrf_log_backend_uart.c.o
 .text.serial_tx
                0x0000000000026400       0x4c _build/nrf52840_xxaa/nrf_log_backend_uart.c.o
 .text.nrf_log_backend_uart_panic_set
                0x000000000002644c       0x7c _build/nrf52840_xxaa/nrf_log_backend_uart.c.o
 .text.nrf_log_backend_uart_init
                0x00000000000264c8       0x68 _build/nrf52840_xxaa/nrf_log_backend_uart.c.o
                0x00000000000264c8                nrf_log_backend_uart_init
 .text.nrf_log_default_backends_init
                0x0000000000026530       0x20 _build/nrf52840_xxaa/nrf_log_default_backends.c.o
                0x0000000000026530                nrf_log_default_backends_init
 .text.nrf_log_init
                0x0000000000026550       0x40 _build/nrf52840_xxaa/nrf_log_frontend.c.o
                0x0000000000026550                nrf_log_init
 .text.nrf_log_module_name_get
                0x0000000000026590       0x48 _build/nrf52840_xxaa/nrf_log_frontend.c.o
                0x0000000000026590                nrf_log_module_name_get
 .text.nrf_log_color_id_get
                0x00000000000265d8       0x2c _build/nrf52840_xxaa/nrf_log_frontend.c.o
                0x00000000000265d8                nrf_log_color_id_get
 .text.nrf_log_frontend_dequeue
                0x0000000000026604      0x274 _build/nrf52840_xxaa/nrf_log_frontend.c.o
                0x0000000000026604                nrf_log_frontend_dequeue
 .text.nrf_log_frontend_std_0
                0x0000000000026878      0x1a0 _build/nrf52840_xxaa/nrf_log_frontend.c.o
                0x0000000000026878                nrf_log_frontend_std_0
 .text.nrf_log_frontend_std_1
                0x0000000000026a18      0x1b0 _build/nrf52840_xxaa/nrf_log_frontend.c.o
                0x0000000000026a18                nrf_log_frontend_std_1
 .text.nrf_log_frontend_std_2
                0x0000000000026bc8      0x1c0 _build/nrf52840_xxaa/nrf_log_frontend.c.o
                0x0000000000026bc8                nrf_log_frontend_std_2
 .text.nrf_log_backend_add
                0x0000000000026d88       0x5c _build/nrf52840_xxaa/nrf_log_frontend.c.o
                0x0000000000026d88                nrf_log_backend_add
 .text.nrf_log_panic
                0x0000000000026de4       0x2c _build/nrf52840_xxaa/nrf_log_frontend.c.o
                0x0000000000026de4                nrf_log_panic
 .text.prefix_process
                0x0000000000026e10       0x80 _build/nrf52840_xxaa/nrf_log_str_formatter.c.o
 .text.nrf_log_std_entry_process
                0x0000000000026e90       0xf0 _build/nrf52840_xxaa/nrf_log_str_formatter.c.o
                0x0000000000026e90                nrf_log_std_entry_process
 .text.nrf_log_hexdump_entry_process
                0x0000000000026f80       0xfc _build/nrf52840_xxaa/nrf_log_str_formatter.c.o
                0x0000000000026f80                nrf_log_hexdump_entry_process
 .text.detection_delay_timeout_handler
                0x000000000002707c      0x10c _build/nrf52840_xxaa/app_button.c.o
 .text.gpiote_event_handler
                0x0000000000027188       0xa0 _build/nrf52840_xxaa/app_button.c.o
 .text.app_button_init
                0x0000000000027228       0xb0 _build/nrf52840_xxaa/app_button.c.o
                0x0000000000027228                app_button_init
 .text.app_button_enable
                0x00000000000272d8       0x2c _build/nrf52840_xxaa/app_button.c.o
                0x00000000000272d8                app_button_enable
 .text.app_error_handler_bare
                0x0000000000027304       0x20 _build/nrf52840_xxaa/app_error.c.o
                0x0000000000027304                app_error_handler_bare
 .text.app_error_fault_handler
                0x0000000000027324       0x70 _build/nrf52840_xxaa/app_error_weak.c.o
                0x0000000000027324                app_error_fault_handler
 .text.RTC1_IRQHandler
                0x0000000000027394       0xa0 _build/nrf52840_xxaa/app_timer.c.o
                0x0000000000027394                RTC1_IRQHandler
 .text.SWI0_EGU0_IRQHandler
                0x0000000000027434      0x3e0 _build/nrf52840_xxaa/app_timer.c.o
                0x0000000000027434                SWI0_EGU0_IRQHandler
 .text.app_timer_init
                0x0000000000027814       0xa8 _build/nrf52840_xxaa/app_timer.c.o
                0x0000000000027814                app_timer_init
 .text.app_timer_create
                0x00000000000278bc       0x24 _build/nrf52840_xxaa/app_timer.c.o
                0x00000000000278bc                app_timer_create
 .text.app_timer_start
                0x00000000000278e0       0xac _build/nrf52840_xxaa/app_timer.c.o
                0x00000000000278e0                app_timer_start
 .text.app_timer_stop
                0x000000000002798c       0x78 _build/nrf52840_xxaa/app_timer.c.o
                0x000000000002798c                app_timer_stop
 .text.app_util_critical_region_enter
                0x0000000000027a04       0x4c _build/nrf52840_xxaa/app_util_platform.c.o
                0x0000000000027a04                app_util_critical_region_enter
 .text.app_util_critical_region_exit
                0x0000000000027a50       0x30 _build/nrf52840_xxaa/app_util_platform.c.o
                0x0000000000027a50                app_util_critical_region_exit
 .text.nrf_atflags_set
                0x0000000000027a80       0x14 _build/nrf52840_xxaa/nrf_atflags.c.o
                0x0000000000027a80                nrf_atflags_set
 .text.nrf_atflags_clear
                0x0000000000027a94       0x14 _build/nrf52840_xxaa/nrf_atflags.c.o
                0x0000000000027a94                nrf_atflags_clear
 .text.nrf_atflags_get
                0x0000000000027aa8       0x14 _build/nrf52840_xxaa/nrf_atflags.c.o
                0x0000000000027aa8                nrf_atflags_get
 .text.nrf_atomic_u32_fetch_store
                0x0000000000027abc       0x1c _build/nrf52840_xxaa/nrf_atomic.c.o
                0x0000000000027abc                nrf_atomic_u32_fetch_store
 .text.nrf_atomic_u32_or
                0x0000000000027ad8       0x1c _build/nrf52840_xxaa/nrf_atomic.c.o
                0x0000000000027ad8                nrf_atomic_u32_or
 .text.nrf_atomic_u32_and
                0x0000000000027af4       0x1c _build/nrf52840_xxaa/nrf_atomic.c.o
                0x0000000000027af4                nrf_atomic_u32_and
 .text.nrf_atomic_u32_add
                0x0000000000027b10       0x1c _build/nrf52840_xxaa/nrf_atomic.c.o
                0x0000000000027b10                nrf_atomic_u32_add
 .text.nrf_atomic_u32_sub
                0x0000000000027b2c       0x1c _build/nrf52840_xxaa/nrf_atomic.c.o
                0x0000000000027b2c                nrf_atomic_u32_sub
 .text.nrf_atomic_flag_set
                0x0000000000027b48       0x20 _build/nrf52840_xxaa/nrf_atomic.c.o
                0x0000000000027b48                nrf_atomic_flag_set
 .text.nrf_atomic_flag_clear_fetch
                0x0000000000027b68       0x20 _build/nrf52840_xxaa/nrf_atomic.c.o
                0x0000000000027b68                nrf_atomic_flag_clear_fetch
 .text.nrf_balloc_init
                0x0000000000027b88       0x38 _build/nrf52840_xxaa/nrf_balloc.c.o
                0x0000000000027b88                nrf_balloc_init
 .text.nrf_balloc_alloc
                0x0000000000027bc0       0x50 _build/nrf52840_xxaa/nrf_balloc.c.o
                0x0000000000027bc0                nrf_balloc_alloc
 .text.nrf_balloc_free
                0x0000000000027c10       0x38 _build/nrf52840_xxaa/nrf_balloc.c.o
                0x0000000000027c10                nrf_balloc_free
 .text.nrf_fprintf_buffer_flush
                0x0000000000027c48       0x18 _build/nrf52840_xxaa/nrf_fprintf.c.o
                0x0000000000027c48                nrf_fprintf_buffer_flush
 .text.nrf_fprintf
                0x0000000000027c60       0x20 _build/nrf52840_xxaa/nrf_fprintf.c.o
                0x0000000000027c60                nrf_fprintf
 .text.unsigned_print
                0x0000000000027c80      0x14c _build/nrf52840_xxaa/nrf_fprintf_format.c.o
 .text.nrf_fprintf_fmt
                0x0000000000027dcc      0x5cc _build/nrf52840_xxaa/nrf_fprintf_format.c.o
                0x0000000000027dcc                nrf_fprintf_fmt
 .text.nrf_memobj_pool_init
                0x0000000000028398        0x4 _build/nrf52840_xxaa/nrf_memobj.c.o
                0x0000000000028398                nrf_memobj_pool_init
 .text.nrf_memobj_alloc
                0x000000000002839c       0x94 _build/nrf52840_xxaa/nrf_memobj.c.o
                0x000000000002839c                nrf_memobj_alloc
 .text.nrf_memobj_get
                0x0000000000028430        0x8 _build/nrf52840_xxaa/nrf_memobj.c.o
                0x0000000000028430                nrf_memobj_get
 .text.nrf_memobj_put
                0x0000000000028438       0x58 _build/nrf52840_xxaa/nrf_memobj.c.o
                0x0000000000028438                nrf_memobj_put
 .text.nrf_memobj_write
                0x0000000000028490       0x68 _build/nrf52840_xxaa/nrf_memobj.c.o
                0x0000000000028490                nrf_memobj_write
 .text.nrf_memobj_read
                0x00000000000284f8       0x68 _build/nrf52840_xxaa/nrf_memobj.c.o
                0x00000000000284f8                nrf_memobj_read
 .text.sd_app_evt_wait
                0x0000000000028560        0x4 _build/nrf52840_xxaa/nrf_pwr_mgmt.c.o
 .text.nrf_pwr_mgmt_init
                0x0000000000028564       0x2c _build/nrf52840_xxaa/nrf_pwr_mgmt.c.o
                0x0000000000028564                nrf_pwr_mgmt_init
 .text.nrf_pwr_mgmt_run
                0x0000000000028590       0x54 _build/nrf52840_xxaa/nrf_pwr_mgmt.c.o
                0x0000000000028590                nrf_pwr_mgmt_run
 .text.nrf_ringbuf_init
                0x00000000000285e4       0x1c _build/nrf52840_xxaa/nrf_ringbuf.c.o
                0x00000000000285e4                nrf_ringbuf_init
 .text.nrf_section_iter_init
                0x0000000000028600       0x14 _build/nrf52840_xxaa/nrf_section_iter.c.o
                0x0000000000028600                nrf_section_iter_init
 .text.nrf_section_iter_next
                0x0000000000028614       0x18 _build/nrf52840_xxaa/nrf_section_iter.c.o
                0x0000000000028614                nrf_section_iter_next
 .text.nrf_strerror_get
                0x000000000002862c       0x50 _build/nrf52840_xxaa/nrf_strerror.c.o
                0x000000000002862c                nrf_strerror_get
 .text.SystemInit
                0x000000000002867c      0x1c4 _build/nrf52840_xxaa/system_nrf52840.c.o
                0x000000000002867c                SystemInit
 .text.bsp_board_led_on
                0x0000000000028840       0x24 _build/nrf52840_xxaa/boards.c.o
                0x0000000000028840                bsp_board_led_on
 .text.bsp_board_led_off
                0x0000000000028864       0x24 _build/nrf52840_xxaa/boards.c.o
                0x0000000000028864                bsp_board_led_off
 .text.bsp_board_init
                0x0000000000028888       0x5c _build/nrf52840_xxaa/boards.c.o
                0x0000000000028888                bsp_board_init
 .text.clock_irq_handler
                0x00000000000288e4       0x44 _build/nrf52840_xxaa/nrf_drv_clock.c.o
 .text.soc_evt_handler
                0x0000000000028928       0x28 _build/nrf52840_xxaa/nrf_drv_clock.c.o
 .text.sd_state_evt_handler
                0x0000000000028950       0xa8 _build/nrf52840_xxaa/nrf_drv_clock.c.o
 .text.uarte_evt_handler
                0x00000000000289f8       0x34 _build/nrf52840_xxaa/nrf_drv_uart.c.o
 .text.uart_evt_handler
                0x0000000000028a2c       0x34 _build/nrf52840_xxaa/nrf_drv_uart.c.o
 .text.nrf_drv_uart_init
                0x0000000000028a60       0x88 _build/nrf52840_xxaa/nrf_drv_uart.c.o
                0x0000000000028a60                nrf_drv_uart_init
 .text.nrfx_clock_init
                0x0000000000028ae8       0x18 _build/nrf52840_xxaa/nrfx_clock.c.o
                0x0000000000028ae8                nrfx_clock_init
 .text.nrfx_clock_enable
                0x0000000000028b00       0x24 _build/nrf52840_xxaa/nrfx_clock.c.o
                0x0000000000028b00                nrfx_clock_enable
 .text.nrfx_clock_lfclk_stop
                0x0000000000028b24       0x18 _build/nrf52840_xxaa/nrfx_clock.c.o
                0x0000000000028b24                nrfx_clock_lfclk_stop
 .text.POWER_CLOCK_IRQHandler
                0x0000000000028b3c       0x6c _build/nrf52840_xxaa/nrfx_clock.c.o
                0x0000000000028b3c                POWER_CLOCK_IRQHandler
 .text.nrfx_gpiote_init
                0x0000000000028ba8       0x9c _build/nrf52840_xxaa/nrfx_gpiote.c.o
                0x0000000000028ba8                nrfx_gpiote_init
 .text.nrfx_gpiote_is_init
                0x0000000000028c44       0x14 _build/nrf52840_xxaa/nrfx_gpiote.c.o
                0x0000000000028c44                nrfx_gpiote_is_init
 .text.nrfx_gpiote_in_init
                0x0000000000028c58      0x1e4 _build/nrf52840_xxaa/nrfx_gpiote.c.o
                0x0000000000028c58                nrfx_gpiote_in_init
 .text.nrfx_gpiote_in_event_enable
                0x0000000000028e3c       0xd8 _build/nrf52840_xxaa/nrfx_gpiote.c.o
                0x0000000000028e3c                nrfx_gpiote_in_event_enable
 .text.nrfx_gpiote_in_is_set
                0x0000000000028f14       0x20 _build/nrf52840_xxaa/nrfx_gpiote.c.o
                0x0000000000028f14                nrfx_gpiote_in_is_set
 .text.GPIOTE_IRQHandler
                0x0000000000028f34      0x5a0 _build/nrf52840_xxaa/nrfx_gpiote.c.o
                0x0000000000028f34                GPIOTE_IRQHandler
 .text.UARTE0_UART0_IRQHandler
                0x00000000000294d4        0xc _build/nrf52840_xxaa/nrfx_prs.c.o
                0x00000000000294d4                UARTE0_UART0_IRQHandler
 .text.nrfx_prs_acquire
                0x00000000000294e0       0x50 _build/nrf52840_xxaa/nrfx_prs.c.o
                0x00000000000294e0                nrfx_prs_acquire
 .text.nrfx_prs_release
                0x0000000000029530       0x18 _build/nrf52840_xxaa/nrfx_prs.c.o
                0x0000000000029530                nrfx_prs_release
 .text.nrfx_uart_0_irq_handler
                0x0000000000029548      0x1c0 _build/nrf52840_xxaa/nrfx_uart.c.o
                0x0000000000029548                nrfx_uart_0_irq_handler
 .text.nrfx_uart_init
                0x0000000000029708      0x1e8 _build/nrf52840_xxaa/nrfx_uart.c.o
                0x0000000000029708                nrfx_uart_init
 .text.nrfx_uart_uninit
                0x00000000000298f0       0xfc _build/nrf52840_xxaa/nrfx_uart.c.o
                0x00000000000298f0                nrfx_uart_uninit
 .text.nrfx_uart_tx
                0x00000000000299ec       0xd0 _build/nrf52840_xxaa/nrfx_uart.c.o
                0x00000000000299ec                nrfx_uart_tx
 .text.nrfx_uarte_0_irq_handler
                0x0000000000029abc      0x12c _build/nrf52840_xxaa/nrfx_uarte.c.o
                0x0000000000029abc                nrfx_uarte_0_irq_handler
 .text.nrfx_uarte_init
                0x0000000000029be8      0x210 _build/nrf52840_xxaa/nrfx_uarte.c.o
                0x0000000000029be8                nrfx_uarte_init
 .text.nrfx_uarte_uninit
                0x0000000000029df8      0x104 _build/nrf52840_xxaa/nrfx_uarte.c.o
                0x0000000000029df8                nrfx_uarte_uninit
 .text.nrfx_uarte_tx
                0x0000000000029efc       0xa8 _build/nrf52840_xxaa/nrfx_uarte.c.o
                0x0000000000029efc                nrfx_uarte_tx
 .text.bsp_event_to_button_action_assign
                0x0000000000029fa4       0x54 _build/nrf52840_xxaa/bsp.c.o
                0x0000000000029fa4                bsp_event_to_button_action_assign
 .text.ble_evt_handler
                0x0000000000029ff8       0xac _build/nrf52840_xxaa/bsp_btn_ble.c.o
 .text.sd_ble_gap_conn_param_update
                0x000000000002a0a4        0x4 _build/nrf52840_xxaa/main.c.o
 .text.sd_ble_gap_disconnect
                0x000000000002a0a8        0x4 _build/nrf52840_xxaa/main.c.o
 .text.sd_ble_gap_phy_update
                0x000000000002a0ac        0x4 _build/nrf52840_xxaa/main.c.o
 .text.db_disc_handler
                0x000000000002a0b0        0xc _build/nrf52840_xxaa/main.c.o
 .text.scan_evt_handler
                0x000000000002a0bc       0x14 _build/nrf52840_xxaa/main.c.o
 .text.button_event_handler
                0x000000000002a0d0       0x54 _build/nrf52840_xxaa/main.c.o
 .text.lbs_c_evt_handler
                0x000000000002a124       0x90 _build/nrf52840_xxaa/main.c.o
 .text.ble_evt_handler
                0x000000000002a1b4      0x104 _build/nrf52840_xxaa/main.c.o
 .text.startup.main
                0x000000000002a2b8      0x17c _build/nrf52840_xxaa/main.c.o
                0x000000000002a2b8                main
 .text.ble_advdata_name_find
                0x000000000002a434       0x74 _build/nrf52840_xxaa/ble_advdata.c.o
                0x000000000002a434                ble_advdata_name_find
 .text.ble_evt_handler
                0x000000000002a4a8      0x124 _build/nrf52840_xxaa/ble_conn_state.c.o
 .text.sd_ble_gattc_primary_services_discover
                0x000000000002a5cc        0x4 _build/nrf52840_xxaa/ble_db_discovery.c.o
 .text.sd_ble_gattc_characteristics_discover
                0x000000000002a5d0        0x4 _build/nrf52840_xxaa/ble_db_discovery.c.o
 .text.sd_ble_gattc_descriptors_discover
                0x000000000002a5d4        0x4 _build/nrf52840_xxaa/ble_db_discovery.c.o
 .text.discovery_error_evt_trigger
                0x000000000002a5d8       0xd8 _build/nrf52840_xxaa/ble_db_discovery.c.o
 .text.discovery_complete_evt_trigger
                0x000000000002a6b0      0x12c _build/nrf52840_xxaa/ble_db_discovery.c.o
 .text.descriptors_discover
                0x000000000002a7dc       0xcc _build/nrf52840_xxaa/ble_db_discovery.c.o
 .text.ble_db_discovery_init
                0x000000000002a8a8       0x34 _build/nrf52840_xxaa/ble_db_discovery.c.o
                0x000000000002a8a8                ble_db_discovery_init
 .text.ble_db_discovery_evt_register
                0x000000000002a8dc       0xcc _build/nrf52840_xxaa/ble_db_discovery.c.o
                0x000000000002a8dc                ble_db_discovery_evt_register
 .text.ble_db_discovery_start
                0x000000000002a9a8       0x84 _build/nrf52840_xxaa/ble_db_discovery.c.o
                0x000000000002a9a8                ble_db_discovery_start
 .text.ble_db_discovery_on_ble_evt
                0x000000000002aa2c      0xa04 _build/nrf52840_xxaa/ble_db_discovery.c.o
                0x000000000002aa2c                ble_db_discovery_on_ble_evt
 .text.sd_ble_gap_data_length_update
                0x000000000002b430        0x4 _build/nrf52840_xxaa/nrf_ble_gatt.c.o
 .text.sd_ble_gattc_exchange_mtu_request
                0x000000000002b434        0x4 _build/nrf52840_xxaa/nrf_ble_gatt.c.o
 .text.sd_ble_gatts_exchange_mtu_reply
                0x000000000002b438        0x4 _build/nrf52840_xxaa/nrf_ble_gatt.c.o
 .text.data_length_update.constprop.0
                0x000000000002b43c       0x8c _build/nrf52840_xxaa/nrf_ble_gatt.c.o
 .text.nrf_ble_gatt_init
                0x000000000002b4c8       0x28 _build/nrf52840_xxaa/nrf_ble_gatt.c.o
                0x000000000002b4c8                nrf_ble_gatt_init
 .text.nrf_ble_gatt_on_ble_evt
                0x000000000002b4f0      0x1c8 _build/nrf52840_xxaa/nrf_ble_gatt.c.o
                0x000000000002b4f0                nrf_ble_gatt_on_ble_evt
 .text.sd_ble_gap_scan_start
                0x000000000002b6b8        0x4 _build/nrf52840_xxaa/nrf_ble_scan.c.o
 .text.sd_ble_gap_scan_stop
                0x000000000002b6bc        0x4 _build/nrf52840_xxaa/nrf_ble_scan.c.o
 .text.sd_ble_gap_connect
                0x000000000002b6c0        0x4 _build/nrf52840_xxaa/nrf_ble_scan.c.o
 .text.nrf_ble_scan_filter_set
                0x000000000002b6c4       0x64 _build/nrf52840_xxaa/nrf_ble_scan.c.o
                0x000000000002b6c4                nrf_ble_scan_filter_set
 .text.nrf_ble_scan_filters_enable
                0x000000000002b728       0x28 _build/nrf52840_xxaa/nrf_ble_scan.c.o
                0x000000000002b728                nrf_ble_scan_filters_enable
 .text.nrf_ble_scan_init
                0x000000000002b750       0xac _build/nrf52840_xxaa/nrf_ble_scan.c.o
                0x000000000002b750                nrf_ble_scan_init
 .text.nrf_ble_scan_start
                0x000000000002b7fc       0x74 _build/nrf52840_xxaa/nrf_ble_scan.c.o
                0x000000000002b7fc                nrf_ble_scan_start
 .text.nrf_ble_scan_on_ble_evt
                0x000000000002b870      0x238 _build/nrf52840_xxaa/nrf_ble_scan.c.o
                0x000000000002b870                nrf_ble_scan_on_ble_evt
 .text.sd_ble_gattc_read
                0x000000000002baa8        0x4 _build/nrf52840_xxaa/ble_lbs_c.c.o
 .text.sd_ble_gattc_write
                0x000000000002baac        0x4 _build/nrf52840_xxaa/ble_lbs_c.c.o
 .text.sd_ble_uuid_vs_add
                0x000000000002bab0        0x4 _build/nrf52840_xxaa/ble_lbs_c.c.o
 .text.ble_lbs_on_db_disc_evt
                0x000000000002bab4      0x1f8 _build/nrf52840_xxaa/ble_lbs_c.c.o
                0x000000000002bab4                ble_lbs_on_db_disc_evt
 .text.ble_lbs_c_init
                0x000000000002bcac       0x5c _build/nrf52840_xxaa/ble_lbs_c.c.o
                0x000000000002bcac                ble_lbs_c_init
 .text.ble_lbs_c_on_ble_evt
                0x000000000002bd08       0xb4 _build/nrf52840_xxaa/ble_lbs_c.c.o
                0x000000000002bd08                ble_lbs_c_on_ble_evt
 .text.ble_lbs_c_button_notif_enable
                0x000000000002bdbc       0x98 _build/nrf52840_xxaa/ble_lbs_c.c.o
                0x000000000002bdbc                ble_lbs_c_button_notif_enable
 .text.ble_lbs_led_status_send
                0x000000000002be54       0xa4 _build/nrf52840_xxaa/ble_lbs_c.c.o
                0x000000000002be54                ble_lbs_led_status_send
 .text.ble_lbs_c_handles_assign
                0x000000000002bef8       0x18 _build/nrf52840_xxaa/ble_lbs_c.c.o
                0x000000000002bef8                ble_lbs_c_handles_assign
 .text.sd_softdevice_enable
                0x000000000002bf10        0x4 _build/nrf52840_xxaa/nrf_sdh.c.o
 .text.nrf_sdh_enable_request
                0x000000000002bf14      0x118 _build/nrf52840_xxaa/nrf_sdh.c.o
                0x000000000002bf14                nrf_sdh_enable_request
 .text.nrf_sdh_is_enabled
                0x000000000002c02c        0xc _build/nrf52840_xxaa/nrf_sdh.c.o
                0x000000000002c02c                nrf_sdh_is_enabled
 .text.SWI2_EGU2_IRQHandler
                0x000000000002c038       0x2c _build/nrf52840_xxaa/nrf_sdh.c.o
                0x000000000002c038                SWI2_EGU2_IRQHandler
 .text.sd_ble_enable
                0x000000000002c064        0x4 _build/nrf52840_xxaa/nrf_sdh_ble.c.o
 .text.sd_ble_cfg_set
                0x000000000002c068        0x4 _build/nrf52840_xxaa/nrf_sdh_ble.c.o
 .text.sd_ble_evt_get
                0x000000000002c06c        0x4 _build/nrf52840_xxaa/nrf_sdh_ble.c.o
 .text.nrf_sdh_ble_evts_poll
                0x000000000002c070       0x5c _build/nrf52840_xxaa/nrf_sdh_ble.c.o
 .text.nrf_sdh_ble_default_cfg_set
                0x000000000002c0cc      0x17c _build/nrf52840_xxaa/nrf_sdh_ble.c.o
                0x000000000002c0cc                nrf_sdh_ble_default_cfg_set
 .text.nrf_sdh_ble_enable
                0x000000000002c248       0xa0 _build/nrf52840_xxaa/nrf_sdh_ble.c.o
                0x000000000002c248                nrf_sdh_ble_enable
 .text.sd_evt_get
                0x000000000002c2e8        0x4 _build/nrf52840_xxaa/nrf_sdh_soc.c.o
 .text.nrf_sdh_soc_evts_poll
                0x000000000002c2ec       0x4c _build/nrf52840_xxaa/nrf_sdh_soc.c.o
 .text.exit     0x000000000002c338       0x28 /opt/gcc-arm-none-eabi-9-2020-q2-update/bin/../lib/gcc/arm-none-eabi/9.3.1/../../../../arm-none-eabi/lib/thumb/v7e-m+fp/hard/libc_nano.a(lib_a-exit.o)
                0x000000000002c338                exit
 .text.__libc_init_array
                0x000000000002c360       0x48 /opt/gcc-arm-none-eabi-9-2020-q2-update/bin/../lib/gcc/arm-none-eabi/9.3.1/../../../../arm-none-eabi/lib/thumb/v7e-m+fp/hard/libc_nano.a(lib_a-init.o)
                0x000000000002c360                __libc_init_array
 .text.memcmp   0x000000000002c3a8       0x1c /opt/gcc-arm-none-eabi-9-2020-q2-update/bin/../lib/gcc/arm-none-eabi/9.3.1/../../../../arm-none-eabi/lib/thumb/v7e-m+fp/hard/libc_nano.a(lib_a-memcmp.o)
                0x000000000002c3a8                memcmp
 .text.memcpy   0x000000000002c3c4       0x1c /opt/gcc-arm-none-eabi-9-2020-q2-update/bin/../lib/gcc/arm-none-eabi/9.3.1/../../../../arm-none-eabi/lib/thumb/v7e-m+fp/hard/libc_nano.a(lib_a-memcpy-stub.o)
                0x000000000002c3c4                memcpy
 .text.memset   0x000000000002c3e0       0x10 /opt/gcc-arm-none-eabi-9-2020-q2-update/bin/../lib/gcc/arm-none-eabi/9.3.1/../../../../arm-none-eabi/lib/thumb/v7e-m+fp/hard/libc_nano.a(lib_a-memset.o)
                0x000000000002c3e0                memset
 .text          0x000000000002c3f0       0x14 /opt/gcc-arm-none-eabi-9-2020-q2-update/bin/../lib/gcc/arm-none-eabi/9.3.1/../../../../arm-none-eabi/lib/thumb/v7e-m+fp/hard/libc_nano.a(lib_a-strcmp.o)
                0x000000000002c3f0                strcmp
 .text          0x000000000002c404       0x10 /opt/gcc-arm-none-eabi-9-2020-q2-update/bin/../lib/gcc/arm-none-eabi/9.3.1/../../../../arm-none-eabi/lib/thumb/v7e-m+fp/hard/libc_nano.a(lib_a-strlen.o)
                0x000000000002c404                strlen
 .text._exit    0x000000000002c414        0x4 /opt/gcc-arm-none-eabi-9-2020-q2-update/bin/../lib/gcc/arm-none-eabi/9.3.1/../../../../arm-none-eabi/lib/thumb/v7e-m+fp/hard/libnosys.a(_exit.o)
                0x000000000002c414                _exit
 *(.init)
 .init          0x000000000002c418        0x4 /opt/gcc-arm-none-eabi-9-2020-q2-update/bin/../lib/gcc/arm-none-eabi/9.3.1/thumb/v7e-m+fp/hard/crti.o
                0x000000000002c418                _init
 .init          0x000000000002c41c        0x8 /opt/gcc-arm-none-eabi-9-2020-q2-update/bin/../lib/gcc/arm-none-eabi/9.3.1/thumb/v7e-m+fp/hard/crtn.o
 *(.fini)
 .fini          0x000000000002c424        0x4 /opt/gcc-arm-none-eabi-9-2020-q2-update/bin/../lib/gcc/arm-none-eabi/9.3.1/thumb/v7e-m+fp/hard/crti.o
                0x000000000002c424                _fini
 .fini          0x000000000002c428        0x8 /opt/gcc-arm-none-eabi-9-2020-q2-update/bin/../lib/gcc/arm-none-eabi/9.3.1/thumb/v7e-m+fp/hard/crtn.o
 *crtbegin.o(.ctors)
 *crtbegin?.o(.ctors)
 *(EXCLUDE_FILE(*crtend.o *crtend?.o) .ctors)
 *(SORT_BY_NAME(.ctors.*))
 *(.ctors)
 *crtbegin.o(.dtors)
 *crtbegin?.o(.dtors)
 *(EXCLUDE_FILE(*crtend.o *crtend?.o) .dtors)
 *(SORT_BY_NAME(.dtors.*))
 *(.dtors)
 *(.rodata*)
 .rodata        0x000000000002c430       0x20 _build/nrf52840_xxaa/nrf_log_backend_uart.c.o
 .rodata.nrf_log_backend_uart_api
                0x000000000002c450        0xc _build/nrf52840_xxaa/nrf_log_backend_uart.c.o
                0x000000000002c450                nrf_log_backend_uart_api
 .rodata.str1.4
                0x000000000002c45c       0x11 _build/nrf52840_xxaa/nrf_log_default_backends.c.o
 *fill*         0x000000000002c46d        0x3 
 .rodata.nrf_log_frontend_dequeue.str1.4
                0x000000000002c470       0x11 _build/nrf52840_xxaa/nrf_log_frontend.c.o
 *fill*         0x000000000002c481        0x3 
 .rodata.str1.4
                0x000000000002c484        0x4 _build/nrf52840_xxaa/nrf_log_frontend.c.o
 .rodata.m_log_push_ringbuf
                0x000000000002c488        0xc _build/nrf52840_xxaa/nrf_log_frontend.c.o
 .rodata.prefix_process.str1.4
                0x000000000002c494       0x36 _build/nrf52840_xxaa/nrf_log_str_formatter.c.o
 *fill*         0x000000000002c4ca        0x2 
 .rodata.nrf_log_std_entry_process.str1.4
                0x000000000002c4cc        0x3 _build/nrf52840_xxaa/nrf_log_str_formatter.c.o
 *fill*         0x000000000002c4cf        0x1 
 .rodata.nrf_log_hexdump_entry_process.str1.4
                0x000000000002c4d0       0x13 _build/nrf52840_xxaa/nrf_log_str_formatter.c.o
                                         0x16 (size before relaxing)
 *fill*         0x000000000002c4e3        0x1 
 .rodata.str1.4
                0x000000000002c4e4       0x56 _build/nrf52840_xxaa/nrf_log_str_formatter.c.o
 *fill*         0x000000000002c53a        0x2 
 .rodata.m_colors
                0x000000000002c53c       0x24 _build/nrf52840_xxaa/nrf_log_str_formatter.c.o
 .rodata.severity_names
                0x000000000002c560       0x14 _build/nrf52840_xxaa/nrf_log_str_formatter.c.o
 .rodata.m_detection_delay_timer_id
                0x000000000002c574        0x4 _build/nrf52840_xxaa/app_button.c.o
 .rodata.app_error_fault_handler.str1.4
                0x000000000002c578       0x19 _build/nrf52840_xxaa/app_error_weak.c.o
 *fill*         0x000000000002c591        0xf 
 .rodata.delay_machine_code.9144
                0x000000000002c5a0        0x6 _build/nrf52840_xxaa/app_timer.c.o
 *fill*         0x000000000002c5a6        0x2 
 .rodata._aV2C.7805
                0x000000000002c5a8       0x10 _build/nrf52840_xxaa/nrf_fprintf_format.c.o
 .rodata.str1.4
                0x000000000002c5b8        0x9 _build/nrf52840_xxaa/nrf_pwr_mgmt.c.o
 *fill*         0x000000000002c5c1        0x3 
 .rodata.pwr_mgmt_data
                0x000000000002c5c4        0xc _build/nrf52840_xxaa/nrf_pwr_mgmt.c.o
 .rodata.str1.4
                0x000000000002c5d0      0x3e9 _build/nrf52840_xxaa/nrf_strerror.c.o
 *fill*         0x000000000002c9b9        0x3 
 .rodata.m_unknown_str
                0x000000000002c9bc       0x13 _build/nrf52840_xxaa/nrf_strerror.c.o
 *fill*         0x000000000002c9cf        0x1 
 .rodata.nrf_strerror_array
                0x000000000002c9d0      0x128 _build/nrf52840_xxaa/nrf_strerror.c.o
 .rodata.m_board_led_list
                0x000000000002caf8        0x4 _build/nrf52840_xxaa/boards.c.o
 .rodata.str1.4
                0x000000000002cafc        0x6 _build/nrf52840_xxaa/nrf_drv_clock.c.o
 *fill*         0x000000000002cb02        0x2 
 .rodata.str1.4
                0x000000000002cb04        0x6 _build/nrf52840_xxaa/nrfx_clock.c.o
 *fill*         0x000000000002cb0a        0x2 
 .rodata.str1.4
                0x000000000002cb0c        0x7 _build/nrf52840_xxaa/nrfx_gpiote.c.o
 *fill*         0x000000000002cb13        0x1 
 .rodata.str1.4
                0x000000000002cb14        0x4 _build/nrf52840_xxaa/nrfx_prs.c.o
 .rodata.str1.4
                0x000000000002cb18        0x5 _build/nrf52840_xxaa/nrfx_uart.c.o
 *fill*         0x000000000002cb1d        0x3 
 .rodata.str1.4
                0x000000000002cb20        0x6 _build/nrf52840_xxaa/nrfx_uarte.c.o
 *fill*         0x000000000002cb26        0x2 
 .rodata.button_event_handler.str1.4
                0x000000000002cb28       0x17 _build/nrf52840_xxaa/main.c.o
 *fill*         0x000000000002cb3f        0x1 
 .rodata.lbs_c_evt_handler.str1.4
                0x000000000002cb40       0x5a _build/nrf52840_xxaa/main.c.o
 *fill*         0x000000000002cb9a        0x2 
 .rodata.ble_evt_handler.str1.4
                0x000000000002cb9c       0x1a _build/nrf52840_xxaa/main.c.o
 *fill*         0x000000000002cbb6        0x2 
 .rodata.main.str1.4
                0x000000000002cbb8       0x20 _build/nrf52840_xxaa/main.c.o
 .rodata.m_target_periph_name
                0x000000000002cbd8        0xe _build/nrf52840_xxaa/main.c.o
 *fill*         0x000000000002cbe6        0x2 
 .rodata.ble_db_discovery_on_ble_evt.str1.4
                0x000000000002cbe8       0xa2 _build/nrf52840_xxaa/ble_db_discovery.c.o
 *fill*         0x000000000002cc8a        0x2 
 .rodata.str1.4
                0x000000000002cc8c        0xc _build/nrf52840_xxaa/ble_db_discovery.c.o
 .rodata.data_length_update.constprop.0.str1.4
                0x000000000002cc98       0xe2 _build/nrf52840_xxaa/nrf_ble_gatt.c.o
 *fill*         0x000000000002cd7a        0x2 
 .rodata.nrf_ble_gatt_on_ble_evt.str1.4
                0x000000000002cd7c       0x63 _build/nrf52840_xxaa/nrf_ble_gatt.c.o
 *fill*         0x000000000002cddf        0x1 
 .rodata.str1.4
                0x000000000002cde0        0xd _build/nrf52840_xxaa/nrf_ble_gatt.c.o
 *fill*         0x000000000002cded        0x3 
 .rodata.nrf_ble_scan_start.str1.4
                0x000000000002cdf0       0x24 _build/nrf52840_xxaa/nrf_ble_scan.c.o
 .rodata.str1.4
                0x000000000002ce14        0x9 _build/nrf52840_xxaa/nrf_ble_scan.c.o
 *fill*         0x000000000002ce1d        0x3 
 .rodata.str1.4
                0x000000000002ce20        0xa _build/nrf52840_xxaa/ble_lbs_c.c.o
 *fill*         0x000000000002ce2a        0x2 
 .rodata        0x000000000002ce2c       0x10 _build/nrf52840_xxaa/ble_lbs_c.c.o
 .rodata.str1.4
                0x000000000002ce3c        0x8 _build/nrf52840_xxaa/nrf_sdh.c.o
 .rodata        0x000000000002ce44        0x4 _build/nrf52840_xxaa/nrf_sdh.c.o
 .rodata.sdh_req_observers
                0x000000000002ce48        0xc _build/nrf52840_xxaa/nrf_sdh.c.o
 .rodata.sdh_stack_observers
                0x000000000002ce54        0xc _build/nrf52840_xxaa/nrf_sdh.c.o
 .rodata.sdh_state_observers
                0x000000000002ce60        0xc _build/nrf52840_xxaa/nrf_sdh.c.o
 .rodata.nrf_sdh_ble_default_cfg_set.str1.4
                0x000000000002ce6c      0x187 _build/nrf52840_xxaa/nrf_sdh_ble.c.o
 *fill*         0x000000000002cff3        0x1 
 .rodata.nrf_sdh_ble_enable.str1.4
                0x000000000002cff4       0xad _build/nrf52840_xxaa/nrf_sdh_ble.c.o
 *fill*         0x000000000002d0a1        0x3 
 .rodata.str1.4
                0x000000000002d0a4        0xc _build/nrf52840_xxaa/nrf_sdh_ble.c.o
 .rodata.sdh_ble_observers
                0x000000000002d0b0        0xc _build/nrf52840_xxaa/nrf_sdh_ble.c.o
 .rodata.str1.4
                0x000000000002d0bc        0xc _build/nrf52840_xxaa/nrf_sdh_soc.c.o
 .rodata.sdh_soc_observers
                0x000000000002d0c8        0xc _build/nrf52840_xxaa/nrf_sdh_soc.c.o
 .rodata._ctype_
                0x000000000002d0d4      0x101 /opt/gcc-arm-none-eabi-9-2020-q2-update/bin/../lib/gcc/arm-none-eabi/9.3.1/../../../../arm-none-eabi/lib/thumb/v7e-m+fp/hard/libc_nano.a(lib_a-ctype_.o)
                0x000000000002d0d4                _ctype_
 *fill*         0x000000000002d1d5        0x3 
 .rodata._global_impure_ptr
                0x000000000002d1d8        0x4 /opt/gcc-arm-none-eabi-9-2020-q2-update/bin/../lib/gcc/arm-none-eabi/9.3.1/../../../../arm-none-eabi/lib/thumb/v7e-m+fp/hard/libc_nano.a(lib_a-impure.o)
                0x000000000002d1d8                _global_impure_ptr
 *(.eh_frame*)
 .eh_frame      0x000000000002d1dc        0x0 /opt/gcc-arm-none-eabi-9-2020-q2-update/bin/../lib/gcc/arm-none-eabi/9.3.1/thumb/v7e-m+fp/hard/crtbegin.o
 .eh_frame      0x000000000002d1dc        0x4 /opt/gcc-arm-none-eabi-9-2020-q2-update/bin/../lib/gcc/arm-none-eabi/9.3.1/thumb/v7e-m+fp/hard/crtend.o

.glue_7         0x000000000002d1e0        0x0
 .glue_7        0x000000000002d1e0        0x0 linker stubs

.glue_7t        0x000000000002d1e0        0x0
 .glue_7t       0x000000000002d1e0        0x0 linker stubs

.vfp11_veneer   0x000000000002d1e0        0x0
 .vfp11_veneer  0x000000000002d1e0        0x0 linker stubs

.v4_bx          0x000000000002d1e0        0x0
 .v4_bx         0x000000000002d1e0        0x0 linker stubs

.iplt           0x000000000002d1e0        0x0
 .iplt          0x000000000002d1e0        0x0 /opt/gcc-arm-none-eabi-9-2020-q2-update/bin/../lib/gcc/arm-none-eabi/9.3.1/thumb/v7e-m+fp/hard/crtbegin.o

.mem_section_dummy_rom

.sdh_soc_observers
                0x000000000002d1e0        0x8
                0x000000000002d1e0                PROVIDE (__start_sdh_soc_observers = .)
 *(SORT_BY_NAME(.sdh_soc_observers*))
 .sdh_soc_observers0
                0x000000000002d1e0        0x8 _build/nrf52840_xxaa/nrf_drv_clock.c.o
                0x000000000002d1e8                PROVIDE (__stop_sdh_soc_observers = .)

.sdh_ble_observers
                0x000000000002d1e8       0x38
                0x000000000002d1e8                PROVIDE (__start_sdh_ble_observers = .)
 *(SORT_BY_NAME(.sdh_ble_observers*))
 .sdh_ble_observers0
                0x000000000002d1e8        0x8 _build/nrf52840_xxaa/ble_conn_state.c.o
 .sdh_ble_observers1
                0x000000000002d1f0        0x8 _build/nrf52840_xxaa/bsp_btn_ble.c.o
 .sdh_ble_observers1
                0x000000000002d1f8       0x18 _build/nrf52840_xxaa/main.c.o
 .sdh_ble_observers2
                0x000000000002d210        0x8 _build/nrf52840_xxaa/main.c.o
 .sdh_ble_observers3
                0x000000000002d218        0x8 _build/nrf52840_xxaa/main.c.o
                0x000000000002d220                PROVIDE (__stop_sdh_ble_observers = .)

.pwr_mgmt_data  0x000000000002d220        0x0
                0x000000000002d220                PROVIDE (__start_pwr_mgmt_data = .)
 *(SORT_BY_NAME(.pwr_mgmt_data*))
                0x000000000002d220                PROVIDE (__stop_pwr_mgmt_data = .)

.log_const_data
                0x000000000002d220       0x78
                0x000000000002d220                PROVIDE (__start_log_const_data = .)
 *(SORT_BY_NAME(.log_const_data*))
 .log_const_data_CLOCK
                0x000000000002d220        0x8 _build/nrf52840_xxaa/nrfx_clock.c.o
                0x000000000002d220                m_nrf_log_CLOCK_logs_data_const
 .log_const_data_GPIOTE
                0x000000000002d228        0x8 _build/nrf52840_xxaa/nrfx_gpiote.c.o
                0x000000000002d228                m_nrf_log_GPIOTE_logs_data_const
 .log_const_data_PRS
                0x000000000002d230        0x8 _build/nrf52840_xxaa/nrfx_prs.c.o
                0x000000000002d230                m_nrf_log_PRS_logs_data_const
 .log_const_data_UART
                0x000000000002d238        0x8 _build/nrf52840_xxaa/nrfx_uart.c.o
                0x000000000002d238                m_nrf_log_UART_logs_data_const
 .log_const_data_UARTE
                0x000000000002d240        0x8 _build/nrf52840_xxaa/nrfx_uarte.c.o
                0x000000000002d240                m_nrf_log_UARTE_logs_data_const
 .log_const_data_app
                0x000000000002d248        0x8 _build/nrf52840_xxaa/nrf_log_frontend.c.o
                0x000000000002d248                m_nrf_log_app_logs_data_const
 .log_const_data_ble_db_disc
                0x000000000002d250        0x8 _build/nrf52840_xxaa/ble_db_discovery.c.o
                0x000000000002d250                m_nrf_log_ble_db_disc_logs_data_const
 .log_const_data_ble_lbs_c
                0x000000000002d258        0x8 _build/nrf52840_xxaa/ble_lbs_c.c.o
                0x000000000002d258                m_nrf_log_ble_lbs_c_logs_data_const
 .log_const_data_ble_scan
                0x000000000002d260        0x8 _build/nrf52840_xxaa/nrf_ble_scan.c.o
                0x000000000002d260                m_nrf_log_ble_scan_logs_data_const
 .log_const_data_clock
                0x000000000002d268        0x8 _build/nrf52840_xxaa/nrf_drv_clock.c.o
                0x000000000002d268                m_nrf_log_clock_logs_data_const
 .log_const_data_nrf_ble_gatt
                0x000000000002d270        0x8 _build/nrf52840_xxaa/nrf_ble_gatt.c.o
                0x000000000002d270                m_nrf_log_nrf_ble_gatt_logs_data_const
 .log_const_data_nrf_sdh
                0x000000000002d278        0x8 _build/nrf52840_xxaa/nrf_sdh.c.o
                0x000000000002d278                m_nrf_log_nrf_sdh_logs_data_const
 .log_const_data_nrf_sdh_ble
                0x000000000002d280        0x8 _build/nrf52840_xxaa/nrf_sdh_ble.c.o
                0x000000000002d280                m_nrf_log_nrf_sdh_ble_logs_data_const
 .log_const_data_nrf_sdh_soc
                0x000000000002d288        0x8 _build/nrf52840_xxaa/nrf_sdh_soc.c.o
                0x000000000002d288                m_nrf_log_nrf_sdh_soc_logs_data_const
 .log_const_data_pwr_mgmt
                0x000000000002d290        0x8 _build/nrf52840_xxaa/nrf_pwr_mgmt.c.o
                0x000000000002d290                m_nrf_log_pwr_mgmt_logs_data_const
                0x000000000002d298                PROVIDE (__stop_log_const_data = .)

.nrf_balloc     0x000000000002d298       0x14
                [!provide]                        PROVIDE (__start_nrf_balloc = .)
 *(.nrf_balloc)
 .nrf_balloc    0x000000000002d298       0x14 _build/nrf52840_xxaa/nrf_log_frontend.c.o
                0x000000000002d298                log_mempool
                [!provide]                        PROVIDE (__stop_nrf_balloc = .)

.sdh_req_observers
                0x000000000002d2ac        0x0
                0x000000000002d2ac                PROVIDE (__start_sdh_req_observers = .)
 *(SORT_BY_NAME(.sdh_req_observers*))
                0x000000000002d2ac                PROVIDE (__stop_sdh_req_observers = .)

.sdh_state_observers
                0x000000000002d2ac        0x8
                0x000000000002d2ac                PROVIDE (__start_sdh_state_observers = .)
 *(SORT_BY_NAME(.sdh_state_observers*))
 .sdh_state_observers0
                0x000000000002d2ac        0x8 _build/nrf52840_xxaa/nrf_drv_clock.c.o
                0x000000000002d2b4                PROVIDE (__stop_sdh_state_observers = .)

.sdh_stack_observers
                0x000000000002d2b4       0x10
                0x000000000002d2b4                PROVIDE (__start_sdh_stack_observers = .)
 *(SORT_BY_NAME(.sdh_stack_observers*))
 .sdh_stack_observers0
                0x000000000002d2b4        0x8 _build/nrf52840_xxaa/nrf_sdh_ble.c.o
 .sdh_stack_observers0
                0x000000000002d2bc        0x8 _build/nrf52840_xxaa/nrf_sdh_soc.c.o
                0x000000000002d2c4                PROVIDE (__stop_sdh_stack_observers = .)

.nrf_queue      0x000000000002d2c4        0x0
                [!provide]                        PROVIDE (__start_nrf_queue = .)
 *(.nrf_queue)
                [!provide]                        PROVIDE (__stop_nrf_queue = .)

.cli_command    0x000000000002d2c4        0x0
                [!provide]                        PROVIDE (__start_cli_command = .)
 *(.cli_command)
                [!provide]                        PROVIDE (__stop_cli_command = .)

.crypto_data    0x000000000002d2c4        0x0
                [!provide]                        PROVIDE (__start_crypto_data = .)
 *(SORT_BY_NAME(.crypto_data*))
                [!provide]                        PROVIDE (__stop_crypto_data = .)

.log_backends   0x000000000002d2c4       0x10
                [!provide]                        PROVIDE (__start_log_backends = .)
 *(SORT_BY_NAME(.log_backends*))
 .log_backends  0x000000000002d2c4       0x10 _build/nrf52840_xxaa/nrf_log_default_backends.c.o
                [!provide]                        PROVIDE (__stop_log_backends = .)

.ARM.extab
 *(.ARM.extab* .gnu.linkonce.armextab.*)
                0x000000000002d2d4                __exidx_start = .

.ARM.exidx      0x000000000002d2d4        0x8
 *(.ARM.exidx* .gnu.linkonce.armexidx.*)
 .ARM.exidx     0x000000000002d2d4        0x8 /opt/gcc-arm-none-eabi-9-2020-q2-update/bin/../lib/gcc/arm-none-eabi/9.3.1/../../../../arm-none-eabi/lib/thumb/v7e-m+fp/hard/crt0.o
                                         0x10 (size before relaxing)
                0x000000000002d2dc                __exidx_end = .
                0x000000000002d2dc                __etext = .

.rel.dyn        0x000000000002d2dc        0x0
 .rel.iplt      0x000000000002d2dc        0x0 /opt/gcc-arm-none-eabi-9-2020-q2-update/bin/../lib/gcc/arm-none-eabi/9.3.1/thumb/v7e-m+fp/hard/crtbegin.o

.data           0x0000000020001d70      0x35c load address 0x000000000002d2dc
                0x0000000020001d70                __data_start__ = .
 *(vtable)
 *(.data*)
 .data.m_uart   0x0000000020001d70       0x14 _build/nrf52840_xxaa/nrf_log_backend_uart.c.o
                0x0000000020001d70                m_uart
 .data.log_backend_cb_uart_log_backend
                0x0000000020001d84        0x8 _build/nrf52840_xxaa/nrf_log_default_backends.c.o
 .data.SystemCoreClock
                0x0000000020001d8c        0x4 _build/nrf52840_xxaa/system_nrf52840.c.o
                0x0000000020001d8c                SystemCoreClock
 .data.buttons.12005
                0x0000000020001d90        0x8 _build/nrf52840_xxaa/main.c.o
 .data.m_db_disc
                0x0000000020001d98      0x2cc _build/nrf52840_xxaa/main.c.o
 .data.impure_data
                0x0000000020002064       0x60 /opt/gcc-arm-none-eabi-9-2020-q2-update/bin/../lib/gcc/arm-none-eabi/9.3.1/../../../../arm-none-eabi/lib/thumb/v7e-m+fp/hard/libc_nano.a(lib_a-impure.o)
                0x00000000200020c4                . = ALIGN (0x4)
                0x00000000200020c4                PROVIDE (__preinit_array_start = .)
 *(.preinit_array)
                0x00000000200020c4                PROVIDE (__preinit_array_end = .)
                0x00000000200020c4                . = ALIGN (0x4)
                0x00000000200020c4                PROVIDE (__init_array_start = .)
 *(SORT_BY_NAME(.init_array.*))
 *(.init_array)
 .init_array    0x00000000200020c4        0x4 /opt/gcc-arm-none-eabi-9-2020-q2-update/bin/../lib/gcc/arm-none-eabi/9.3.1/thumb/v7e-m+fp/hard/crtbegin.o
                0x00000000200020c8                PROVIDE (__init_array_end = .)
                0x00000000200020c8                . = ALIGN (0x4)
                [!provide]                        PROVIDE (__fini_array_start = .)
 *(SORT_BY_NAME(.fini_array.*))
 *(.fini_array)
 .fini_array    0x00000000200020c8        0x4 /opt/gcc-arm-none-eabi-9-2020-q2-update/bin/../lib/gcc/arm-none-eabi/9.3.1/thumb/v7e-m+fp/hard/crtbegin.o
                [!provide]                        PROVIDE (__fini_array_end = .)
 *(.jcr*)
                0x00000000200020cc                . = ALIGN (0x4)
                0x00000000200020cc                __data_end__ = .
LOAD /opt/gcc-arm-none-eabi-9-2020-q2-update/bin/../lib/gcc/arm-none-eabi/9.3.1/thumb/v7e-m+fp/hard/crti.o
LOAD /opt/gcc-arm-none-eabi-9-2020-q2-update/bin/../lib/gcc/arm-none-eabi/9.3.1/thumb/v7e-m+fp/hard/crtbegin.o
LOAD /opt/gcc-arm-none-eabi-9-2020-q2-update/bin/../lib/gcc/arm-none-eabi/9.3.1/../../../../arm-none-eabi/lib/thumb/v7e-m+fp/hard/crt0.o
LOAD _build/nrf52840_xxaa/gcc_startup_nrf52840.S.o
LOAD _build/nrf52840_xxaa/nrf_log_backend_rtt.c.o
LOAD _build/nrf52840_xxaa/nrf_log_backend_serial.c.o
LOAD _build/nrf52840_xxaa/nrf_log_backend_uart.c.o
LOAD _build/nrf52840_xxaa/nrf_log_default_backends.c.o
LOAD _build/nrf52840_xxaa/nrf_log_frontend.c.o
LOAD _build/nrf52840_xxaa/nrf_log_str_formatter.c.o
LOAD _build/nrf52840_xxaa/app_button.c.o
LOAD _build/nrf52840_xxaa/app_error.c.o
LOAD _build/nrf52840_xxaa/app_error_handler_gcc.c.o
LOAD _build/nrf52840_xxaa/app_error_weak.c.o
LOAD _build/nrf52840_xxaa/app_scheduler.c.o
LOAD _build/nrf52840_xxaa/app_timer.c.o
LOAD _build/nrf52840_xxaa/app_util_platform.c.o
LOAD _build/nrf52840_xxaa/hardfault_implementation.c.o
LOAD _build/nrf52840_xxaa/nrf_assert.c.o
LOAD _build/nrf52840_xxaa/nrf_atfifo.c.o
LOAD _build/nrf52840_xxaa/nrf_atflags.c.o
LOAD _build/nrf52840_xxaa/nrf_atomic.c.o
LOAD _build/nrf52840_xxaa/nrf_balloc.c.o
LOAD _build/nrf52840_xxaa/nrf_fprintf.c.o
LOAD _build/nrf52840_xxaa/nrf_fprintf_format.c.o
LOAD _build/nrf52840_xxaa/nrf_memobj.c.o
LOAD _build/nrf52840_xxaa/nrf_pwr_mgmt.c.o
LOAD _build/nrf52840_xxaa/nrf_ringbuf.c.o
LOAD _build/nrf52840_xxaa/nrf_section_iter.c.o
LOAD _build/nrf52840_xxaa/nrf_strerror.c.o
LOAD _build/nrf52840_xxaa/system_nrf52840.c.o
LOAD _build/nrf52840_xxaa/boards.c.o
LOAD _build/nrf52840_xxaa/nrf_drv_clock.c.o
LOAD _build/nrf52840_xxaa/nrf_drv_uart.c.o
LOAD _build/nrf52840_xxaa/nrfx_atomic.c.o
LOAD _build/nrf52840_xxaa/nrfx_clock.c.o
LOAD _build/nrf52840_xxaa/nrfx_gpiote.c.o
LOAD _build/nrf52840_xxaa/nrfx_prs.c.o
LOAD _build/nrf52840_xxaa/nrfx_uart.c.o
LOAD _build/nrf52840_xxaa/nrfx_uarte.c.o
LOAD _build/nrf52840_xxaa/bsp.c.o
LOAD _build/nrf52840_xxaa/bsp_btn_ble.c.o
LOAD _build/nrf52840_xxaa/main.c.o
LOAD _build/nrf52840_xxaa/SEGGER_RTT.c.o
LOAD _build/nrf52840_xxaa/SEGGER_RTT_Syscalls_GCC.c.o
LOAD _build/nrf52840_xxaa/SEGGER_RTT_printf.c.o
LOAD _build/nrf52840_xxaa/ble_advdata.c.o
LOAD _build/nrf52840_xxaa/ble_advertising.c.o
LOAD _build/nrf52840_xxaa/ble_conn_state.c.o
LOAD _build/nrf52840_xxaa/ble_db_discovery.c.o
LOAD _build/nrf52840_xxaa/ble_srv_common.c.o
LOAD _build/nrf52840_xxaa/nrf_ble_gatt.c.o
LOAD _build/nrf52840_xxaa/nrf_ble_scan.c.o
LOAD _build/nrf52840_xxaa/utf.c.o
LOAD _build/nrf52840_xxaa/ble_lbs_c.c.o
LOAD _build/nrf52840_xxaa/nrf_sdh.c.o
LOAD _build/nrf52840_xxaa/nrf_sdh_ble.c.o
LOAD _build/nrf52840_xxaa/nrf_sdh_soc.c.o
LOAD /opt/gcc-arm-none-eabi-9-2020-q2-update/bin/../lib/gcc/arm-none-eabi/9.3.1/../../../../arm-none-eabi/lib/thumb/v7e-m+fp/hard/libc_nano.a
LOAD /opt/gcc-arm-none-eabi-9-2020-q2-update/bin/../lib/gcc/arm-none-eabi/9.3.1/../../../../arm-none-eabi/lib/thumb/v7e-m+fp/hard/libnosys.a
LOAD /opt/gcc-arm-none-eabi-9-2020-q2-update/bin/../lib/gcc/arm-none-eabi/9.3.1/../../../../arm-none-eabi/lib/thumb/v7e-m+fp/hard/libm.a
START GROUP
LOAD /opt/gcc-arm-none-eabi-9-2020-q2-update/bin/../lib/gcc/arm-none-eabi/9.3.1/thumb/v7e-m+fp/hard/libgcc.a
LOAD /opt/gcc-arm-none-eabi-9-2020-q2-update/bin/../lib/gcc/arm-none-eabi/9.3.1/../../../../arm-none-eabi/lib/thumb/v7e-m+fp/hard/libg_nano.a
LOAD /opt/gcc-arm-none-eabi-9-2020-q2-update/bin/../lib/gcc/arm-none-eabi/9.3.1/../../../../arm-none-eabi/lib/thumb/v7e-m+fp/hard/libc_nano.a
END GROUP
START GROUP
LOAD /opt/gcc-arm-none-eabi-9-2020-q2-update/bin/../lib/gcc/arm-none-eabi/9.3.1/thumb/v7e-m+fp/hard/libgcc.a
LOAD /opt/gcc-arm-none-eabi-9-2020-q2-update/bin/../lib/gcc/arm-none-eabi/9.3.1/../../../../arm-none-eabi/lib/thumb/v7e-m+fp/hard/libc_nano.a
END GROUP
LOAD /opt/gcc-arm-none-eabi-9-2020-q2-update/bin/../lib/gcc/arm-none-eabi/9.3.1/thumb/v7e-m+fp/hard/crtend.o
LOAD /opt/gcc-arm-none-eabi-9-2020-q2-update/bin/../lib/gcc/arm-none-eabi/9.3.1/thumb/v7e-m+fp/hard/crtn.o
START GROUP
LOAD /opt/gcc-arm-none-eabi-9-2020-q2-update/bin/../lib/gcc/arm-none-eabi/9.3.1/thumb/v7e-m+fp/hard/libgcc.a
LOAD /opt/gcc-arm-none-eabi-9-2020-q2-update/bin/../lib/gcc/arm-none-eabi/9.3.1/../../../../arm-none-eabi/lib/thumb/v7e-m+fp/hard/libc.a
LOAD /opt/gcc-arm-none-eabi-9-2020-q2-update/bin/../lib/gcc/arm-none-eabi/9.3.1/../../../../arm-none-eabi/lib/thumb/v7e-m+fp/hard/libnosys.a
END GROUP

.igot.plt       0x00000000200020cc        0x0 load address 0x000000000002d638
 .igot.plt      0x00000000200020cc        0x0 /opt/gcc-arm-none-eabi-9-2020-q2-update/bin/../lib/gcc/arm-none-eabi/9.3.1/thumb/v7e-m+fp/hard/crtbegin.o
                0x00000000200020cc                . = ALIGN (0x4)

.mem_section_dummy_ram

.log_dynamic_data
                0x00000000200020cc        0x0
                0x00000000200020cc                PROVIDE (__start_log_dynamic_data = .)
 *(SORT_BY_NAME(.log_dynamic_data*))
                [!provide]                        PROVIDE (__stop_log_dynamic_data = .)

.log_filter_data
                0x00000000200020cc        0x0
                [!provide]                        PROVIDE (__start_log_filter_data = .)
 *(SORT_BY_NAME(.log_filter_data*))
                [!provide]                        PROVIDE (__stop_log_filter_data = .)

.cli_sorted_cmd_ptrs
                0x00000000200020cc        0x0
                [!provide]                        PROVIDE (__start_cli_sorted_cmd_ptrs = .)
 *(.cli_sorted_cmd_ptrs)
                [!provide]                        PROVIDE (__stop_cli_sorted_cmd_ptrs = .)

.fs_data        0x00000000200020cc        0x0
                [!provide]                        PROVIDE (__start_fs_data = .)
 *(.fs_data)
                [!provide]                        PROVIDE (__stop_fs_data = .)

.bss            0x00000000200020d0      0xd60 load address 0x000000000002d640
                0x00000000200020d0                . = ALIGN (0x4)
                0x00000000200020d0                __bss_start__ = .
 *(.bss*)
 .bss           0x00000000200020d0       0x1c /opt/gcc-arm-none-eabi-9-2020-q2-update/bin/../lib/gcc/arm-none-eabi/9.3.1/thumb/v7e-m+fp/hard/crtbegin.o
 .bss.m_async_mode
                0x00000000200020ec        0x1 _build/nrf52840_xxaa/nrf_log_backend_uart.c.o
 *fill*         0x00000000200020ed        0x3 
 .bss.m_string_buff
                0x00000000200020f0       0x40 _build/nrf52840_xxaa/nrf_log_backend_uart.c.o
 .bss.m_xfer_done
                0x0000000020002130        0x1 _build/nrf52840_xxaa/nrf_log_backend_uart.c.o
 *fill*         0x0000000020002131        0x3 
 .bss.log_mempool_nrf_balloc_cb
                0x0000000020002134        0x8 _build/nrf52840_xxaa/nrf_log_frontend.c.o
 .bss.log_mempool_nrf_balloc_pool_mem
                0x000000002000213c       0xc0 _build/nrf52840_xxaa/nrf_log_frontend.c.o
 .bss.log_mempool_nrf_balloc_pool_stack
                0x00000000200021fc        0x8 _build/nrf52840_xxaa/nrf_log_frontend.c.o
 *fill*         0x0000000020002204        0x4 
 .bss.m_log_data
                0x0000000020002208      0x424 _build/nrf52840_xxaa/nrf_log_frontend.c.o
 .bss.m_log_push_ringbuf_buf
                0x000000002000262c       0x80 _build/nrf52840_xxaa/nrf_log_frontend.c.o
 .bss.m_log_push_ringbuf_cb
                0x00000000200026ac       0x18 _build/nrf52840_xxaa/nrf_log_frontend.c.o
 .bss.m_button_count
                0x00000000200026c4        0x1 _build/nrf52840_xxaa/app_button.c.o
 *fill*         0x00000000200026c5        0x3 
 .bss.m_detection_delay
                0x00000000200026c8        0x4 _build/nrf52840_xxaa/app_button.c.o
 .bss.m_detection_delay_timer_id_data
                0x00000000200026cc       0x20 _build/nrf52840_xxaa/app_button.c.o
 *fill*         0x00000000200026ec        0x4 
 .bss.m_pin_state
                0x00000000200026f0        0x8 _build/nrf52840_xxaa/app_button.c.o
 .bss.m_pin_transition
                0x00000000200026f8        0x8 _build/nrf52840_xxaa/app_button.c.o
 .bss.mp_buttons
                0x0000000020002700        0x4 _build/nrf52840_xxaa/app_button.c.o
 .bss.m_op_queue
                0x0000000020002704      0x10c _build/nrf52840_xxaa/app_timer.c.o
 .bss.m_rtc1_reset
                0x0000000020002810        0x1 _build/nrf52840_xxaa/app_timer.c.o
 .bss.m_rtc1_running
                0x0000000020002811        0x1 _build/nrf52840_xxaa/app_timer.c.o
 *fill*         0x0000000020002812        0x2 
 .bss.m_ticks_elapsed
                0x0000000020002814        0x8 _build/nrf52840_xxaa/app_timer.c.o
 .bss.m_ticks_elapsed_q_read_ind
                0x000000002000281c        0x1 _build/nrf52840_xxaa/app_timer.c.o
 .bss.m_ticks_elapsed_q_write_ind
                0x000000002000281d        0x1 _build/nrf52840_xxaa/app_timer.c.o
 *fill*         0x000000002000281e        0x2 
 .bss.m_ticks_latest
                0x0000000020002820        0x4 _build/nrf52840_xxaa/app_timer.c.o
 .bss.mp_timer_id_head
                0x0000000020002824        0x4 _build/nrf52840_xxaa/app_timer.c.o
 .bss.m_handlers_iter
                0x0000000020002828        0x8 _build/nrf52840_xxaa/nrf_pwr_mgmt.c.o
 .bss.m_shutdown_started
                0x0000000020002830        0x1 _build/nrf52840_xxaa/nrf_pwr_mgmt.c.o
 *fill*         0x0000000020002831        0x3 
 .bss.m_sysoff_mtx
                0x0000000020002834        0x4 _build/nrf52840_xxaa/nrf_pwr_mgmt.c.o
 .bss.m_clock_cb
                0x0000000020002838       0x14 _build/nrf52840_xxaa/nrf_drv_clock.c.o
 .bss.m_contexts
                0x000000002000284c        0x8 _build/nrf52840_xxaa/nrf_drv_uart.c.o
 .bss.m_handlers
                0x0000000020002854        0x8 _build/nrf52840_xxaa/nrf_drv_uart.c.o
 .bss.m_clock_cb
                0x000000002000285c        0x8 _build/nrf52840_xxaa/nrfx_clock.c.o
 *fill*         0x0000000020002864        0x4 
 .bss.m_cb      0x0000000020002868       0x6c _build/nrf52840_xxaa/nrfx_gpiote.c.o
 .bss.m_prs_box_4
                0x00000000200028d4        0x8 _build/nrf52840_xxaa/nrfx_prs.c.o
 *fill*         0x00000000200028dc        0x4 
 .bss.m_cb      0x00000000200028e0       0x2c _build/nrf52840_xxaa/nrfx_uart.c.o
 *fill*         0x000000002000290c        0x4 
 .bss.m_cb      0x0000000020002910       0x24 _build/nrf52840_xxaa/nrfx_uarte.c.o
 .bss.m_events_list
                0x0000000020002934        0xc _build/nrf52840_xxaa/bsp.c.o
 .bss.m_error_handler
                0x0000000020002940        0x4 _build/nrf52840_xxaa/bsp_btn_ble.c.o
 .bss.m_num_connections
                0x0000000020002944        0x4 _build/nrf52840_xxaa/bsp_btn_ble.c.o
 .bss.m_ble_lbs_c
                0x0000000020002948       0x10 _build/nrf52840_xxaa/main.c.o
 .bss.m_gatt    0x0000000020002958       0x14 _build/nrf52840_xxaa/main.c.o
 .bss.m_scan    0x000000002000296c       0x68 _build/nrf52840_xxaa/main.c.o
 .bss.m_bcs     0x00000000200029d4       0x78 _build/nrf52840_xxaa/ble_conn_state.c.o
 .bss.m_evt_handler
                0x0000000020002a4c        0x4 _build/nrf52840_xxaa/ble_db_discovery.c.o
 .bss.m_initialized
                0x0000000020002a50        0x1 _build/nrf52840_xxaa/ble_db_discovery.c.o
 *fill*         0x0000000020002a51        0x3 
 .bss.m_num_of_handlers_reg
                0x0000000020002a54        0x4 _build/nrf52840_xxaa/ble_db_discovery.c.o
 .bss.m_pending_user_evts
                0x0000000020002a58      0x300 _build/nrf52840_xxaa/ble_db_discovery.c.o
 .bss.m_pending_usr_evt_index
                0x0000000020002d58        0x4 _build/nrf52840_xxaa/ble_db_discovery.c.o
 .bss.m_registered_handlers
                0x0000000020002d5c       0x18 _build/nrf52840_xxaa/ble_db_discovery.c.o
 .bss.m_tx_buffer
                0x0000000020002d74       0xa0 _build/nrf52840_xxaa/ble_lbs_c.c.o
 .bss.m_tx_index
                0x0000000020002e14        0x4 _build/nrf52840_xxaa/ble_lbs_c.c.o
 .bss.m_tx_insert_index
                0x0000000020002e18        0x4 _build/nrf52840_xxaa/ble_lbs_c.c.o
 .bss.m_nrf_sdh_continue
                0x0000000020002e1c        0x1 _build/nrf52840_xxaa/nrf_sdh.c.o
 .bss.m_nrf_sdh_enabled
                0x0000000020002e1d        0x1 _build/nrf52840_xxaa/nrf_sdh.c.o
 .bss.m_nrf_sdh_suspended
                0x0000000020002e1e        0x1 _build/nrf52840_xxaa/nrf_sdh.c.o
 .bss.m_stack_is_enabled
                0x0000000020002e1f        0x1 _build/nrf52840_xxaa/nrf_sdh_ble.c.o
 *(COMMON)
 COMMON         0x0000000020002e20        0xc _build/nrf52840_xxaa/app_util_platform.c.o
                0x0000000020002e20                nrf_nvic_state
 COMMON         0x0000000020002e2c        0x2 _build/nrf52840_xxaa/nrf_drv_uart.c.o
                0x0000000020002e2c                nrf_drv_uart_use_easy_dma
                0x0000000020002e30                . = ALIGN (0x4)
 *fill*         0x0000000020002e2e        0x2 
                0x0000000020002e30                __bss_end__ = .

.heap           0x0000000020002e30        0x0
                0x0000000020002e30                __HeapBase = .
                0x0000000020002e30                __end__ = .
                [!provide]                        PROVIDE (end = .)
 *(.heap*)
 .heap          0x0000000020002e30        0x0 _build/nrf52840_xxaa/gcc_startup_nrf52840.S.o
                0x0000000020002e30                __HeapLimit = .

.stack_dummy    0x0000000020002e30     0x2000
 *(.stack*)
 .stack         0x0000000020002e30     0x2000 _build/nrf52840_xxaa/gcc_startup_nrf52840.S.o
                0x0000000020040000                __StackTop = (ORIGIN (RAM) + LENGTH (RAM))
                0x000000002003e000                __StackLimit = (__StackTop - SIZEOF (.stack_dummy))
                0x0000000020040000                PROVIDE (__stack = __StackTop)
                0x0000000000000001                ASSERT ((__StackLimit >= __HeapLimit), region RAM overflowed with stack)
                0x0000000000000360                DataInitFlashUsed = (__bss_start__ - __data_start__)
                0x00000000000072dc                CodeFlashUsed = (__etext - ORIGIN (FLASH))
                0x000000000000763c                TotalFlashUsed = (CodeFlashUsed + DataInitFlashUsed)
                0x0000000000000001                ASSERT ((TotalFlashUsed <= LENGTH (FLASH)), region FLASH overflowed with .data and user data)
OUTPUT(_build/nrf52840_xxaa.out elf32-littlearm)
LOAD linker stubs

.ARM.attributes
                0x0000000000000000       0x30
 .ARM.attributes
                0x0000000000000000       0x1e /opt/gcc-arm-none-eabi-9-2020-q2-update/bin/../lib/gcc/arm-none-eabi/9.3.1/thumb/v7e-m+fp/hard/crti.o
 .ARM.attributes
                0x000000000000001e       0x34 /opt/gcc-arm-none-eabi-9-2020-q2-update/bin/../lib/gcc/arm-none-eabi/9.3.1/thumb/v7e-m+fp/hard/crtbegin.o
 .ARM.attributes
                0x0000000000000052       0x1c /opt/gcc-arm-none-eabi-9-2020-q2-update/bin/../lib/gcc/arm-none-eabi/9.3.1/../../../../arm-none-eabi/lib/thumb/v7e-m+fp/hard/crt0.o
 .ARM.attributes
                0x000000000000006e       0x20 _build/nrf52840_xxaa/gcc_startup_nrf52840.S.o
 .ARM.attributes
                0x000000000000008e       0x34 _build/nrf52840_xxaa/nrf_log_backend_serial.c.o
 .ARM.attributes
                0x00000000000000c2       0x34 _build/nrf52840_xxaa/nrf_log_backend_uart.c.o
 .ARM.attributes
                0x00000000000000f6       0x34 _build/nrf52840_xxaa/nrf_log_default_backends.c.o
 .ARM.attributes
                0x000000000000012a       0x34 _build/nrf52840_xxaa/nrf_log_frontend.c.o
 .ARM.attributes
                0x000000000000015e       0x34 _build/nrf52840_xxaa/nrf_log_str_formatter.c.o
 .ARM.attributes
                0x0000000000000192       0x34 _build/nrf52840_xxaa/app_button.c.o
 .ARM.attributes
                0x00000000000001c6       0x34 _build/nrf52840_xxaa/app_error.c.o
 .ARM.attributes
                0x00000000000001fa       0x34 _build/nrf52840_xxaa/app_error_weak.c.o
 .ARM.attributes
                0x000000000000022e       0x34 _build/nrf52840_xxaa/app_timer.c.o
 .ARM.attributes
                0x0000000000000262       0x34 _build/nrf52840_xxaa/app_util_platform.c.o
 .ARM.attributes
                0x0000000000000296       0x34 _build/nrf52840_xxaa/nrf_atflags.c.o
 .ARM.attributes
                0x00000000000002ca       0x34 _build/nrf52840_xxaa/nrf_atomic.c.o
 .ARM.attributes
                0x00000000000002fe       0x34 _build/nrf52840_xxaa/nrf_balloc.c.o
 .ARM.attributes
                0x0000000000000332       0x34 _build/nrf52840_xxaa/nrf_fprintf.c.o
 .ARM.attributes
                0x0000000000000366       0x34 _build/nrf52840_xxaa/nrf_fprintf_format.c.o
 .ARM.attributes
                0x000000000000039a       0x34 _build/nrf52840_xxaa/nrf_memobj.c.o
 .ARM.attributes
                0x00000000000003ce       0x34 _build/nrf52840_xxaa/nrf_pwr_mgmt.c.o
 .ARM.attributes
                0x0000000000000402       0x34 _build/nrf52840_xxaa/nrf_ringbuf.c.o
 .ARM.attributes
                0x0000000000000436       0x34 _build/nrf52840_xxaa/nrf_section_iter.c.o
 .ARM.attributes
                0x000000000000046a       0x34 _build/nrf52840_xxaa/nrf_strerror.c.o
 .ARM.attributes
                0x000000000000049e       0x34 _build/nrf52840_xxaa/system_nrf52840.c.o
 .ARM.attributes
                0x00000000000004d2       0x34 _build/nrf52840_xxaa/boards.c.o
 .ARM.attributes
                0x0000000000000506       0x34 _build/nrf52840_xxaa/nrf_drv_clock.c.o
 .ARM.attributes
                0x000000000000053a       0x34 _build/nrf52840_xxaa/nrf_drv_uart.c.o
 .ARM.attributes
                0x000000000000056e       0x34 _build/nrf52840_xxaa/nrfx_clock.c.o
 .ARM.attributes
                0x00000000000005a2       0x34 _build/nrf52840_xxaa/nrfx_gpiote.c.o
 .ARM.attributes
                0x00000000000005d6       0x34 _build/nrf52840_xxaa/nrfx_prs.c.o
 .ARM.attributes
                0x000000000000060a       0x34 _build/nrf52840_xxaa/nrfx_uart.c.o
 .ARM.attributes
                0x000000000000063e       0x34 _build/nrf52840_xxaa/nrfx_uarte.c.o
 .ARM.attributes
                0x0000000000000672       0x34 _build/nrf52840_xxaa/bsp.c.o
 .ARM.attributes
                0x00000000000006a6       0x34 _build/nrf52840_xxaa/bsp_btn_ble.c.o
 .ARM.attributes
                0x00000000000006da       0x34 _build/nrf52840_xxaa/main.c.o
 .ARM.attributes
                0x000000000000070e       0x34 _build/nrf52840_xxaa/ble_advdata.c.o
 .ARM.attributes
                0x0000000000000742       0x34 _build/nrf52840_xxaa/ble_conn_state.c.o
 .ARM.attributes
                0x0000000000000776       0x34 _build/nrf52840_xxaa/ble_db_discovery.c.o
 .ARM.attributes
                0x00000000000007aa       0x34 _build/nrf52840_xxaa/nrf_ble_gatt.c.o
 .ARM.attributes
                0x00000000000007de       0x34 _build/nrf52840_xxaa/nrf_ble_scan.c.o
 .ARM.attributes
                0x0000000000000812       0x34 _build/nrf52840_xxaa/ble_lbs_c.c.o
 .ARM.attributes
                0x0000000000000846       0x34 _build/nrf52840_xxaa/nrf_sdh.c.o
 .ARM.attributes
                0x000000000000087a       0x34 _build/nrf52840_xxaa/nrf_sdh_ble.c.o
 .ARM.attributes
                0x00000000000008ae       0x34 _build/nrf52840_xxaa/nrf_sdh_soc.c.o
 .ARM.attributes
                0x00000000000008e2       0x32 /opt/gcc-arm-none-eabi-9-2020-q2-update/bin/../lib/gcc/arm-none-eabi/9.3.1/../../../../arm-none-eabi/lib/thumb/v7e-m+fp/hard/libc_nano.a(lib_a-ctype_.o)
 .ARM.attributes
                0x0000000000000914       0x34 /opt/gcc-arm-none-eabi-9-2020-q2-update/bin/../lib/gcc/arm-none-eabi/9.3.1/../../../../arm-none-eabi/lib/thumb/v7e-m+fp/hard/libc_nano.a(lib_a-exit.o)
 .ARM.attributes
                0x0000000000000948       0x32 /opt/gcc-arm-none-eabi-9-2020-q2-update/bin/../lib/gcc/arm-none-eabi/9.3.1/../../../../arm-none-eabi/lib/thumb/v7e-m+fp/hard/libc_nano.a(lib_a-impure.o)
 .ARM.attributes
                0x000000000000097a       0x34 /opt/gcc-arm-none-eabi-9-2020-q2-update/bin/../lib/gcc/arm-none-eabi/9.3.1/../../../../arm-none-eabi/lib/thumb/v7e-m+fp/hard/libc_nano.a(lib_a-init.o)
 .ARM.attributes
                0x00000000000009ae       0x34 /opt/gcc-arm-none-eabi-9-2020-q2-update/bin/../lib/gcc/arm-none-eabi/9.3.1/../../../../arm-none-eabi/lib/thumb/v7e-m+fp/hard/libc_nano.a(lib_a-memcmp.o)
 .ARM.attributes
                0x00000000000009e2       0x34 /opt/gcc-arm-none-eabi-9-2020-q2-update/bin/../lib/gcc/arm-none-eabi/9.3.1/../../../../arm-none-eabi/lib/thumb/v7e-m+fp/hard/libc_nano.a(lib_a-memcpy-stub.o)
 .ARM.attributes
                0x0000000000000a16       0x34 /opt/gcc-arm-none-eabi-9-2020-q2-update/bin/../lib/gcc/arm-none-eabi/9.3.1/../../../../arm-none-eabi/lib/thumb/v7e-m+fp/hard/libc_nano.a(lib_a-memset.o)
 .ARM.attributes
                0x0000000000000a4a       0x1c /opt/gcc-arm-none-eabi-9-2020-q2-update/bin/../lib/gcc/arm-none-eabi/9.3.1/../../../../arm-none-eabi/lib/thumb/v7e-m+fp/hard/libc_nano.a(lib_a-strcmp.o)
 .ARM.attributes
                0x0000000000000a66       0x17 /opt/gcc-arm-none-eabi-9-2020-q2-update/bin/../lib/gcc/arm-none-eabi/9.3.1/../../../../arm-none-eabi/lib/thumb/v7e-m+fp/hard/libc_nano.a(lib_a-strlen.o)
 .ARM.attributes
                0x0000000000000a7d       0x34 /opt/gcc-arm-none-eabi-9-2020-q2-update/bin/../lib/gcc/arm-none-eabi/9.3.1/../../../../arm-none-eabi/lib/thumb/v7e-m+fp/hard/libnosys.a(_exit.o)
 .ARM.attributes
                0x0000000000000ab1       0x32 /opt/gcc-arm-none-eabi-9-2020-q2-update/bin/../lib/gcc/arm-none-eabi/9.3.1/thumb/v7e-m+fp/hard/crtend.o
 .ARM.attributes
                0x0000000000000ae3       0x1e /opt/gcc-arm-none-eabi-9-2020-q2-update/bin/../lib/gcc/arm-none-eabi/9.3.1/thumb/v7e-m+fp/hard/crtn.o

.comment        0x0000000000000000       0x4c
 .comment       0x0000000000000000       0x4c _build/nrf52840_xxaa/nrf_log_backend_serial.c.o
                                         0x4d (size before relaxing)
 .comment       0x000000000000004c       0x4d _build/nrf52840_xxaa/nrf_log_backend_uart.c.o
 .comment       0x000000000000004c       0x4d _build/nrf52840_xxaa/nrf_log_default_backends.c.o
 .comment       0x000000000000004c       0x4d _build/nrf52840_xxaa/nrf_log_frontend.c.o
 .comment       0x000000000000004c       0x4d _build/nrf52840_xxaa/nrf_log_str_formatter.c.o
 .comment       0x000000000000004c       0x4d _build/nrf52840_xxaa/app_button.c.o
 .comment       0x000000000000004c       0x4d _build/nrf52840_xxaa/app_error.c.o
 .comment       0x000000000000004c       0x4d _build/nrf52840_xxaa/app_error_weak.c.o
 .comment       0x000000000000004c       0x4d _build/nrf52840_xxaa/app_timer.c.o
 .comment       0x000000000000004c       0x4d _build/nrf52840_xxaa/app_util_platform.c.o
 .comment       0x000000000000004c       0x4d _build/nrf52840_xxaa/nrf_atflags.c.o
 .comment       0x000000000000004c       0x4d _build/nrf52840_xxaa/nrf_atomic.c.o
 .comment       0x000000000000004c       0x4d _build/nrf52840_xxaa/nrf_balloc.c.o
 .comment       0x000000000000004c       0x4d _build/nrf52840_xxaa/nrf_fprintf.c.o
 .comment       0x000000000000004c       0x4d _build/nrf52840_xxaa/nrf_fprintf_format.c.o
 .comment       0x000000000000004c       0x4d _build/nrf52840_xxaa/nrf_memobj.c.o
 .comment       0x000000000000004c       0x4d _build/nrf52840_xxaa/nrf_pwr_mgmt.c.o
 .comment       0x000000000000004c       0x4d _build/nrf52840_xxaa/nrf_ringbuf.c.o
 .comment       0x000000000000004c       0x4d _build/nrf52840_xxaa/nrf_section_iter.c.o
 .comment       0x000000000000004c       0x4d _build/nrf52840_xxaa/nrf_strerror.c.o
 .comment       0x000000000000004c       0x4d _build/nrf52840_xxaa/system_nrf52840.c.o
 .comment       0x000000000000004c       0x4d _build/nrf52840_xxaa/boards.c.o
 .comment       0x000000000000004c       0x4d _build/nrf52840_xxaa/nrf_drv_clock.c.o
 .comment       0x000000000000004c       0x4d _build/nrf52840_xxaa/nrf_drv_uart.c.o
 .comment       0x000000000000004c       0x4d _build/nrf52840_xxaa/nrfx_clock.c.o
 .comment       0x000000000000004c       0x4d _build/nrf52840_xxaa/nrfx_gpiote.c.o
 .comment       0x000000000000004c       0x4d _build/nrf52840_xxaa/nrfx_prs.c.o
 .comment       0x000000000000004c       0x4d _build/nrf52840_xxaa/nrfx_uart.c.o
 .comment       0x000000000000004c       0x4d _build/nrf52840_xxaa/nrfx_uarte.c.o
 .comment       0x000000000000004c       0x4d _build/nrf52840_xxaa/bsp.c.o
 .comment       0x000000000000004c       0x4d _build/nrf52840_xxaa/bsp_btn_ble.c.o
 .comment       0x000000000000004c       0x4d _build/nrf52840_xxaa/main.c.o
 .comment       0x000000000000004c       0x4d _build/nrf52840_xxaa/ble_advdata.c.o
 .comment       0x000000000000004c       0x4d _build/nrf52840_xxaa/ble_conn_state.c.o
 .comment       0x000000000000004c       0x4d _build/nrf52840_xxaa/ble_db_discovery.c.o
 .comment       0x000000000000004c       0x4d _build/nrf52840_xxaa/nrf_ble_gatt.c.o
 .comment       0x000000000000004c       0x4d _build/nrf52840_xxaa/nrf_ble_scan.c.o
 .comment       0x000000000000004c       0x4d _build/nrf52840_xxaa/ble_lbs_c.c.o
 .comment       0x000000000000004c       0x4d _build/nrf52840_xxaa/nrf_sdh.c.o
 .comment       0x000000000000004c       0x4d _build/nrf52840_xxaa/nrf_sdh_ble.c.o
 .comment       0x000000000000004c       0x4d _build/nrf52840_xxaa/nrf_sdh_soc.c.o

.debug_line     0x0000000000000000    0x26bfa
 .debug_line    0x0000000000000000       0x89 _build/nrf52840_xxaa/gcc_startup_nrf52840.S.o
 .debug_line    0x0000000000000089      0x8f4 _build/nrf52840_xxaa/nrf_log_backend_serial.c.o
 .debug_line    0x000000000000097d      0xc21 _build/nrf52840_xxaa/nrf_log_backend_uart.c.o
 .debug_line    0x000000000000159e      0x7cf _build/nrf52840_xxaa/nrf_log_default_backends.c.o
 .debug_line    0x0000000000001d6d     0x2d20 _build/nrf52840_xxaa/nrf_log_frontend.c.o
 .debug_line    0x0000000000004a8d      0xa2b _build/nrf52840_xxaa/nrf_log_str_formatter.c.o
 .debug_line    0x00000000000054b8      0xbb4 _build/nrf52840_xxaa/app_button.c.o
 .debug_line    0x000000000000606c      0x57f _build/nrf52840_xxaa/app_error.c.o
 .debug_line    0x00000000000065eb      0x8d7 _build/nrf52840_xxaa/app_error_weak.c.o
 .debug_line    0x0000000000006ec2     0x1797 _build/nrf52840_xxaa/app_timer.c.o
 .debug_line    0x0000000000008659      0x7bd _build/nrf52840_xxaa/app_util_platform.c.o
 .debug_line    0x0000000000008e16      0x880 _build/nrf52840_xxaa/nrf_atflags.c.o
 .debug_line    0x0000000000009696      0x8eb _build/nrf52840_xxaa/nrf_atomic.c.o
 .debug_line    0x0000000000009f81      0x91c _build/nrf52840_xxaa/nrf_balloc.c.o
 .debug_line    0x000000000000a89d      0x5a7 _build/nrf52840_xxaa/nrf_fprintf.c.o
 .debug_line    0x000000000000ae44      0xf80 _build/nrf52840_xxaa/nrf_fprintf_format.c.o
 .debug_line    0x000000000000bdc4      0xbb6 _build/nrf52840_xxaa/nrf_memobj.c.o
 .debug_line    0x000000000000c97a      0xf0c _build/nrf52840_xxaa/nrf_pwr_mgmt.c.o
 .debug_line    0x000000000000d886      0xa16 _build/nrf52840_xxaa/nrf_ringbuf.c.o
 .debug_line    0x000000000000e29c      0x5bd _build/nrf52840_xxaa/nrf_section_iter.c.o
 .debug_line    0x000000000000e859      0x60e _build/nrf52840_xxaa/nrf_strerror.c.o
 .debug_line    0x000000000000ee67      0x664 _build/nrf52840_xxaa/system_nrf52840.c.o
 .debug_line    0x000000000000f4cb     0x10ad _build/nrf52840_xxaa/boards.c.o
 .debug_line    0x0000000000010578     0x11e1 _build/nrf52840_xxaa/nrf_drv_clock.c.o
 .debug_line    0x0000000000011759      0x8b7 _build/nrf52840_xxaa/nrf_drv_uart.c.o
 .debug_line    0x0000000000012010      0xf61 _build/nrf52840_xxaa/nrfx_clock.c.o
 .debug_line    0x0000000000012f71     0x33f3 _build/nrf52840_xxaa/nrfx_gpiote.c.o
 .debug_line    0x0000000000016364      0x9a1 _build/nrf52840_xxaa/nrfx_prs.c.o
 .debug_line    0x0000000000016d05     0x1f70 _build/nrf52840_xxaa/nrfx_uart.c.o
 .debug_line    0x0000000000018c75     0x1c82 _build/nrf52840_xxaa/nrfx_uarte.c.o
 .debug_line    0x000000000001a8f7     0x11ff _build/nrf52840_xxaa/bsp.c.o
 .debug_line    0x000000000001baf6      0xb4c _build/nrf52840_xxaa/bsp_btn_ble.c.o
 .debug_line    0x000000000001c642     0x1420 _build/nrf52840_xxaa/main.c.o
 .debug_line    0x000000000001da62     0x1406 _build/nrf52840_xxaa/ble_advdata.c.o
 .debug_line    0x000000000001ee68     0x1105 _build/nrf52840_xxaa/ble_conn_state.c.o
 .debug_line    0x000000000001ff6d     0x19b7 _build/nrf52840_xxaa/ble_db_discovery.c.o
 .debug_line    0x0000000000021924      0xd6d _build/nrf52840_xxaa/nrf_ble_gatt.c.o
 .debug_line    0x0000000000022691     0x112a _build/nrf52840_xxaa/nrf_ble_scan.c.o
 .debug_line    0x00000000000237bb     0x1097 _build/nrf52840_xxaa/ble_lbs_c.c.o
 .debug_line    0x0000000000024852     0x100b _build/nrf52840_xxaa/nrf_sdh.c.o
 .debug_line    0x000000000002585d      0xb98 _build/nrf52840_xxaa/nrf_sdh_ble.c.o
 .debug_line    0x00000000000263f5      0x805 _build/nrf52840_xxaa/nrf_sdh_soc.c.o

.debug_info     0x0000000000000000    0x53f5d
 .debug_info    0x0000000000000000       0x26 _build/nrf52840_xxaa/gcc_startup_nrf52840.S.o
 .debug_info    0x0000000000000026     0x124c _build/nrf52840_xxaa/nrf_log_backend_serial.c.o
 .debug_info    0x0000000000001272     0x1cc5 _build/nrf52840_xxaa/nrf_log_backend_uart.c.o
 .debug_info    0x0000000000002f37      0xd9e _build/nrf52840_xxaa/nrf_log_default_backends.c.o
 .debug_info    0x0000000000003cd5     0x46b8 _build/nrf52840_xxaa/nrf_log_frontend.c.o
 .debug_info    0x000000000000838d     0x1431 _build/nrf52840_xxaa/nrf_log_str_formatter.c.o
 .debug_info    0x00000000000097be     0x1045 _build/nrf52840_xxaa/app_button.c.o
 .debug_info    0x000000000000a803      0xbac _build/nrf52840_xxaa/app_error.c.o
 .debug_info    0x000000000000b3af     0x1026 _build/nrf52840_xxaa/app_error_weak.c.o
 .debug_info    0x000000000000c3d5     0x29f2 _build/nrf52840_xxaa/app_timer.c.o
 .debug_info    0x000000000000edc7     0x1313 _build/nrf52840_xxaa/app_util_platform.c.o
 .debug_info    0x00000000000100da      0xf4f _build/nrf52840_xxaa/nrf_atflags.c.o
 .debug_info    0x0000000000011029     0x13e4 _build/nrf52840_xxaa/nrf_atomic.c.o
 .debug_info    0x000000000001240d      0xea4 _build/nrf52840_xxaa/nrf_balloc.c.o
 .debug_info    0x00000000000132b1      0xb51 _build/nrf52840_xxaa/nrf_fprintf.c.o
 .debug_info    0x0000000000013e02     0x1574 _build/nrf52840_xxaa/nrf_fprintf_format.c.o
 .debug_info    0x0000000000015376     0x161b _build/nrf52840_xxaa/nrf_memobj.c.o
 .debug_info    0x0000000000016991     0x1ee2 _build/nrf52840_xxaa/nrf_pwr_mgmt.c.o
 .debug_info    0x0000000000018873      0xf8b _build/nrf52840_xxaa/nrf_ringbuf.c.o
 .debug_info    0x00000000000197fe      0xac1 _build/nrf52840_xxaa/nrf_section_iter.c.o
 .debug_info    0x000000000001a2bf      0xb76 _build/nrf52840_xxaa/nrf_strerror.c.o
 .debug_info    0x000000000001ae35     0x14ee _build/nrf52840_xxaa/system_nrf52840.c.o
 .debug_info    0x000000000001c323     0x1862 _build/nrf52840_xxaa/boards.c.o
 .debug_info    0x000000000001db85     0x2156 _build/nrf52840_xxaa/nrf_drv_clock.c.o
 .debug_info    0x000000000001fcdb     0x1b27 _build/nrf52840_xxaa/nrf_drv_uart.c.o
 .debug_info    0x0000000000021802     0x1cc8 _build/nrf52840_xxaa/nrfx_clock.c.o
 .debug_info    0x00000000000234ca     0x4685 _build/nrf52840_xxaa/nrfx_gpiote.c.o
 .debug_info    0x0000000000027b4f     0x1200 _build/nrf52840_xxaa/nrfx_prs.c.o
 .debug_info    0x0000000000028d4f     0x4286 _build/nrf52840_xxaa/nrfx_uart.c.o
 .debug_info    0x000000000002cfd5     0x3f0a _build/nrf52840_xxaa/nrfx_uarte.c.o
 .debug_info    0x0000000000030edf     0x1edc _build/nrf52840_xxaa/bsp.c.o
 .debug_info    0x0000000000032dbb     0x28b2 _build/nrf52840_xxaa/bsp_btn_ble.c.o
 .debug_info    0x000000000003566d     0x4480 _build/nrf52840_xxaa/main.c.o
 .debug_info    0x0000000000039aed     0x2854 _build/nrf52840_xxaa/ble_advdata.c.o
 .debug_info    0x000000000003c341     0x3751 _build/nrf52840_xxaa/ble_conn_state.c.o
 .debug_info    0x000000000003fa92     0x3e45 _build/nrf52840_xxaa/ble_db_discovery.c.o
 .debug_info    0x00000000000438d7     0x33ed _build/nrf52840_xxaa/nrf_ble_gatt.c.o
 .debug_info    0x0000000000046cc4     0x3bba _build/nrf52840_xxaa/nrf_ble_scan.c.o
 .debug_info    0x000000000004a87e     0x314a _build/nrf52840_xxaa/ble_lbs_c.c.o
 .debug_info    0x000000000004d9c8     0x2077 _build/nrf52840_xxaa/nrf_sdh.c.o
 .debug_info    0x000000000004fa3f     0x3598 _build/nrf52840_xxaa/nrf_sdh_ble.c.o
 .debug_info    0x0000000000052fd7      0xf86 _build/nrf52840_xxaa/nrf_sdh_soc.c.o

.debug_abbrev   0x0000000000000000     0xa766
 .debug_abbrev  0x0000000000000000       0x14 _build/nrf52840_xxaa/gcc_startup_nrf52840.S.o
 .debug_abbrev  0x0000000000000014      0x2cc _build/nrf52840_xxaa/nrf_log_backend_serial.c.o
 .debug_abbrev  0x00000000000002e0      0x41d _build/nrf52840_xxaa/nrf_log_backend_uart.c.o
 .debug_abbrev  0x00000000000006fd      0x294 _build/nrf52840_xxaa/nrf_log_default_backends.c.o
 .debug_abbrev  0x0000000000000991      0x61e _build/nrf52840_xxaa/nrf_log_frontend.c.o
 .debug_abbrev  0x0000000000000faf      0x320 _build/nrf52840_xxaa/nrf_log_str_formatter.c.o
 .debug_abbrev  0x00000000000012cf      0x323 _build/nrf52840_xxaa/app_button.c.o
 .debug_abbrev  0x00000000000015f2      0x276 _build/nrf52840_xxaa/app_error.c.o
 .debug_abbrev  0x0000000000001868      0x2e9 _build/nrf52840_xxaa/app_error_weak.c.o
 .debug_abbrev  0x0000000000001b51      0x531 _build/nrf52840_xxaa/app_timer.c.o
 .debug_abbrev  0x0000000000002082      0x3df _build/nrf52840_xxaa/app_util_platform.c.o
 .debug_abbrev  0x0000000000002461      0x367 _build/nrf52840_xxaa/nrf_atflags.c.o
 .debug_abbrev  0x00000000000027c8      0x378 _build/nrf52840_xxaa/nrf_atomic.c.o
 .debug_abbrev  0x0000000000002b40      0x34d _build/nrf52840_xxaa/nrf_balloc.c.o
 .debug_abbrev  0x0000000000002e8d      0x27d _build/nrf52840_xxaa/nrf_fprintf.c.o
 .debug_abbrev  0x000000000000310a      0x3ba _build/nrf52840_xxaa/nrf_fprintf_format.c.o
 .debug_abbrev  0x00000000000034c4      0x397 _build/nrf52840_xxaa/nrf_memobj.c.o
 .debug_abbrev  0x000000000000385b      0x4ff _build/nrf52840_xxaa/nrf_pwr_mgmt.c.o
 .debug_abbrev  0x0000000000003d5a      0x2b2 _build/nrf52840_xxaa/nrf_ringbuf.c.o
 .debug_abbrev  0x000000000000400c      0x206 _build/nrf52840_xxaa/nrf_section_iter.c.o
 .debug_abbrev  0x0000000000004212      0x29c _build/nrf52840_xxaa/nrf_strerror.c.o
 .debug_abbrev  0x00000000000044ae      0x22f _build/nrf52840_xxaa/system_nrf52840.c.o
 .debug_abbrev  0x00000000000046dd      0x44c _build/nrf52840_xxaa/boards.c.o
 .debug_abbrev  0x0000000000004b29      0x5e9 _build/nrf52840_xxaa/nrf_drv_clock.c.o
 .debug_abbrev  0x0000000000005112      0x2da _build/nrf52840_xxaa/nrf_drv_uart.c.o
 .debug_abbrev  0x00000000000053ec      0x521 _build/nrf52840_xxaa/nrfx_clock.c.o
 .debug_abbrev  0x000000000000590d      0x5b2 _build/nrf52840_xxaa/nrfx_gpiote.c.o
 .debug_abbrev  0x0000000000005ebf      0x362 _build/nrf52840_xxaa/nrfx_prs.c.o
 .debug_abbrev  0x0000000000006221      0x56b _build/nrf52840_xxaa/nrfx_uart.c.o
 .debug_abbrev  0x000000000000678c      0x54a _build/nrf52840_xxaa/nrfx_uarte.c.o
 .debug_abbrev  0x0000000000006cd6      0x53b _build/nrf52840_xxaa/bsp.c.o
 .debug_abbrev  0x0000000000007211      0x3c6 _build/nrf52840_xxaa/bsp_btn_ble.c.o
 .debug_abbrev  0x00000000000075d7      0x549 _build/nrf52840_xxaa/main.c.o
 .debug_abbrev  0x0000000000007b20      0x49b _build/nrf52840_xxaa/ble_advdata.c.o
 .debug_abbrev  0x0000000000007fbb      0x5bb _build/nrf52840_xxaa/ble_conn_state.c.o
 .debug_abbrev  0x0000000000008576      0x60c _build/nrf52840_xxaa/ble_db_discovery.c.o
 .debug_abbrev  0x0000000000008b82      0x4da _build/nrf52840_xxaa/nrf_ble_gatt.c.o
 .debug_abbrev  0x000000000000905c      0x520 _build/nrf52840_xxaa/nrf_ble_scan.c.o
 .debug_abbrev  0x000000000000957c      0x4ec _build/nrf52840_xxaa/ble_lbs_c.c.o
 .debug_abbrev  0x0000000000009a68      0x55c _build/nrf52840_xxaa/nrf_sdh.c.o
 .debug_abbrev  0x0000000000009fc4      0x4b1 _build/nrf52840_xxaa/nrf_sdh_ble.c.o
 .debug_abbrev  0x000000000000a475      0x2f1 _build/nrf52840_xxaa/nrf_sdh_soc.c.o

.debug_aranges  0x0000000000000000      0xe80
 .debug_aranges
                0x0000000000000000       0x20 _build/nrf52840_xxaa/gcc_startup_nrf52840.S.o
 .debug_aranges
                0x0000000000000020       0x20 _build/nrf52840_xxaa/nrf_log_backend_serial.c.o
 .debug_aranges
                0x0000000000000040       0x48 _build/nrf52840_xxaa/nrf_log_backend_uart.c.o
 .debug_aranges
                0x0000000000000088       0x20 _build/nrf52840_xxaa/nrf_log_default_backends.c.o
 .debug_aranges
                0x00000000000000a8       0xb8 _build/nrf52840_xxaa/nrf_log_frontend.c.o
 .debug_aranges
                0x0000000000000160       0x38 _build/nrf52840_xxaa/nrf_log_str_formatter.c.o
 .debug_aranges
                0x0000000000000198       0x48 _build/nrf52840_xxaa/app_button.c.o
 .debug_aranges
                0x00000000000001e0       0x28 _build/nrf52840_xxaa/app_error.c.o
 .debug_aranges
                0x0000000000000208       0x20 _build/nrf52840_xxaa/app_error_weak.c.o
 .debug_aranges
                0x0000000000000228       0x70 _build/nrf52840_xxaa/app_timer.c.o
 .debug_aranges
                0x0000000000000298       0x48 _build/nrf52840_xxaa/app_util_platform.c.o
 .debug_aranges
                0x00000000000002e0       0x58 _build/nrf52840_xxaa/nrf_atflags.c.o
 .debug_aranges
                0x0000000000000338       0xb0 _build/nrf52840_xxaa/nrf_atomic.c.o
 .debug_aranges
                0x00000000000003e8       0x30 _build/nrf52840_xxaa/nrf_balloc.c.o
 .debug_aranges
                0x0000000000000418       0x28 _build/nrf52840_xxaa/nrf_fprintf.c.o
 .debug_aranges
                0x0000000000000440       0x28 _build/nrf52840_xxaa/nrf_fprintf_format.c.o
 .debug_aranges
                0x0000000000000468       0x50 _build/nrf52840_xxaa/nrf_memobj.c.o
 .debug_aranges
                0x00000000000004b8       0x48 _build/nrf52840_xxaa/nrf_pwr_mgmt.c.o
 .debug_aranges
                0x0000000000000500       0x50 _build/nrf52840_xxaa/nrf_ringbuf.c.o
 .debug_aranges
                0x0000000000000550       0x28 _build/nrf52840_xxaa/nrf_section_iter.c.o
 .debug_aranges
                0x0000000000000578       0x28 _build/nrf52840_xxaa/nrf_strerror.c.o
 .debug_aranges
                0x00000000000005a0       0x28 _build/nrf52840_xxaa/system_nrf52840.c.o
 .debug_aranges
                0x00000000000005c8       0x78 _build/nrf52840_xxaa/boards.c.o
 .debug_aranges
                0x0000000000000640       0xa8 _build/nrf52840_xxaa/nrf_drv_clock.c.o
 .debug_aranges
                0x00000000000006e8       0x30 _build/nrf52840_xxaa/nrf_drv_uart.c.o
 .debug_aranges
                0x0000000000000718       0x78 _build/nrf52840_xxaa/nrfx_clock.c.o
 .debug_aranges
                0x0000000000000790       0xd8 _build/nrf52840_xxaa/nrfx_gpiote.c.o
 .debug_aranges
                0x0000000000000868       0x30 _build/nrf52840_xxaa/nrfx_prs.c.o
 .debug_aranges
                0x0000000000000898       0x78 _build/nrf52840_xxaa/nrfx_uart.c.o
 .debug_aranges
                0x0000000000000910       0x68 _build/nrf52840_xxaa/nrfx_uarte.c.o
 .debug_aranges
                0x0000000000000978       0x80 _build/nrf52840_xxaa/bsp.c.o
 .debug_aranges
                0x00000000000009f8       0x30 _build/nrf52840_xxaa/bsp_btn_ble.c.o
 .debug_aranges
                0x0000000000000a28       0x68 _build/nrf52840_xxaa/main.c.o
 .debug_aranges
                0x0000000000000a90       0x78 _build/nrf52840_xxaa/ble_advdata.c.o
 .debug_aranges
                0x0000000000000b08       0xc0 _build/nrf52840_xxaa/ble_conn_state.c.o
 .debug_aranges
                0x0000000000000bc8       0x70 _build/nrf52840_xxaa/ble_db_discovery.c.o
 .debug_aranges
                0x0000000000000c38       0x70 _build/nrf52840_xxaa/nrf_ble_gatt.c.o
 .debug_aranges
                0x0000000000000ca8       0x90 _build/nrf52840_xxaa/nrf_ble_scan.c.o
 .debug_aranges
                0x0000000000000d38       0x60 _build/nrf52840_xxaa/ble_lbs_c.c.o
 .debug_aranges
                0x0000000000000d98       0x70 _build/nrf52840_xxaa/nrf_sdh.c.o
 .debug_aranges
                0x0000000000000e08       0x50 _build/nrf52840_xxaa/nrf_sdh_ble.c.o
 .debug_aranges
                0x0000000000000e58       0x28 _build/nrf52840_xxaa/nrf_sdh_soc.c.o

.debug_str      0x0000000000000000    0xad8fe
 .debug_str     0x0000000000000000       0xb4 _build/nrf52840_xxaa/gcc_startup_nrf52840.S.o
 .debug_str     0x00000000000000b4    0x8ab67 _build/nrf52840_xxaa/nrf_log_backend_serial.c.o
                                      0x8d353 (size before relaxing)
 .debug_str     0x000000000008ac1b     0x8534 _build/nrf52840_xxaa/nrf_log_backend_uart.c.o
                                      0x9537f (size before relaxing)
 .debug_str     0x000000000009314f      0x11c _build/nrf52840_xxaa/nrf_log_default_backends.c.o
                                      0x8d10a (size before relaxing)
 .debug_str     0x000000000009326b     0x136b _build/nrf52840_xxaa/nrf_log_frontend.c.o
                                      0x8e5c1 (size before relaxing)
 .debug_str     0x00000000000945d6      0x6a6 _build/nrf52840_xxaa/nrf_log_str_formatter.c.o
                                      0x8d875 (size before relaxing)
 .debug_str     0x0000000000094c7c     0x1666 _build/nrf52840_xxaa/app_button.c.o
                                      0x9233d (size before relaxing)
 .debug_str     0x00000000000962e2       0xf4 _build/nrf52840_xxaa/app_error.c.o
                                      0x7803e (size before relaxing)
 .debug_str     0x00000000000963d6      0xa52 _build/nrf52840_xxaa/app_error_weak.c.o
                                      0x8e14c (size before relaxing)
 .debug_str     0x0000000000096e28      0xb78 _build/nrf52840_xxaa/app_timer.c.o
                                      0x91d1c (size before relaxing)
 .debug_str     0x00000000000979a0      0x24e _build/nrf52840_xxaa/app_util_platform.c.o
                                      0x79597 (size before relaxing)
 .debug_str     0x0000000000097bee      0x3c4 _build/nrf52840_xxaa/nrf_atflags.c.o
                                      0x88323 (size before relaxing)
 .debug_str     0x0000000000097fb2      0x65b _build/nrf52840_xxaa/nrf_atomic.c.o
                                      0x8867e (size before relaxing)
 .debug_str     0x000000000009860d      0x164 _build/nrf52840_xxaa/nrf_balloc.c.o
                                      0x8d104 (size before relaxing)
 .debug_str     0x0000000000098771      0x144 _build/nrf52840_xxaa/nrf_fprintf.c.o
                                      0x882d7 (size before relaxing)
 .debug_str     0x00000000000988b5      0x11d _build/nrf52840_xxaa/nrf_fprintf_format.c.o
                                      0x883cc (size before relaxing)
 .debug_str     0x00000000000989d2      0x1a5 _build/nrf52840_xxaa/nrf_memobj.c.o
                                      0x8b4bc (size before relaxing)
 .debug_str     0x0000000000098b77     0x17a8 _build/nrf52840_xxaa/nrf_pwr_mgmt.c.o
                                      0x96675 (size before relaxing)
 .debug_str     0x000000000009a31f       0xdc _build/nrf52840_xxaa/nrf_ringbuf.c.o
                                      0x89bae (size before relaxing)
 .debug_str     0x000000000009a3fb       0x54 _build/nrf52840_xxaa/nrf_section_iter.c.o
                                      0x884a6 (size before relaxing)
 .debug_str     0x000000000009a44f       0xed _build/nrf52840_xxaa/nrf_strerror.c.o
                                      0x88043 (size before relaxing)
 .debug_str     0x000000000009a53c      0x487 _build/nrf52840_xxaa/system_nrf52840.c.o
                                      0x73c78 (size before relaxing)
 .debug_str     0x000000000009a9c3     0x16e5 _build/nrf52840_xxaa/boards.c.o
                                      0x91f31 (size before relaxing)
 .debug_str     0x000000000009c0a8      0xede _build/nrf52840_xxaa/nrf_drv_clock.c.o