Archive member included to satisfy reference by file (symbol)

/opt/gcc-arm-none-eabi-9-2020-q2-update/bin/../lib/gcc/arm-none-eabi/9.3.1/../../../../arm-none-eabi/lib/thumb/v7e-m+fp/hard/libc_nano.a(lib_a-ctype_.o)
                              _build/nrf52840_xxaa/nrf_log_str_formatter.c.o (_ctype_)
/opt/gcc-arm-none-eabi-9-2020-q2-update/bin/../lib/gcc/arm-none-eabi/9.3.1/../../../../arm-none-eabi/lib/thumb/v7e-m+fp/hard/libc_nano.a(lib_a-exit.o)
                              /opt/gcc-arm-none-eabi-9-2020-q2-update/bin/../lib/gcc/arm-none-eabi/9.3.1/../../../../arm-none-eabi/lib/thumb/v7e-m+fp/hard/crt0.o (exit)
/opt/gcc-arm-none-eabi-9-2020-q2-update/bin/../lib/gcc/arm-none-eabi/9.3.1/../../../../arm-none-eabi/lib/thumb/v7e-m+fp/hard/libc_nano.a(lib_a-impure.o)
                              /opt/gcc-arm-none-eabi-9-2020-q2-update/bin/../lib/gcc/arm-none-eabi/9.3.1/../../../../arm-none-eabi/lib/thumb/v7e-m+fp/hard/libc_nano.a(lib_a-exit.o) (_global_impure_ptr)
/opt/gcc-arm-none-eabi-9-2020-q2-update/bin/../lib/gcc/arm-none-eabi/9.3.1/../../../../arm-none-eabi/lib/thumb/v7e-m+fp/hard/libc_nano.a(lib_a-init.o)
                              /opt/gcc-arm-none-eabi-9-2020-q2-update/bin/../lib/gcc/arm-none-eabi/9.3.1/../../../../arm-none-eabi/lib/thumb/v7e-m+fp/hard/crt0.o (__libc_init_array)
/opt/gcc-arm-none-eabi-9-2020-q2-update/bin/../lib/gcc/arm-none-eabi/9.3.1/../../../../arm-none-eabi/lib/thumb/v7e-m+fp/hard/libc_nano.a(lib_a-memcmp.o)
                              _build/nrf52840_xxaa/ble_advdata.c.o (memcmp)
/opt/gcc-arm-none-eabi-9-2020-q2-update/bin/../lib/gcc/arm-none-eabi/9.3.1/../../../../arm-none-eabi/lib/thumb/v7e-m+fp/hard/libc_nano.a(lib_a-memcpy-stub.o)
                              _build/nrf52840_xxaa/nrf_log_frontend.c.o (memcpy)
/opt/gcc-arm-none-eabi-9-2020-q2-update/bin/../lib/gcc/arm-none-eabi/9.3.1/../../../../arm-none-eabi/lib/thumb/v7e-m+fp/hard/libc_nano.a(lib_a-memset.o)
                              /opt/gcc-arm-none-eabi-9-2020-q2-update/bin/../lib/gcc/arm-none-eabi/9.3.1/../../../../arm-none-eabi/lib/thumb/v7e-m+fp/hard/crt0.o (memset)
/opt/gcc-arm-none-eabi-9-2020-q2-update/bin/../lib/gcc/arm-none-eabi/9.3.1/../../../../arm-none-eabi/lib/thumb/v7e-m+fp/hard/libc_nano.a(lib_a-strcmp.o)
                              _build/nrf52840_xxaa/nrf_ble_scan.c.o (strcmp)
/opt/gcc-arm-none-eabi-9-2020-q2-update/bin/../lib/gcc/arm-none-eabi/9.3.1/../../../../arm-none-eabi/lib/thumb/v7e-m+fp/hard/libc_nano.a(lib_a-strcpy.o)
                              _build/nrf52840_xxaa/SEGGER_RTT.c.o (strcpy)
/opt/gcc-arm-none-eabi-9-2020-q2-update/bin/../lib/gcc/arm-none-eabi/9.3.1/../../../../arm-none-eabi/lib/thumb/v7e-m+fp/hard/libc_nano.a(lib_a-strlen.o)
                              _build/nrf52840_xxaa/nrf_log_frontend.c.o (strlen)
/opt/gcc-arm-none-eabi-9-2020-q2-update/bin/../lib/gcc/arm-none-eabi/9.3.1/../../../../arm-none-eabi/lib/thumb/v7e-m+fp/hard/libnosys.a(_exit.o)
                              /opt/gcc-arm-none-eabi-9-2020-q2-update/bin/../lib/gcc/arm-none-eabi/9.3.1/../../../../arm-none-eabi/lib/thumb/v7e-m+fp/hard/libc_nano.a(lib_a-exit.o) (_exit)
/opt/gcc-arm-none-eabi-9-2020-q2-update/bin/../lib/gcc/arm-none-eabi/9.3.1/thumb/v7e-m+fp/hard/libgcc.a(_aeabi_ldivmod.o)
                              _build/nrf52840_xxaa/bsp.c.o (__aeabi_ldivmod)
/opt/gcc-arm-none-eabi-9-2020-q2-update/bin/../lib/gcc/arm-none-eabi/9.3.1/thumb/v7e-m+fp/hard/libgcc.a(_aeabi_uldivmod.o)
                              _build/nrf52840_xxaa/bsp.c.o (__aeabi_uldivmod)
/opt/gcc-arm-none-eabi-9-2020-q2-update/bin/../lib/gcc/arm-none-eabi/9.3.1/thumb/v7e-m+fp/hard/libgcc.a(_udivmoddi4.o)
                              /opt/gcc-arm-none-eabi-9-2020-q2-update/bin/../lib/gcc/arm-none-eabi/9.3.1/thumb/v7e-m+fp/hard/libgcc.a(_aeabi_ldivmod.o) (__udivmoddi4)
/opt/gcc-arm-none-eabi-9-2020-q2-update/bin/../lib/gcc/arm-none-eabi/9.3.1/thumb/v7e-m+fp/hard/libgcc.a(_dvmd_tls.o)
                              /opt/gcc-arm-none-eabi-9-2020-q2-update/bin/../lib/gcc/arm-none-eabi/9.3.1/thumb/v7e-m+fp/hard/libgcc.a(_aeabi_ldivmod.o) (__aeabi_ldiv0)

Allocating common symbols
Common symbol       size              file

nrf_nvic_state      0xc               _build/nrf52840_xxaa/app_util_platform.c.o
nrf_drv_uart_use_easy_dma
                    0x2               _build/nrf52840_xxaa/nrf_drv_uart.c.o
_SEGGER_RTT         0x78              _build/nrf52840_xxaa/SEGGER_RTT.c.o

Discarded input sections

 .text          0x0000000000000000        0x0 /opt/gcc-arm-none-eabi-9-2020-q2-update/bin/../lib/gcc/arm-none-eabi/9.3.1/thumb/v7e-m+fp/hard/crti.o
 .data          0x0000000000000000        0x0 /opt/gcc-arm-none-eabi-9-2020-q2-update/bin/../lib/gcc/arm-none-eabi/9.3.1/thumb/v7e-m+fp/hard/crti.o
 .bss           0x0000000000000000        0x0 /opt/gcc-arm-none-eabi-9-2020-q2-update/bin/../lib/gcc/arm-none-eabi/9.3.1/thumb/v7e-m+fp/hard/crti.o
[...]
Memory Configuration

Name             Origin             Length             Attributes
FLASH            0x0000000000026000 0x00000000000da000 xr
RAM              0x0000000020004368 0x000000000003bc98 xrw
*default*        0x0000000000000000 0xffffffffffffffff

Linker script and memory map


.text           0x0000000000026000     0x7444
 *(.isr_vector)
 .isr_vector    0x0000000000026000      0x200 _build/nrf52840_xxaa/gcc_startup_nrf52840.S.o
                0x0000000000026000                __isr_vector
 *(.text*)
 .text          0x0000000000026200       0x40 /opt/gcc-arm-none-eabi-9-2020-q2-update/bin/../lib/gcc/arm-none-eabi/9.3.1/thumb/v7e-m+fp/hard/crtbegin.o
 .text          0x0000000000026240       0x7c /opt/gcc-arm-none-eabi-9-2020-q2-update/bin/../lib/gcc/arm-none-eabi/9.3.1/../../../../arm-none-eabi/lib/thumb/v7e-m+fp/hard/crt0.o
                0x0000000000026240                _stack_init
                0x0000000000026248                _mainCRTStartup
                0x0000000000026248                _start
 .text          0x00000000000262bc       0x3c _build/nrf52840_xxaa/gcc_startup_nrf52840.S.o
                0x00000000000262bc                Reset_Handler
                0x00000000000262e4                NMI_Handler
                0x00000000000262e6                HardFault_Handler
                0x00000000000262e8                MemoryManagement_Handler
                0x00000000000262ea                BusFault_Handler
                0x00000000000262ec                UsageFault_Handler
                0x00000000000262ee                SVC_Handler
                0x00000000000262f0                DebugMon_Handler
                0x00000000000262f2                PendSV_Handler
                0x00000000000262f4                SysTick_Handler
                0x00000000000262f6                TIMER2_IRQHandler
                0x00000000000262f6                RTC0_IRQHandler
                0x00000000000262f6                PWM1_IRQHandler
                0x00000000000262f6                RADIO_IRQHandler
                0x00000000000262f6                PDM_IRQHandler
                0x00000000000262f6                TEMP_IRQHandler
                0x00000000000262f6                QDEC_IRQHandler
                0x00000000000262f6                TIMER3_IRQHandler
                0x00000000000262f6                PWM3_IRQHandler
                0x00000000000262f6                FPU_IRQHandler
                0x00000000000262f6                USBD_IRQHandler
                0x00000000000262f6                SPIM0_SPIS0_TWIM0_TWIS0_SPI0_TWI0_IRQHandler
                0x00000000000262f6                TIMER4_IRQHandler
                0x00000000000262f6                CRYPTOCELL_IRQHandler
                0x00000000000262f6                I2S_IRQHandler
                0x00000000000262f6                SWI4_EGU4_IRQHandler
                0x00000000000262f6                TIMER0_IRQHandler
                0x00000000000262f6                UARTE1_IRQHandler
                0x00000000000262f6                TIMER1_IRQHandler
                0x00000000000262f6                SPIM3_IRQHandler
                0x00000000000262f6                PWM2_IRQHandler
                0x00000000000262f6                ECB_IRQHandler
                0x00000000000262f6                SPIM1_SPIS1_TWIM1_TWIS1_SPI1_TWI1_IRQHandler
                0x00000000000262f6                Default_Handler
                0x00000000000262f6                SAADC_IRQHandler
                0x00000000000262f6                CCM_AAR_IRQHandler
                0x00000000000262f6                WDT_IRQHandler
                0x00000000000262f6                SWI5_EGU5_IRQHandler
                0x00000000000262f6                RNG_IRQHandler
                0x00000000000262f6                RTC2_IRQHandler
                0x00000000000262f6                PWM0_IRQHandler
                0x00000000000262f6                SWI3_EGU3_IRQHandler
                0x00000000000262f6                SWI1_EGU1_IRQHandler
                0x00000000000262f6                SPIM2_SPIS2_SPI2_IRQHandler
                0x00000000000262f6                NFCT_IRQHandler
                0x00000000000262f6                MWU_IRQHandler
                0x00000000000262f6                QSPI_IRQHandler
                0x00000000000262f6                COMP_LPCOMP_IRQHandler
 .text.nrf_log_backend_serial_put
                0x00000000000262f8       0xd8 _build/nrf52840_xxaa/nrf_log_backend_serial.c.o
                0x00000000000262f8                nrf_log_backend_serial_put
 .text.uart_evt_handler
                0x00000000000263d0        0xc _build/nrf52840_xxaa/nrf_log_backend_uart.c.o
 .text.nrf_log_backend_uart_flush
                0x00000000000263dc        0x4 _build/nrf52840_xxaa/nrf_log_backend_uart.c.o
 .text.nrf_log_backend_uart_put
                0x00000000000263e0       0x20 _build/nrf52840_xxaa/nrf_log_backend_uart.c.o
 .text.serial_tx
                0x0000000000026400       0x4c _build/nrf52840_xxaa/nrf_log_backend_uart.c.o
 .text.nrf_log_backend_uart_panic_set
                0x000000000002644c       0x7c _build/nrf52840_xxaa/nrf_log_backend_uart.c.o
 .text.nrf_log_backend_uart_init
                0x00000000000264c8       0x68 _build/nrf52840_xxaa/nrf_log_backend_uart.c.o
                0x00000000000264c8                nrf_log_backend_uart_init
 .text.nrf_log_default_backends_init
                0x0000000000026530       0x20 _build/nrf52840_xxaa/nrf_log_default_backends.c.o
                0x0000000000026530                nrf_log_default_backends_init
 .text.nrf_log_init
                0x0000000000026550       0x40 _build/nrf52840_xxaa/nrf_log_frontend.c.o
                0x0000000000026550                nrf_log_init
 .text.nrf_log_module_name_get
                0x0000000000026590       0x48 _build/nrf52840_xxaa/nrf_log_frontend.c.o
                0x0000000000026590                nrf_log_module_name_get
 .text.nrf_log_color_id_get
                0x00000000000265d8       0x2c _build/nrf52840_xxaa/nrf_log_frontend.c.o
                0x00000000000265d8                nrf_log_color_id_get
 .text.nrf_log_frontend_dequeue
                0x0000000000026604      0x274 _build/nrf52840_xxaa/nrf_log_frontend.c.o
                0x0000000000026604                nrf_log_frontend_dequeue
 .text.nrf_log_frontend_std_0
                0x0000000000026878      0x1a0 _build/nrf52840_xxaa/nrf_log_frontend.c.o
                0x0000000000026878                nrf_log_frontend_std_0
 .text.nrf_log_frontend_std_1
                0x0000000000026a18      0x1b0 _build/nrf52840_xxaa/nrf_log_frontend.c.o
                0x0000000000026a18                nrf_log_frontend_std_1
 .text.nrf_log_frontend_std_2
                0x0000000000026bc8      0x1c0 _build/nrf52840_xxaa/nrf_log_frontend.c.o
                0x0000000000026bc8                nrf_log_frontend_std_2
 .text.nrf_log_backend_add
                0x0000000000026d88       0x5c _build/nrf52840_xxaa/nrf_log_frontend.c.o
                0x0000000000026d88                nrf_log_backend_add
 .text.nrf_log_panic
                0x0000000000026de4       0x2c _build/nrf52840_xxaa/nrf_log_frontend.c.o
                0x0000000000026de4                nrf_log_panic
 .text.prefix_process
                0x0000000000026e10       0x80 _build/nrf52840_xxaa/nrf_log_str_formatter.c.o
 .text.nrf_log_std_entry_process
                0x0000000000026e90       0xf0 _build/nrf52840_xxaa/nrf_log_str_formatter.c.o
                0x0000000000026e90                nrf_log_std_entry_process
 .text.nrf_log_hexdump_entry_process
                0x0000000000026f80       0xfc _build/nrf52840_xxaa/nrf_log_str_formatter.c.o
                0x0000000000026f80                nrf_log_hexdump_entry_process
 .text.detection_delay_timeout_handler
                0x000000000002707c      0x10c _build/nrf52840_xxaa/app_button.c.o
 .text.gpiote_event_handler
                0x0000000000027188       0xa0 _build/nrf52840_xxaa/app_button.c.o
 .text.app_button_init
                0x0000000000027228       0xb0 _build/nrf52840_xxaa/app_button.c.o
                0x0000000000027228                app_button_init
 .text.app_button_enable
                0x00000000000272d8       0x2c _build/nrf52840_xxaa/app_button.c.o
                0x00000000000272d8                app_button_enable
 .text.app_button_disable
                0x0000000000027304       0x34 _build/nrf52840_xxaa/app_button.c.o
                0x0000000000027304                app_button_disable
 .text.app_error_handler_bare
                0x0000000000027338       0x20 _build/nrf52840_xxaa/app_error.c.o
                0x0000000000027338                app_error_handler_bare
 .text.app_error_fault_handler
                0x0000000000027358       0x70 _build/nrf52840_xxaa/app_error_weak.c.o
                0x0000000000027358                app_error_fault_handler
 .text.RTC1_IRQHandler
                0x00000000000273c8       0xa0 _build/nrf52840_xxaa/app_timer.c.o
                0x00000000000273c8                RTC1_IRQHandler
 .text.SWI0_EGU0_IRQHandler
                0x0000000000027468      0x3e0 _build/nrf52840_xxaa/app_timer.c.o
                0x0000000000027468                SWI0_EGU0_IRQHandler
 .text.app_timer_init
                0x0000000000027848       0xa8 _build/nrf52840_xxaa/app_timer.c.o
                0x0000000000027848                app_timer_init
 .text.app_timer_create
                0x00000000000278f0       0x24 _build/nrf52840_xxaa/app_timer.c.o
                0x00000000000278f0                app_timer_create
 .text.app_timer_start
                0x0000000000027914       0xac _build/nrf52840_xxaa/app_timer.c.o
                0x0000000000027914                app_timer_start
 .text.app_timer_stop
                0x00000000000279c0       0x78 _build/nrf52840_xxaa/app_timer.c.o
                0x00000000000279c0                app_timer_stop
 .text.app_util_critical_region_enter
                0x0000000000027a38       0x4c _build/nrf52840_xxaa/app_util_platform.c.o
                0x0000000000027a38                app_util_critical_region_enter
 .text.app_util_critical_region_exit
                0x0000000000027a84       0x30 _build/nrf52840_xxaa/app_util_platform.c.o
                0x0000000000027a84                app_util_critical_region_exit
 .text.nrf_atflags_set
                0x0000000000027ab4       0x14 _build/nrf52840_xxaa/nrf_atflags.c.o
                0x0000000000027ab4                nrf_atflags_set
 .text.nrf_atflags_clear
                0x0000000000027ac8       0x14 _build/nrf52840_xxaa/nrf_atflags.c.o
                0x0000000000027ac8                nrf_atflags_clear
 .text.nrf_atflags_get
                0x0000000000027adc       0x14 _build/nrf52840_xxaa/nrf_atflags.c.o
                0x0000000000027adc                nrf_atflags_get
 .text.nrf_atomic_u32_fetch_store
                0x0000000000027af0       0x1c _build/nrf52840_xxaa/nrf_atomic.c.o
                0x0000000000027af0                nrf_atomic_u32_fetch_store
 .text.nrf_atomic_u32_or
                0x0000000000027b0c       0x1c _build/nrf52840_xxaa/nrf_atomic.c.o
                0x0000000000027b0c                nrf_atomic_u32_or
 .text.nrf_atomic_u32_and
                0x0000000000027b28       0x1c _build/nrf52840_xxaa/nrf_atomic.c.o
                0x0000000000027b28                nrf_atomic_u32_and
 .text.nrf_atomic_u32_add
                0x0000000000027b44       0x1c _build/nrf52840_xxaa/nrf_atomic.c.o
                0x0000000000027b44                nrf_atomic_u32_add
 .text.nrf_atomic_u32_sub
                0x0000000000027b60       0x1c _build/nrf52840_xxaa/nrf_atomic.c.o
                0x0000000000027b60                nrf_atomic_u32_sub
 .text.nrf_atomic_flag_set
                0x0000000000027b7c       0x20 _build/nrf52840_xxaa/nrf_atomic.c.o
                0x0000000000027b7c                nrf_atomic_flag_set
 .text.nrf_atomic_flag_clear_fetch
                0x0000000000027b9c       0x20 _build/nrf52840_xxaa/nrf_atomic.c.o
                0x0000000000027b9c                nrf_atomic_flag_clear_fetch
 .text.nrf_balloc_init
                0x0000000000027bbc       0x38 _build/nrf52840_xxaa/nrf_balloc.c.o
                0x0000000000027bbc                nrf_balloc_init
 .text.nrf_balloc_alloc
                0x0000000000027bf4       0x50 _build/nrf52840_xxaa/nrf_balloc.c.o
                0x0000000000027bf4                nrf_balloc_alloc
 .text.nrf_balloc_free
                0x0000000000027c44       0x38 _build/nrf52840_xxaa/nrf_balloc.c.o
                0x0000000000027c44                nrf_balloc_free
 .text.nrf_fprintf_buffer_flush
                0x0000000000027c7c       0x18 _build/nrf52840_xxaa/nrf_fprintf.c.o
                0x0000000000027c7c                nrf_fprintf_buffer_flush
 .text.nrf_fprintf
                0x0000000000027c94       0x20 _build/nrf52840_xxaa/nrf_fprintf.c.o
                0x0000000000027c94                nrf_fprintf
 .text.unsigned_print
                0x0000000000027cb4      0x14c _build/nrf52840_xxaa/nrf_fprintf_format.c.o
 .text.nrf_fprintf_fmt
                0x0000000000027e00      0x5cc _build/nrf52840_xxaa/nrf_fprintf_format.c.o
                0x0000000000027e00                nrf_fprintf_fmt
 .text.nrf_memobj_pool_init
                0x00000000000283cc        0x4 _build/nrf52840_xxaa/nrf_memobj.c.o
                0x00000000000283cc                nrf_memobj_pool_init
 .text.nrf_memobj_alloc
                0x00000000000283d0       0x94 _build/nrf52840_xxaa/nrf_memobj.c.o
                0x00000000000283d0                nrf_memobj_alloc
 .text.nrf_memobj_get
                0x0000000000028464        0x8 _build/nrf52840_xxaa/nrf_memobj.c.o
                0x0000000000028464                nrf_memobj_get
 .text.nrf_memobj_put
                0x000000000002846c       0x58 _build/nrf52840_xxaa/nrf_memobj.c.o
                0x000000000002846c                nrf_memobj_put
 .text.nrf_memobj_write
                0x00000000000284c4       0x68 _build/nrf52840_xxaa/nrf_memobj.c.o
                0x00000000000284c4                nrf_memobj_write
 .text.nrf_memobj_read
                0x000000000002852c       0x68 _build/nrf52840_xxaa/nrf_memobj.c.o
                0x000000000002852c                nrf_memobj_read
 .text.sd_app_evt_wait
                0x0000000000028594        0x4 _build/nrf52840_xxaa/nrf_pwr_mgmt.c.o
 .text.nrf_pwr_mgmt_init
                0x0000000000028598       0x2c _build/nrf52840_xxaa/nrf_pwr_mgmt.c.o
                0x0000000000028598                nrf_pwr_mgmt_init
 .text.nrf_pwr_mgmt_run
                0x00000000000285c4       0x54 _build/nrf52840_xxaa/nrf_pwr_mgmt.c.o
                0x00000000000285c4                nrf_pwr_mgmt_run
 .text.nrf_ringbuf_init
                0x0000000000028618       0x1c _build/nrf52840_xxaa/nrf_ringbuf.c.o
                0x0000000000028618                nrf_ringbuf_init
 .text.nrf_section_iter_init
                0x0000000000028634       0x14 _build/nrf52840_xxaa/nrf_section_iter.c.o
                0x0000000000028634                nrf_section_iter_init
 .text.nrf_section_iter_next
                0x0000000000028648       0x18 _build/nrf52840_xxaa/nrf_section_iter.c.o
                0x0000000000028648                nrf_section_iter_next
 .text.nrf_strerror_get
                0x0000000000028660       0x50 _build/nrf52840_xxaa/nrf_strerror.c.o
                0x0000000000028660                nrf_strerror_get
 .text.SystemInit
                0x00000000000286b0      0x1c4 _build/nrf52840_xxaa/system_nrf52840.c.o
                0x00000000000286b0                SystemInit
 .text.bsp_board_led_on
                0x0000000000028874       0x24 _build/nrf52840_xxaa/boards.c.o
                0x0000000000028874                bsp_board_led_on
 .text.bsp_board_led_off
                0x0000000000028898       0x24 _build/nrf52840_xxaa/boards.c.o
                0x0000000000028898                bsp_board_led_off
 .text.bsp_board_init
                0x00000000000288bc       0x5c _build/nrf52840_xxaa/boards.c.o
                0x00000000000288bc                bsp_board_init
 .text.clock_irq_handler
                0x0000000000028918       0x44 _build/nrf52840_xxaa/nrf_drv_clock.c.o
 .text.soc_evt_handler
                0x000000000002895c       0x28 _build/nrf52840_xxaa/nrf_drv_clock.c.o
 .text.sd_state_evt_handler
                0x0000000000028984       0xa8 _build/nrf52840_xxaa/nrf_drv_clock.c.o
 .text.uarte_evt_handler
                0x0000000000028a2c       0x34 _build/nrf52840_xxaa/nrf_drv_uart.c.o
 .text.uart_evt_handler
                0x0000000000028a60       0x34 _build/nrf52840_xxaa/nrf_drv_uart.c.o
 .text.nrf_drv_uart_init
                0x0000000000028a94       0x88 _build/nrf52840_xxaa/nrf_drv_uart.c.o
                0x0000000000028a94                nrf_drv_uart_init
 .text.nrfx_clock_init
                0x0000000000028b1c       0x18 _build/nrf52840_xxaa/nrfx_clock.c.o
                0x0000000000028b1c                nrfx_clock_init
 .text.nrfx_clock_enable
                0x0000000000028b34       0x24 _build/nrf52840_xxaa/nrfx_clock.c.o
                0x0000000000028b34                nrfx_clock_enable
 .text.nrfx_clock_lfclk_stop
                0x0000000000028b58       0x18 _build/nrf52840_xxaa/nrfx_clock.c.o
                0x0000000000028b58                nrfx_clock_lfclk_stop
 .text.POWER_CLOCK_IRQHandler
                0x0000000000028b70       0x6c _build/nrf52840_xxaa/nrfx_clock.c.o
                0x0000000000028b70                POWER_CLOCK_IRQHandler
 .text.nrfx_gpiote_init
                0x0000000000028bdc       0x9c _build/nrf52840_xxaa/nrfx_gpiote.c.o
                0x0000000000028bdc                nrfx_gpiote_init
 .text.nrfx_gpiote_is_init
                0x0000000000028c78       0x14 _build/nrf52840_xxaa/nrfx_gpiote.c.o
                0x0000000000028c78                nrfx_gpiote_is_init
 .text.nrfx_gpiote_in_init
                0x0000000000028c8c      0x1e4 _build/nrf52840_xxaa/nrfx_gpiote.c.o
                0x0000000000028c8c                nrfx_gpiote_in_init
 .text.nrfx_gpiote_in_event_enable
                0x0000000000028e70       0xd8 _build/nrf52840_xxaa/nrfx_gpiote.c.o
                0x0000000000028e70                nrfx_gpiote_in_event_enable
 .text.nrfx_gpiote_in_event_disable
                0x0000000000028f48       0x74 _build/nrf52840_xxaa/nrfx_gpiote.c.o
                0x0000000000028f48                nrfx_gpiote_in_event_disable
 .text.nrfx_gpiote_in_is_set
                0x0000000000028fbc       0x20 _build/nrf52840_xxaa/nrfx_gpiote.c.o
                0x0000000000028fbc                nrfx_gpiote_in_is_set
 .text.GPIOTE_IRQHandler
                0x0000000000028fdc      0x5a0 _build/nrf52840_xxaa/nrfx_gpiote.c.o
                0x0000000000028fdc                GPIOTE_IRQHandler
 .text.UARTE0_UART0_IRQHandler
                0x000000000002957c        0xc _build/nrf52840_xxaa/nrfx_prs.c.o
                0x000000000002957c                UARTE0_UART0_IRQHandler
 .text.nrfx_prs_acquire
                0x0000000000029588       0x50 _build/nrf52840_xxaa/nrfx_prs.c.o
                0x0000000000029588                nrfx_prs_acquire
 .text.nrfx_prs_release
                0x00000000000295d8       0x18 _build/nrf52840_xxaa/nrfx_prs.c.o
                0x00000000000295d8                nrfx_prs_release
 .text.nrfx_uart_0_irq_handler
                0x00000000000295f0      0x1c0 _build/nrf52840_xxaa/nrfx_uart.c.o
                0x00000000000295f0                nrfx_uart_0_irq_handler
 .text.nrfx_uart_init
                0x00000000000297b0      0x1e8 _build/nrf52840_xxaa/nrfx_uart.c.o
                0x00000000000297b0                nrfx_uart_init
 .text.nrfx_uart_uninit
                0x0000000000029998       0xfc _build/nrf52840_xxaa/nrfx_uart.c.o
                0x0000000000029998                nrfx_uart_uninit
 .text.nrfx_uart_tx
                0x0000000000029a94       0xd0 _build/nrf52840_xxaa/nrfx_uart.c.o
                0x0000000000029a94                nrfx_uart_tx
 .text.nrfx_uarte_0_irq_handler
                0x0000000000029b64      0x12c _build/nrf52840_xxaa/nrfx_uarte.c.o
                0x0000000000029b64                nrfx_uarte_0_irq_handler
 .text.nrfx_uarte_init
                0x0000000000029c90      0x210 _build/nrf52840_xxaa/nrfx_uarte.c.o
                0x0000000000029c90                nrfx_uarte_init
 .text.nrfx_uarte_uninit
                0x0000000000029ea0      0x104 _build/nrf52840_xxaa/nrfx_uarte.c.o
                0x0000000000029ea0                nrfx_uarte_uninit
 .text.nrfx_uarte_tx
                0x0000000000029fa4       0xa8 _build/nrf52840_xxaa/nrfx_uarte.c.o
                0x0000000000029fa4                nrfx_uarte_tx
 .text.bsp_event_to_button_action_assign
                0x000000000002a04c       0x54 _build/nrf52840_xxaa/bsp.c.o
                0x000000000002a04c                bsp_event_to_button_action_assign
 .text.ble_evt_handler
                0x000000000002a0a0       0xac _build/nrf52840_xxaa/bsp_btn_ble.c.o
 .text.sd_ble_gap_conn_param_update
                0x000000000002a14c        0x4 _build/nrf52840_xxaa/main.c.o
 .text.sd_ble_gap_disconnect
                0x000000000002a150        0x4 _build/nrf52840_xxaa/main.c.o
 .text.sd_ble_gap_phy_update
                0x000000000002a154        0x4 _build/nrf52840_xxaa/main.c.o
 .text.db_disc_handler
                0x000000000002a158       0x14 _build/nrf52840_xxaa/main.c.o
 .text.scan_evt_handler
                0x000000000002a16c       0x14 _build/nrf52840_xxaa/main.c.o
 .text.button_event_handler
                0x000000000002a180       0x5c _build/nrf52840_xxaa/main.c.o
 .text.lbs_c_evt_handler
                0x000000000002a1dc       0x84 _build/nrf52840_xxaa/main.c.o
 .text.ble_evt_handler
                0x000000000002a260      0x180 _build/nrf52840_xxaa/main.c.o
 .text.startup.main
                0x000000000002a3e0      0x19c _build/nrf52840_xxaa/main.c.o
                0x000000000002a3e0                main
 .text.ble_advdata_name_find
                0x000000000002a57c       0x74 _build/nrf52840_xxaa/ble_advdata.c.o
                0x000000000002a57c                ble_advdata_name_find
 .text.ble_evt_handler
                0x000000000002a5f0      0x124 _build/nrf52840_xxaa/ble_conn_state.c.o
 .text.ble_conn_state_init
                0x000000000002a714       0x10 _build/nrf52840_xxaa/ble_conn_state.c.o
                0x000000000002a714                ble_conn_state_init
 .text.ble_conn_state_central_conn_count
                0x000000000002a724       0x38 _build/nrf52840_xxaa/ble_conn_state.c.o
                0x000000000002a724                ble_conn_state_central_conn_count
 .text.sd_ble_gattc_primary_services_discover
                0x000000000002a75c        0x4 _build/nrf52840_xxaa/ble_db_discovery.c.o
 .text.sd_ble_gattc_characteristics_discover
                0x000000000002a760        0x4 _build/nrf52840_xxaa/ble_db_discovery.c.o
 .text.sd_ble_gattc_descriptors_discover
                0x000000000002a764        0x4 _build/nrf52840_xxaa/ble_db_discovery.c.o
 .text.discovery_error_evt_trigger
                0x000000000002a768       0xd8 _build/nrf52840_xxaa/ble_db_discovery.c.o
 .text.discovery_complete_evt_trigger
                0x000000000002a840      0x12c _build/nrf52840_xxaa/ble_db_discovery.c.o
 .text.descriptors_discover
                0x000000000002a96c       0xcc _build/nrf52840_xxaa/ble_db_discovery.c.o
 .text.ble_db_discovery_init
                0x000000000002aa38       0x34 _build/nrf52840_xxaa/ble_db_discovery.c.o
                0x000000000002aa38                ble_db_discovery_init
 .text.ble_db_discovery_evt_register
                0x000000000002aa6c       0xcc _build/nrf52840_xxaa/ble_db_discovery.c.o
                0x000000000002aa6c                ble_db_discovery_evt_register
 .text.ble_db_discovery_start
                0x000000000002ab38       0x84 _build/nrf52840_xxaa/ble_db_discovery.c.o
                0x000000000002ab38                ble_db_discovery_start
 .text.ble_db_discovery_on_ble_evt
                0x000000000002abbc      0xa04 _build/nrf52840_xxaa/ble_db_discovery.c.o
                0x000000000002abbc                ble_db_discovery_on_ble_evt
 .text.sd_ble_gap_data_length_update
                0x000000000002b5c0        0x4 _build/nrf52840_xxaa/nrf_ble_gatt.c.o
 .text.sd_ble_gattc_exchange_mtu_request
                0x000000000002b5c4        0x4 _build/nrf52840_xxaa/nrf_ble_gatt.c.o
 .text.sd_ble_gatts_exchange_mtu_reply
                0x000000000002b5c8        0x4 _build/nrf52840_xxaa/nrf_ble_gatt.c.o
 .text.data_length_update
                0x000000000002b5cc       0x8c _build/nrf52840_xxaa/nrf_ble_gatt.c.o
 .text.nrf_ble_gatt_init
                0x000000000002b658       0x50 _build/nrf52840_xxaa/nrf_ble_gatt.c.o
                0x000000000002b658                nrf_ble_gatt_init
 .text.nrf_ble_gatt_on_ble_evt
                0x000000000002b6a8      0x208 _build/nrf52840_xxaa/nrf_ble_gatt.c.o
                0x000000000002b6a8                nrf_ble_gatt_on_ble_evt
 .text.sd_ble_gap_scan_start
                0x000000000002b8b0        0x4 _build/nrf52840_xxaa/nrf_ble_scan.c.o
 .text.sd_ble_gap_scan_stop
                0x000000000002b8b4        0x4 _build/nrf52840_xxaa/nrf_ble_scan.c.o
 .text.sd_ble_gap_connect
                0x000000000002b8b8        0x4 _build/nrf52840_xxaa/nrf_ble_scan.c.o
 .text.nrf_ble_scan_filter_set
                0x000000000002b8bc       0x64 _build/nrf52840_xxaa/nrf_ble_scan.c.o
                0x000000000002b8bc                nrf_ble_scan_filter_set
 .text.nrf_ble_scan_filters_enable
                0x000000000002b920       0x28 _build/nrf52840_xxaa/nrf_ble_scan.c.o
                0x000000000002b920                nrf_ble_scan_filters_enable
 .text.nrf_ble_scan_init
                0x000000000002b948       0xac _build/nrf52840_xxaa/nrf_ble_scan.c.o
                0x000000000002b948                nrf_ble_scan_init
 .text.nrf_ble_scan_start
                0x000000000002b9f4       0x74 _build/nrf52840_xxaa/nrf_ble_scan.c.o
                0x000000000002b9f4                nrf_ble_scan_start
 .text.nrf_ble_scan_on_ble_evt
                0x000000000002ba68      0x238 _build/nrf52840_xxaa/nrf_ble_scan.c.o
                0x000000000002ba68                nrf_ble_scan_on_ble_evt
 .text.sd_ble_gattc_read
                0x000000000002bca0        0x4 _build/nrf52840_xxaa/ble_lbs_c.c.o
 .text.sd_ble_gattc_write
                0x000000000002bca4        0x4 _build/nrf52840_xxaa/ble_lbs_c.c.o
 .text.sd_ble_uuid_vs_add
                0x000000000002bca8        0x4 _build/nrf52840_xxaa/ble_lbs_c.c.o
 .text.ble_lbs_on_db_disc_evt
                0x000000000002bcac      0x1f8 _build/nrf52840_xxaa/ble_lbs_c.c.o
                0x000000000002bcac                ble_lbs_on_db_disc_evt
 .text.ble_lbs_c_init
                0x000000000002bea4       0x5c _build/nrf52840_xxaa/ble_lbs_c.c.o
                0x000000000002bea4                ble_lbs_c_init
 .text.ble_lbs_c_on_ble_evt
                0x000000000002bf00       0xb4 _build/nrf52840_xxaa/ble_lbs_c.c.o
                0x000000000002bf00                ble_lbs_c_on_ble_evt
 .text.ble_lbs_c_button_notif_enable
                0x000000000002bfb4       0x98 _build/nrf52840_xxaa/ble_lbs_c.c.o
                0x000000000002bfb4                ble_lbs_c_button_notif_enable
 .text.ble_lbs_led_status_send
                0x000000000002c04c       0xa4 _build/nrf52840_xxaa/ble_lbs_c.c.o
                0x000000000002c04c                ble_lbs_led_status_send
 .text.ble_lbs_c_handles_assign
                0x000000000002c0f0       0x18 _build/nrf52840_xxaa/ble_lbs_c.c.o
                0x000000000002c0f0                ble_lbs_c_handles_assign
 .text.sd_softdevice_enable
                0x000000000002c108        0x4 _build/nrf52840_xxaa/nrf_sdh.c.o
 .text.nrf_sdh_enable_request
                0x000000000002c10c      0x118 _build/nrf52840_xxaa/nrf_sdh.c.o
                0x000000000002c10c                nrf_sdh_enable_request
 .text.nrf_sdh_is_enabled
                0x000000000002c224        0xc _build/nrf52840_xxaa/nrf_sdh.c.o
                0x000000000002c224                nrf_sdh_is_enabled
 .text.SWI2_EGU2_IRQHandler
                0x000000000002c230       0x2c _build/nrf52840_xxaa/nrf_sdh.c.o
                0x000000000002c230                SWI2_EGU2_IRQHandler
 .text.sd_ble_enable
                0x000000000002c25c        0x4 _build/nrf52840_xxaa/nrf_sdh_ble.c.o
 .text.sd_ble_cfg_set
                0x000000000002c260        0x4 _build/nrf52840_xxaa/nrf_sdh_ble.c.o
 .text.sd_ble_evt_get
                0x000000000002c264        0x4 _build/nrf52840_xxaa/nrf_sdh_ble.c.o
 .text.nrf_sdh_ble_evts_poll
                0x000000000002c268       0x5c _build/nrf52840_xxaa/nrf_sdh_ble.c.o
 .text.nrf_sdh_ble_default_cfg_set
                0x000000000002c2c4      0x17c _build/nrf52840_xxaa/nrf_sdh_ble.c.o
                0x000000000002c2c4                nrf_sdh_ble_default_cfg_set
 .text.nrf_sdh_ble_enable
                0x000000000002c440       0xa0 _build/nrf52840_xxaa/nrf_sdh_ble.c.o
                0x000000000002c440                nrf_sdh_ble_enable
 .text.sd_evt_get
                0x000000000002c4e0        0x4 _build/nrf52840_xxaa/nrf_sdh_soc.c.o
 .text.nrf_sdh_soc_evts_poll
                0x000000000002c4e4       0x4c _build/nrf52840_xxaa/nrf_sdh_soc.c.o
 .text.exit     0x000000000002c530       0x28 /opt/gcc-arm-none-eabi-9-2020-q2-update/bin/../lib/gcc/arm-none-eabi/9.3.1/../../../../arm-none-eabi/lib/thumb/v7e-m+fp/hard/libc_nano.a(lib_a-exit.o)
                0x000000000002c530                exit
 .text.__libc_init_array
                0x000000000002c558       0x48 /opt/gcc-arm-none-eabi-9-2020-q2-update/bin/../lib/gcc/arm-none-eabi/9.3.1/../../../../arm-none-eabi/lib/thumb/v7e-m+fp/hard/libc_nano.a(lib_a-init.o)
                0x000000000002c558                __libc_init_array
 .text.memcmp   0x000000000002c5a0       0x1c /opt/gcc-arm-none-eabi-9-2020-q2-update/bin/../lib/gcc/arm-none-eabi/9.3.1/../../../../arm-none-eabi/lib/thumb/v7e-m+fp/hard/libc_nano.a(lib_a-memcmp.o)
                0x000000000002c5a0                memcmp
 .text.memcpy   0x000000000002c5bc       0x1c /opt/gcc-arm-none-eabi-9-2020-q2-update/bin/../lib/gcc/arm-none-eabi/9.3.1/../../../../arm-none-eabi/lib/thumb/v7e-m+fp/hard/libc_nano.a(lib_a-memcpy-stub.o)
                0x000000000002c5bc                memcpy
 .text.memset   0x000000000002c5d8       0x10 /opt/gcc-arm-none-eabi-9-2020-q2-update/bin/../lib/gcc/arm-none-eabi/9.3.1/../../../../arm-none-eabi/lib/thumb/v7e-m+fp/hard/libc_nano.a(lib_a-memset.o)
                0x000000000002c5d8                memset
 .text          0x000000000002c5e8       0x14 /opt/gcc-arm-none-eabi-9-2020-q2-update/bin/../lib/gcc/arm-none-eabi/9.3.1/../../../../arm-none-eabi/lib/thumb/v7e-m+fp/hard/libc_nano.a(lib_a-strcmp.o)
                0x000000000002c5e8                strcmp
 .text          0x000000000002c5fc       0x10 /opt/gcc-arm-none-eabi-9-2020-q2-update/bin/../lib/gcc/arm-none-eabi/9.3.1/../../../../arm-none-eabi/lib/thumb/v7e-m+fp/hard/libc_nano.a(lib_a-strlen.o)
                0x000000000002c5fc                strlen
 .text._exit    0x000000000002c60c        0x4 /opt/gcc-arm-none-eabi-9-2020-q2-update/bin/../lib/gcc/arm-none-eabi/9.3.1/../../../../arm-none-eabi/lib/thumb/v7e-m+fp/hard/libnosys.a(_exit.o)
                0x000000000002c60c                _exit
 *(.init)
 .init          0x000000000002c610        0x4 /opt/gcc-arm-none-eabi-9-2020-q2-update/bin/../lib/gcc/arm-none-eabi/9.3.1/thumb/v7e-m+fp/hard/crti.o
                0x000000000002c610                _init
 .init          0x000000000002c614        0x8 /opt/gcc-arm-none-eabi-9-2020-q2-update/bin/../lib/gcc/arm-none-eabi/9.3.1/thumb/v7e-m+fp/hard/crtn.o
 *(.fini)
 .fini          0x000000000002c61c        0x4 /opt/gcc-arm-none-eabi-9-2020-q2-update/bin/../lib/gcc/arm-none-eabi/9.3.1/thumb/v7e-m+fp/hard/crti.o
                0x000000000002c61c                _fini
 .fini          0x000000000002c620        0x8 /opt/gcc-arm-none-eabi-9-2020-q2-update/bin/../lib/gcc/arm-none-eabi/9.3.1/thumb/v7e-m+fp/hard/crtn.o
 *crtbegin.o(.ctors)
 *crtbegin?.o(.ctors)
 *(EXCLUDE_FILE(*crtend.o *crtend?.o) .ctors)
 *(SORT_BY_NAME(.ctors.*))
 *(.ctors)
 *crtbegin.o(.dtors)
 *crtbegin?.o(.dtors)
 *(EXCLUDE_FILE(*crtend.o *crtend?.o) .dtors)
 *(SORT_BY_NAME(.dtors.*))
 *(.dtors)
 *(.rodata*)
 .rodata        0x000000000002c628       0x20 _build/nrf52840_xxaa/nrf_log_backend_uart.c.o
 .rodata.nrf_log_backend_uart_api
                0x000000000002c648        0xc _build/nrf52840_xxaa/nrf_log_backend_uart.c.o
                0x000000000002c648                nrf_log_backend_uart_api
 .rodata.str1.4
                0x000000000002c654       0x11 _build/nrf52840_xxaa/nrf_log_default_backends.c.o
 *fill*         0x000000000002c665        0x3 
 .rodata.nrf_log_frontend_dequeue.str1.4
                0x000000000002c668       0x11 _build/nrf52840_xxaa/nrf_log_frontend.c.o
 *fill*         0x000000000002c679        0x3 
 .rodata.str1.4
                0x000000000002c67c        0x4 _build/nrf52840_xxaa/nrf_log_frontend.c.o
 .rodata.m_log_push_ringbuf
                0x000000000002c680        0xc _build/nrf52840_xxaa/nrf_log_frontend.c.o
 .rodata.prefix_process.str1.4
                0x000000000002c68c       0x36 _build/nrf52840_xxaa/nrf_log_str_formatter.c.o
 *fill*         0x000000000002c6c2        0x2 
 .rodata.nrf_log_std_entry_process.str1.4
                0x000000000002c6c4        0x3 _build/nrf52840_xxaa/nrf_log_str_formatter.c.o
 *fill*         0x000000000002c6c7        0x1 
 .rodata.nrf_log_hexdump_entry_process.str1.4
                0x000000000002c6c8       0x13 _build/nrf52840_xxaa/nrf_log_str_formatter.c.o
                                         0x16 (size before relaxing)
 *fill*         0x000000000002c6db        0x1 
 .rodata.str1.4
                0x000000000002c6dc       0x56 _build/nrf52840_xxaa/nrf_log_str_formatter.c.o
 *fill*         0x000000000002c732        0x2 
 .rodata.m_colors
                0x000000000002c734       0x24 _build/nrf52840_xxaa/nrf_log_str_formatter.c.o
 .rodata.severity_names
                0x000000000002c758       0x14 _build/nrf52840_xxaa/nrf_log_str_formatter.c.o
 .rodata.m_detection_delay_timer_id
                0x000000000002c76c        0x4 _build/nrf52840_xxaa/app_button.c.o
 .rodata.app_error_fault_handler.str1.4
                0x000000000002c770       0x19 _build/nrf52840_xxaa/app_error_weak.c.o
 *fill*         0x000000000002c789        0x7 
 .rodata.delay_machine_code.9144
                0x000000000002c790        0x6 _build/nrf52840_xxaa/app_timer.c.o
 *fill*         0x000000000002c796        0x2 
 .rodata._aV2C.7805
                0x000000000002c798       0x10 _build/nrf52840_xxaa/nrf_fprintf_format.c.o
 .rodata.str1.4
                0x000000000002c7a8        0x9 _build/nrf52840_xxaa/nrf_pwr_mgmt.c.o
 *fill*         0x000000000002c7b1        0x3 
 .rodata.pwr_mgmt_data
                0x000000000002c7b4        0xc _build/nrf52840_xxaa/nrf_pwr_mgmt.c.o
 .rodata.str1.4
                0x000000000002c7c0      0x3e9 _build/nrf52840_xxaa/nrf_strerror.c.o
 *fill*         0x000000000002cba9        0x3 
 .rodata.m_unknown_str
                0x000000000002cbac       0x13 _build/nrf52840_xxaa/nrf_strerror.c.o
 *fill*         0x000000000002cbbf        0x1 
 .rodata.nrf_strerror_array
                0x000000000002cbc0      0x128 _build/nrf52840_xxaa/nrf_strerror.c.o
 .rodata.m_board_led_list
                0x000000000002cce8        0x4 _build/nrf52840_xxaa/boards.c.o
 .rodata.str1.4
                0x000000000002ccec        0x6 _build/nrf52840_xxaa/nrf_drv_clock.c.o
 *fill*         0x000000000002ccf2        0x2 
 .rodata.str1.4
                0x000000000002ccf4        0x6 _build/nrf52840_xxaa/nrfx_clock.c.o
 *fill*         0x000000000002ccfa        0x2 
 .rodata.str1.4
                0x000000000002ccfc        0x7 _build/nrf52840_xxaa/nrfx_gpiote.c.o
 *fill*         0x000000000002cd03        0x1 
 .rodata.str1.4
                0x000000000002cd04        0x4 _build/nrf52840_xxaa/nrfx_prs.c.o
 .rodata.str1.4
                0x000000000002cd08        0x5 _build/nrf52840_xxaa/nrfx_uart.c.o
 *fill*         0x000000000002cd0d        0x3 
 .rodata.str1.4
                0x000000000002cd10        0x6 _build/nrf52840_xxaa/nrfx_uarte.c.o
 *fill*         0x000000000002cd16        0x2 
 .rodata.button_event_handler.str1.4
                0x000000000002cd18       0x17 _build/nrf52840_xxaa/main.c.o
 *fill*         0x000000000002cd2f        0x1 
 .rodata.lbs_c_evt_handler.str1.4
                0x000000000002cd30       0x64 _build/nrf52840_xxaa/main.c.o
 .rodata.ble_evt_handler.str1.4
                0x000000000002cd94       0x8a _build/nrf52840_xxaa/main.c.o
 *fill*         0x000000000002ce1e        0x2 
 .rodata.main.str1.4
                0x000000000002ce20       0x1b _build/nrf52840_xxaa/main.c.o
 *fill*         0x000000000002ce3b        0x1 
 .rodata.m_target_periph_name
                0x000000000002ce3c        0xe _build/nrf52840_xxaa/main.c.o
 *fill*         0x000000000002ce4a        0x2 
 .rodata.ble_db_discovery_on_ble_evt.str1.4
                0x000000000002ce4c       0xa2 _build/nrf52840_xxaa/ble_db_discovery.c.o
 *fill*         0x000000000002ceee        0x2 
 .rodata.str1.4
                0x000000000002cef0        0xc _build/nrf52840_xxaa/ble_db_discovery.c.o
 .rodata.data_length_update.str1.4
                0x000000000002cefc       0xe2 _build/nrf52840_xxaa/nrf_ble_gatt.c.o
 *fill*         0x000000000002cfde        0x2 
 .rodata.nrf_ble_gatt_on_ble_evt.str1.4
                0x000000000002cfe0       0x63 _build/nrf52840_xxaa/nrf_ble_gatt.c.o
 *fill*         0x000000000002d043        0x1 
 .rodata.str1.4
                0x000000000002d044        0xd _build/nrf52840_xxaa/nrf_ble_gatt.c.o
 *fill*         0x000000000002d051        0x3 
 .rodata.nrf_ble_scan_start.str1.4
                0x000000000002d054       0x24 _build/nrf52840_xxaa/nrf_ble_scan.c.o
 .rodata.str1.4
                0x000000000002d078        0x9 _build/nrf52840_xxaa/nrf_ble_scan.c.o
 *fill*         0x000000000002d081        0x3 
 .rodata.str1.4
                0x000000000002d084        0xa _build/nrf52840_xxaa/ble_lbs_c.c.o
 *fill*         0x000000000002d08e        0x2 
 .rodata        0x000000000002d090       0x10 _build/nrf52840_xxaa/ble_lbs_c.c.o
 .rodata.str1.4
                0x000000000002d0a0        0x8 _build/nrf52840_xxaa/nrf_sdh.c.o
 .rodata        0x000000000002d0a8        0x4 _build/nrf52840_xxaa/nrf_sdh.c.o
 .rodata.sdh_req_observers
                0x000000000002d0ac        0xc _build/nrf52840_xxaa/nrf_sdh.c.o
 .rodata.sdh_stack_observers
                0x000000000002d0b8        0xc _build/nrf52840_xxaa/nrf_sdh.c.o
 .rodata.sdh_state_observers
                0x000000000002d0c4        0xc _build/nrf52840_xxaa/nrf_sdh.c.o
 .rodata.nrf_sdh_ble_default_cfg_set.str1.4
                0x000000000002d0d0      0x187 _build/nrf52840_xxaa/nrf_sdh_ble.c.o
 *fill*         0x000000000002d257        0x1 
 .rodata.nrf_sdh_ble_enable.str1.4
                0x000000000002d258       0xad _build/nrf52840_xxaa/nrf_sdh_ble.c.o
 *fill*         0x000000000002d305        0x3 
 .rodata.str1.4
                0x000000000002d308        0xc _build/nrf52840_xxaa/nrf_sdh_ble.c.o
 .rodata.sdh_ble_observers
                0x000000000002d314        0xc _build/nrf52840_xxaa/nrf_sdh_ble.c.o
 .rodata.str1.4
                0x000000000002d320        0xc _build/nrf52840_xxaa/nrf_sdh_soc.c.o
 .rodata.sdh_soc_observers
                0x000000000002d32c        0xc _build/nrf52840_xxaa/nrf_sdh_soc.c.o
 .rodata._ctype_
                0x000000000002d338      0x101 /opt/gcc-arm-none-eabi-9-2020-q2-update/bin/../lib/gcc/arm-none-eabi/9.3.1/../../../../arm-none-eabi/lib/thumb/v7e-m+fp/hard/libc_nano.a(lib_a-ctype_.o)
                0x000000000002d338                _ctype_
 *fill*         0x000000000002d439        0x3 
 .rodata._global_impure_ptr
                0x000000000002d43c        0x4 /opt/gcc-arm-none-eabi-9-2020-q2-update/bin/../lib/gcc/arm-none-eabi/9.3.1/../../../../arm-none-eabi/lib/thumb/v7e-m+fp/hard/libc_nano.a(lib_a-impure.o)
                0x000000000002d43c                _global_impure_ptr
 *(.eh_frame*)
 .eh_frame      0x000000000002d440        0x0 /opt/gcc-arm-none-eabi-9-2020-q2-update/bin/../lib/gcc/arm-none-eabi/9.3.1/thumb/v7e-m+fp/hard/crtbegin.o
 .eh_frame      0x000000000002d440        0x4 /opt/gcc-arm-none-eabi-9-2020-q2-update/bin/../lib/gcc/arm-none-eabi/9.3.1/thumb/v7e-m+fp/hard/crtend.o

.glue_7         0x000000000002d444        0x0
 .glue_7        0x000000000002d444        0x0 linker stubs

.glue_7t        0x000000000002d444        0x0
 .glue_7t       0x000000000002d444        0x0 linker stubs

.vfp11_veneer   0x000000000002d444        0x0
 .vfp11_veneer  0x000000000002d444        0x0 linker stubs

.v4_bx          0x000000000002d444        0x0
 .v4_bx         0x000000000002d444        0x0 linker stubs

.iplt           0x000000000002d444        0x0
 .iplt          0x000000000002d444        0x0 /opt/gcc-arm-none-eabi-9-2020-q2-update/bin/../lib/gcc/arm-none-eabi/9.3.1/thumb/v7e-m+fp/hard/crtbegin.o

.mem_section_dummy_rom

.sdh_soc_observers
                0x000000000002d444        0x8
                0x000000000002d444                PROVIDE (__start_sdh_soc_observers = .)
 *(SORT_BY_NAME(.sdh_soc_observers*))
 .sdh_soc_observers0
                0x000000000002d444        0x8 _build/nrf52840_xxaa/nrf_drv_clock.c.o
                0x000000000002d44c                PROVIDE (__stop_sdh_soc_observers = .)

.pwr_mgmt_data  0x000000000002d44c        0x0
                0x000000000002d44c                PROVIDE (__start_pwr_mgmt_data = .)
 *(SORT_BY_NAME(.pwr_mgmt_data*))
                0x000000000002d44c                PROVIDE (__stop_pwr_mgmt_data = .)

.sdh_ble_observers
                0x000000000002d44c       0xa8
                0x000000000002d44c                PROVIDE (__start_sdh_ble_observers = .)
 *(SORT_BY_NAME(.sdh_ble_observers*))
 .sdh_ble_observers0
                0x000000000002d44c        0x8 _build/nrf52840_xxaa/ble_conn_state.c.o
 .sdh_ble_observers1
                0x000000000002d454        0x8 _build/nrf52840_xxaa/bsp_btn_ble.c.o
 .sdh_ble_observers1
                0x000000000002d45c       0x50 _build/nrf52840_xxaa/main.c.o
 .sdh_ble_observers2
                0x000000000002d4ac       0x40 _build/nrf52840_xxaa/main.c.o
 .sdh_ble_observers3
                0x000000000002d4ec        0x8 _build/nrf52840_xxaa/main.c.o
                0x000000000002d4f4                PROVIDE (__stop_sdh_ble_observers = .)

.log_const_data
                0x000000000002d4f4       0x78
                0x000000000002d4f4                PROVIDE (__start_log_const_data = .)
 *(SORT_BY_NAME(.log_const_data*))
 .log_const_data_CLOCK
                0x000000000002d4f4        0x8 _build/nrf52840_xxaa/nrfx_clock.c.o
                0x000000000002d4f4                m_nrf_log_CLOCK_logs_data_const
 .log_const_data_GPIOTE
                0x000000000002d4fc        0x8 _build/nrf52840_xxaa/nrfx_gpiote.c.o
                0x000000000002d4fc                m_nrf_log_GPIOTE_logs_data_const
 .log_const_data_PRS
                0x000000000002d504        0x8 _build/nrf52840_xxaa/nrfx_prs.c.o
                0x000000000002d504                m_nrf_log_PRS_logs_data_const
 .log_const_data_UART
                0x000000000002d50c        0x8 _build/nrf52840_xxaa/nrfx_uart.c.o
                0x000000000002d50c                m_nrf_log_UART_logs_data_const
 .log_const_data_UARTE
                0x000000000002d514        0x8 _build/nrf52840_xxaa/nrfx_uarte.c.o
                0x000000000002d514                m_nrf_log_UARTE_logs_data_const
 .log_const_data_app
                0x000000000002d51c        0x8 _build/nrf52840_xxaa/nrf_log_frontend.c.o
                0x000000000002d51c                m_nrf_log_app_logs_data_const
 .log_const_data_ble_db_disc
                0x000000000002d524        0x8 _build/nrf52840_xxaa/ble_db_discovery.c.o
                0x000000000002d524                m_nrf_log_ble_db_disc_logs_data_const
 .log_const_data_ble_lbs_c
                0x000000000002d52c        0x8 _build/nrf52840_xxaa/ble_lbs_c.c.o
                0x000000000002d52c                m_nrf_log_ble_lbs_c_logs_data_const
 .log_const_data_ble_scan
                0x000000000002d534        0x8 _build/nrf52840_xxaa/nrf_ble_scan.c.o
                0x000000000002d534                m_nrf_log_ble_scan_logs_data_const
 .log_const_data_clock
                0x000000000002d53c        0x8 _build/nrf52840_xxaa/nrf_drv_clock.c.o
                0x000000000002d53c                m_nrf_log_clock_logs_data_const
 .log_const_data_nrf_ble_gatt
                0x000000000002d544        0x8 _build/nrf52840_xxaa/nrf_ble_gatt.c.o
                0x000000000002d544                m_nrf_log_nrf_ble_gatt_logs_data_const
 .log_const_data_nrf_sdh
                0x000000000002d54c        0x8 _build/nrf52840_xxaa/nrf_sdh.c.o
                0x000000000002d54c                m_nrf_log_nrf_sdh_logs_data_const
 .log_const_data_nrf_sdh_ble
                0x000000000002d554        0x8 _build/nrf52840_xxaa/nrf_sdh_ble.c.o
                0x000000000002d554                m_nrf_log_nrf_sdh_ble_logs_data_const
 .log_const_data_nrf_sdh_soc
                0x000000000002d55c        0x8 _build/nrf52840_xxaa/nrf_sdh_soc.c.o
                0x000000000002d55c                m_nrf_log_nrf_sdh_soc_logs_data_const
 .log_const_data_pwr_mgmt
                0x000000000002d564        0x8 _build/nrf52840_xxaa/nrf_pwr_mgmt.c.o
                0x000000000002d564                m_nrf_log_pwr_mgmt_logs_data_const
                0x000000000002d56c                PROVIDE (__stop_log_const_data = .)

.nrf_balloc     0x000000000002d56c       0x14
                [!provide]                        PROVIDE (__start_nrf_balloc = .)
 *(.nrf_balloc)
 .nrf_balloc    0x000000000002d56c       0x14 _build/nrf52840_xxaa/nrf_log_frontend.c.o
                0x000000000002d56c                log_mempool
                [!provide]                        PROVIDE (__stop_nrf_balloc = .)

.sdh_req_observers
                0x000000000002d580        0x0
                0x000000000002d580                PROVIDE (__start_sdh_req_observers = .)
 *(SORT_BY_NAME(.sdh_req_observers*))
                0x000000000002d580                PROVIDE (__stop_sdh_req_observers = .)

.sdh_state_observers
                0x000000000002d580        0x8
                0x000000000002d580                PROVIDE (__start_sdh_state_observers = .)
 *(SORT_BY_NAME(.sdh_state_observers*))
 .sdh_state_observers0
                0x000000000002d580        0x8 _build/nrf52840_xxaa/nrf_drv_clock.c.o
                0x000000000002d588                PROVIDE (__stop_sdh_state_observers = .)

.sdh_stack_observers
                0x000000000002d588       0x10
                0x000000000002d588                PROVIDE (__start_sdh_stack_observers = .)
 *(SORT_BY_NAME(.sdh_stack_observers*))
 .sdh_stack_observers0
                0x000000000002d588        0x8 _build/nrf52840_xxaa/nrf_sdh_ble.c.o
 .sdh_stack_observers0
                0x000000000002d590        0x8 _build/nrf52840_xxaa/nrf_sdh_soc.c.o
                0x000000000002d598                PROVIDE (__stop_sdh_stack_observers = .)

.nrf_queue      0x000000000002d598        0x0
                [!provide]                        PROVIDE (__start_nrf_queue = .)
 *(.nrf_queue)
                [!provide]                        PROVIDE (__stop_nrf_queue = .)

.cli_command    0x000000000002d598        0x0
                [!provide]                        PROVIDE (__start_cli_command = .)
 *(.cli_command)
                [!provide]                        PROVIDE (__stop_cli_command = .)

.crypto_data    0x000000000002d598        0x0
                [!provide]                        PROVIDE (__start_crypto_data = .)
 *(SORT_BY_NAME(.crypto_data*))
                [!provide]                        PROVIDE (__stop_crypto_data = .)

.log_backends   0x000000000002d598       0x10
                [!provide]                        PROVIDE (__start_log_backends = .)
 *(SORT_BY_NAME(.log_backends*))
 .log_backends  0x000000000002d598       0x10 _build/nrf52840_xxaa/nrf_log_default_backends.c.o
                [!provide]                        PROVIDE (__stop_log_backends = .)

.ARM.extab
 *(.ARM.extab* .gnu.linkonce.armextab.*)
                0x000000000002d5a8                __exidx_start = .

.ARM.exidx      0x000000000002d5a8        0x8
 *(.ARM.exidx* .gnu.linkonce.armexidx.*)
 .ARM.exidx     0x000000000002d5a8        0x8 /opt/gcc-arm-none-eabi-9-2020-q2-update/bin/../lib/gcc/arm-none-eabi/9.3.1/../../../../arm-none-eabi/lib/thumb/v7e-m+fp/hard/crt0.o
                                         0x10 (size before relaxing)
                0x000000000002d5b0                __exidx_end = .
                0x000000000002d5b0                __etext = .

.rel.dyn        0x000000000002d5b0        0x0
 .rel.iplt      0x000000000002d5b0        0x0 /opt/gcc-arm-none-eabi-9-2020-q2-update/bin/../lib/gcc/arm-none-eabi/9.3.1/thumb/v7e-m+fp/hard/crtbegin.o

.data           0x0000000020004368     0x16f0 load address 0x000000000002d5b0
                0x0000000020004368                __data_start__ = .
 *(vtable)
 *(.data*)
 .data.m_uart   0x0000000020004368       0x14 _build/nrf52840_xxaa/nrf_log_backend_uart.c.o
                0x0000000020004368                m_uart
 .data.log_backend_cb_uart_log_backend
                0x000000002000437c        0x8 _build/nrf52840_xxaa/nrf_log_default_backends.c.o
 .data.SystemCoreClock
                0x0000000020004384        0x4 _build/nrf52840_xxaa/system_nrf52840.c.o
                0x0000000020004384                SystemCoreClock
 .data.buttons.12156
                0x0000000020004388        0x8 _build/nrf52840_xxaa/main.c.o
 .data.m_db_disc
                0x0000000020004390     0x1660 _build/nrf52840_xxaa/main.c.o
 .data.impure_data
                0x00000000200059f0       0x60 /opt/gcc-arm-none-eabi-9-2020-q2-update/bin/../lib/gcc/arm-none-eabi/9.3.1/../../../../arm-none-eabi/lib/thumb/v7e-m+fp/hard/libc_nano.a(lib_a-impure.o)
                0x0000000020005a50                . = ALIGN (0x4)
                0x0000000020005a50                PROVIDE (__preinit_array_start = .)
 *(.preinit_array)
                0x0000000020005a50                PROVIDE (__preinit_array_end = .)
                0x0000000020005a50                . = ALIGN (0x4)
                0x0000000020005a50                PROVIDE (__init_array_start = .)
 *(SORT_BY_NAME(.init_array.*))
 *(.init_array)
 .init_array    0x0000000020005a50        0x4 /opt/gcc-arm-none-eabi-9-2020-q2-update/bin/../lib/gcc/arm-none-eabi/9.3.1/thumb/v7e-m+fp/hard/crtbegin.o
                0x0000000020005a54                PROVIDE (__init_array_end = .)
                0x0000000020005a54                . = ALIGN (0x4)
                [!provide]                        PROVIDE (__fini_array_start = .)
 *(SORT_BY_NAME(.fini_array.*))
 *(.fini_array)
 .fini_array    0x0000000020005a54        0x4 /opt/gcc-arm-none-eabi-9-2020-q2-update/bin/../lib/gcc/arm-none-eabi/9.3.1/thumb/v7e-m+fp/hard/crtbegin.o
                [!provide]                        PROVIDE (__fini_array_end = .)
 *(.jcr*)
                0x0000000020005a58                . = ALIGN (0x4)
                0x0000000020005a58                __data_end__ = .
LOAD /opt/gcc-arm-none-eabi-9-2020-q2-update/bin/../lib/gcc/arm-none-eabi/9.3.1/thumb/v7e-m+fp/hard/crti.o
LOAD /opt/gcc-arm-none-eabi-9-2020-q2-update/bin/../lib/gcc/arm-none-eabi/9.3.1/thumb/v7e-m+fp/hard/crtbegin.o
LOAD /opt/gcc-arm-none-eabi-9-2020-q2-update/bin/../lib/gcc/arm-none-eabi/9.3.1/../../../../arm-none-eabi/lib/thumb/v7e-m+fp/hard/crt0.o
LOAD _build/nrf52840_xxaa/gcc_startup_nrf52840.S.o
LOAD _build/nrf52840_xxaa/nrf_log_backend_rtt.c.o
LOAD _build/nrf52840_xxaa/nrf_log_backend_serial.c.o
LOAD _build/nrf52840_xxaa/nrf_log_backend_uart.c.o
LOAD _build/nrf52840_xxaa/nrf_log_default_backends.c.o
LOAD _build/nrf52840_xxaa/nrf_log_frontend.c.o
LOAD _build/nrf52840_xxaa/nrf_log_str_formatter.c.o
LOAD _build/nrf52840_xxaa/app_button.c.o
LOAD _build/nrf52840_xxaa/app_error.c.o
LOAD _build/nrf52840_xxaa/app_error_handler_gcc.c.o
LOAD _build/nrf52840_xxaa/app_error_weak.c.o
LOAD _build/nrf52840_xxaa/app_scheduler.c.o
LOAD _build/nrf52840_xxaa/app_timer.c.o
LOAD _build/nrf52840_xxaa/app_util_platform.c.o
LOAD _build/nrf52840_xxaa/hardfault_implementation.c.o
LOAD _build/nrf52840_xxaa/nrf_assert.c.o
LOAD _build/nrf52840_xxaa/nrf_atfifo.c.o
LOAD _build/nrf52840_xxaa/nrf_atflags.c.o
LOAD _build/nrf52840_xxaa/nrf_atomic.c.o
LOAD _build/nrf52840_xxaa/nrf_balloc.c.o
LOAD _build/nrf52840_xxaa/nrf_fprintf.c.o
LOAD _build/nrf52840_xxaa/nrf_fprintf_format.c.o
LOAD _build/nrf52840_xxaa/nrf_memobj.c.o
LOAD _build/nrf52840_xxaa/nrf_pwr_mgmt.c.o
LOAD _build/nrf52840_xxaa/nrf_ringbuf.c.o
LOAD _build/nrf52840_xxaa/nrf_section_iter.c.o
LOAD _build/nrf52840_xxaa/nrf_strerror.c.o
LOAD _build/nrf52840_xxaa/system_nrf52840.c.o
LOAD _build/nrf52840_xxaa/boards.c.o
LOAD _build/nrf52840_xxaa/nrf_drv_clock.c.o
LOAD _build/nrf52840_xxaa/nrf_drv_uart.c.o
LOAD _build/nrf52840_xxaa/nrfx_atomic.c.o
LOAD _build/nrf52840_xxaa/nrfx_clock.c.o
LOAD _build/nrf52840_xxaa/nrfx_gpiote.c.o
LOAD _build/nrf52840_xxaa/nrfx_prs.c.o
LOAD _build/nrf52840_xxaa/nrfx_uart.c.o
LOAD _build/nrf52840_xxaa/nrfx_uarte.c.o
LOAD _build/nrf52840_xxaa/bsp.c.o
LOAD _build/nrf52840_xxaa/bsp_btn_ble.c.o
LOAD _build/nrf52840_xxaa/main.c.o
LOAD _build/nrf52840_xxaa/SEGGER_RTT.c.o
LOAD _build/nrf52840_xxaa/SEGGER_RTT_Syscalls_GCC.c.o
LOAD _build/nrf52840_xxaa/SEGGER_RTT_printf.c.o
LOAD _build/nrf52840_xxaa/ble_advdata.c.o
LOAD _build/nrf52840_xxaa/ble_advertising.c.o
LOAD _build/nrf52840_xxaa/ble_conn_state.c.o
LOAD _build/nrf52840_xxaa/ble_db_discovery.c.o
LOAD _build/nrf52840_xxaa/ble_srv_common.c.o
LOAD _build/nrf52840_xxaa/nrf_ble_gatt.c.o
LOAD _build/nrf52840_xxaa/nrf_ble_scan.c.o
LOAD _build/nrf52840_xxaa/utf.c.o
LOAD _build/nrf52840_xxaa/ble_lbs_c.c.o
LOAD _build/nrf52840_xxaa/nrf_sdh.c.o
LOAD _build/nrf52840_xxaa/nrf_sdh_ble.c.o
LOAD _build/nrf52840_xxaa/nrf_sdh_soc.c.o
LOAD /opt/gcc-arm-none-eabi-9-2020-q2-update/bin/../lib/gcc/arm-none-eabi/9.3.1/../../../../arm-none-eabi/lib/thumb/v7e-m+fp/hard/libc_nano.a
LOAD /opt/gcc-arm-none-eabi-9-2020-q2-update/bin/../lib/gcc/arm-none-eabi/9.3.1/../../../../arm-none-eabi/lib/thumb/v7e-m+fp/hard/libnosys.a
LOAD /opt/gcc-arm-none-eabi-9-2020-q2-update/bin/../lib/gcc/arm-none-eabi/9.3.1/../../../../arm-none-eabi/lib/thumb/v7e-m+fp/hard/libm.a
START GROUP
LOAD /opt/gcc-arm-none-eabi-9-2020-q2-update/bin/../lib/gcc/arm-none-eabi/9.3.1/thumb/v7e-m+fp/hard/libgcc.a
LOAD /opt/gcc-arm-none-eabi-9-2020-q2-update/bin/../lib/gcc/arm-none-eabi/9.3.1/../../../../arm-none-eabi/lib/thumb/v7e-m+fp/hard/libg_nano.a
LOAD /opt/gcc-arm-none-eabi-9-2020-q2-update/bin/../lib/gcc/arm-none-eabi/9.3.1/../../../../arm-none-eabi/lib/thumb/v7e-m+fp/hard/libc_nano.a
END GROUP
START GROUP
LOAD /opt/gcc-arm-none-eabi-9-2020-q2-update/bin/../lib/gcc/arm-none-eabi/9.3.1/thumb/v7e-m+fp/hard/libgcc.a
LOAD /opt/gcc-arm-none-eabi-9-2020-q2-update/bin/../lib/gcc/arm-none-eabi/9.3.1/../../../../arm-none-eabi/lib/thumb/v7e-m+fp/hard/libc_nano.a
END GROUP
LOAD /opt/gcc-arm-none-eabi-9-2020-q2-update/bin/../lib/gcc/arm-none-eabi/9.3.1/thumb/v7e-m+fp/hard/crtend.o
LOAD /opt/gcc-arm-none-eabi-9-2020-q2-update/bin/../lib/gcc/arm-none-eabi/9.3.1/thumb/v7e-m+fp/hard/crtn.o
START GROUP
LOAD /opt/gcc-arm-none-eabi-9-2020-q2-update/bin/../lib/gcc/arm-none-eabi/9.3.1/thumb/v7e-m+fp/hard/libgcc.a
LOAD /opt/gcc-arm-none-eabi-9-2020-q2-update/bin/../lib/gcc/arm-none-eabi/9.3.1/../../../../arm-none-eabi/lib/thumb/v7e-m+fp/hard/libc.a
LOAD /opt/gcc-arm-none-eabi-9-2020-q2-update/bin/../lib/gcc/arm-none-eabi/9.3.1/../../../../arm-none-eabi/lib/thumb/v7e-m+fp/hard/libnosys.a
END GROUP

.igot.plt       0x0000000020005a58        0x0 load address 0x000000000002eca0
 .igot.plt      0x0000000020005a58        0x0 /opt/gcc-arm-none-eabi-9-2020-q2-update/bin/../lib/gcc/arm-none-eabi/9.3.1/thumb/v7e-m+fp/hard/crtbegin.o
                0x0000000020005a58                . = ALIGN (0x4)

.mem_section_dummy_ram

.log_dynamic_data
                0x0000000020005a58        0x0
                0x0000000020005a58                PROVIDE (__start_log_dynamic_data = .)
 *(SORT_BY_NAME(.log_dynamic_data*))
                [!provide]                        PROVIDE (__stop_log_dynamic_data = .)

.log_filter_data
                0x0000000020005a58        0x0
                [!provide]                        PROVIDE (__start_log_filter_data = .)
 *(SORT_BY_NAME(.log_filter_data*))
                [!provide]                        PROVIDE (__stop_log_filter_data = .)

.cli_sorted_cmd_ptrs
                0x0000000020005a58        0x0
                [!provide]                        PROVIDE (__start_cli_sorted_cmd_ptrs = .)
 *(.cli_sorted_cmd_ptrs)
                [!provide]                        PROVIDE (__stop_cli_sorted_cmd_ptrs = .)

.fs_data        0x0000000020005a58        0x0
                [!provide]                        PROVIDE (__start_fs_data = .)
 *(.fs_data)
                [!provide]                        PROVIDE (__stop_fs_data = .)

.bss            0x0000000020005a58      0xe08 load address 0x000000000002eca0
                0x0000000020005a58                . = ALIGN (0x4)
                0x0000000020005a58                __bss_start__ = .
 *(.bss*)
 .bss           0x0000000020005a58       0x1c /opt/gcc-arm-none-eabi-9-2020-q2-update/bin/../lib/gcc/arm-none-eabi/9.3.1/thumb/v7e-m+fp/hard/crtbegin.o
 .bss.m_async_mode
                0x0000000020005a74        0x1 _build/nrf52840_xxaa/nrf_log_backend_uart.c.o
 *fill*         0x0000000020005a75        0x3 
 .bss.m_string_buff
                0x0000000020005a78       0x40 _build/nrf52840_xxaa/nrf_log_backend_uart.c.o
 .bss.m_xfer_done
                0x0000000020005ab8        0x1 _build/nrf52840_xxaa/nrf_log_backend_uart.c.o
 *fill*         0x0000000020005ab9        0x3 
 .bss.log_mempool_nrf_balloc_cb
                0x0000000020005abc        0x8 _build/nrf52840_xxaa/nrf_log_frontend.c.o
 .bss.log_mempool_nrf_balloc_pool_mem
                0x0000000020005ac4       0xc0 _build/nrf52840_xxaa/nrf_log_frontend.c.o
 .bss.log_mempool_nrf_balloc_pool_stack
                0x0000000020005b84        0x8 _build/nrf52840_xxaa/nrf_log_frontend.c.o
 *fill*         0x0000000020005b8c        0x4 
 .bss.m_log_data
                0x0000000020005b90      0x424 _build/nrf52840_xxaa/nrf_log_frontend.c.o
 .bss.m_log_push_ringbuf_buf
                0x0000000020005fb4       0x80 _build/nrf52840_xxaa/nrf_log_frontend.c.o
 .bss.m_log_push_ringbuf_cb
                0x0000000020006034       0x18 _build/nrf52840_xxaa/nrf_log_frontend.c.o
 .bss.m_button_count
                0x000000002000604c        0x1 _build/nrf52840_xxaa/app_button.c.o
 *fill*         0x000000002000604d        0x3 
 .bss.m_detection_delay
                0x0000000020006050        0x4 _build/nrf52840_xxaa/app_button.c.o
 .bss.m_detection_delay_timer_id_data
                0x0000000020006054       0x20 _build/nrf52840_xxaa/app_button.c.o
 *fill*         0x0000000020006074        0x4 
 .bss.m_pin_state
                0x0000000020006078        0x8 _build/nrf52840_xxaa/app_button.c.o
 .bss.m_pin_transition
                0x0000000020006080        0x8 _build/nrf52840_xxaa/app_button.c.o
 .bss.mp_buttons
                0x0000000020006088        0x4 _build/nrf52840_xxaa/app_button.c.o
 .bss.m_op_queue
                0x000000002000608c      0x10c _build/nrf52840_xxaa/app_timer.c.o
 .bss.m_rtc1_reset
                0x0000000020006198        0x1 _build/nrf52840_xxaa/app_timer.c.o
 .bss.m_rtc1_running
                0x0000000020006199        0x1 _build/nrf52840_xxaa/app_timer.c.o
 *fill*         0x000000002000619a        0x2 
 .bss.m_ticks_elapsed
                0x000000002000619c        0x8 _build/nrf52840_xxaa/app_timer.c.o
 .bss.m_ticks_elapsed_q_read_ind
                0x00000000200061a4        0x1 _build/nrf52840_xxaa/app_timer.c.o
 .bss.m_ticks_elapsed_q_write_ind
                0x00000000200061a5        0x1 _build/nrf52840_xxaa/app_timer.c.o
 *fill*         0x00000000200061a6        0x2 
 .bss.m_ticks_latest
                0x00000000200061a8        0x4 _build/nrf52840_xxaa/app_timer.c.o
 .bss.mp_timer_id_head
                0x00000000200061ac        0x4 _build/nrf52840_xxaa/app_timer.c.o
 .bss.m_handlers_iter
                0x00000000200061b0        0x8 _build/nrf52840_xxaa/nrf_pwr_mgmt.c.o
 .bss.m_shutdown_started
                0x00000000200061b8        0x1 _build/nrf52840_xxaa/nrf_pwr_mgmt.c.o
 *fill*         0x00000000200061b9        0x3 
 .bss.m_sysoff_mtx
                0x00000000200061bc        0x4 _build/nrf52840_xxaa/nrf_pwr_mgmt.c.o
 .bss.m_clock_cb
                0x00000000200061c0       0x14 _build/nrf52840_xxaa/nrf_drv_clock.c.o
 .bss.m_contexts
                0x00000000200061d4        0x8 _build/nrf52840_xxaa/nrf_drv_uart.c.o
 .bss.m_handlers
                0x00000000200061dc        0x8 _build/nrf52840_xxaa/nrf_drv_uart.c.o
 .bss.m_clock_cb
                0x00000000200061e4        0x8 _build/nrf52840_xxaa/nrfx_clock.c.o
 *fill*         0x00000000200061ec        0x4 
 .bss.m_cb      0x00000000200061f0       0x6c _build/nrf52840_xxaa/nrfx_gpiote.c.o
 .bss.m_prs_box_4
                0x000000002000625c        0x8 _build/nrf52840_xxaa/nrfx_prs.c.o
 *fill*         0x0000000020006264        0x4 
 .bss.m_cb      0x0000000020006268       0x2c _build/nrf52840_xxaa/nrfx_uart.c.o
 *fill*         0x0000000020006294        0x4 
 .bss.m_cb      0x0000000020006298       0x24 _build/nrf52840_xxaa/nrfx_uarte.c.o
 .bss.m_events_list
                0x00000000200062bc        0xc _build/nrf52840_xxaa/bsp.c.o
 .bss.m_error_handler
                0x00000000200062c8        0x4 _build/nrf52840_xxaa/bsp_btn_ble.c.o
 .bss.m_num_connections
                0x00000000200062cc        0x4 _build/nrf52840_xxaa/bsp_btn_ble.c.o
 .bss.m_gatt    0x00000000200062d0       0x4c _build/nrf52840_xxaa/main.c.o
 .bss.m_lbs_c   0x000000002000631c       0x80 _build/nrf52840_xxaa/main.c.o
 .bss.m_scan    0x000000002000639c       0x68 _build/nrf52840_xxaa/main.c.o
 .bss.m_bcs     0x0000000020006404       0x78 _build/nrf52840_xxaa/ble_conn_state.c.o
 .bss.m_evt_handler
                0x000000002000647c        0x4 _build/nrf52840_xxaa/ble_db_discovery.c.o
 .bss.m_initialized
                0x0000000020006480        0x1 _build/nrf52840_xxaa/ble_db_discovery.c.o
 *fill*         0x0000000020006481        0x3 
 .bss.m_num_of_handlers_reg
                0x0000000020006484        0x4 _build/nrf52840_xxaa/ble_db_discovery.c.o
 .bss.m_pending_user_evts
                0x0000000020006488      0x300 _build/nrf52840_xxaa/ble_db_discovery.c.o
 .bss.m_pending_usr_evt_index
                0x0000000020006788        0x4 _build/nrf52840_xxaa/ble_db_discovery.c.o
 .bss.m_registered_handlers
                0x000000002000678c       0x18 _build/nrf52840_xxaa/ble_db_discovery.c.o
 .bss.m_tx_buffer
                0x00000000200067a4       0xa0 _build/nrf52840_xxaa/ble_lbs_c.c.o
 .bss.m_tx_index
                0x0000000020006844        0x4 _build/nrf52840_xxaa/ble_lbs_c.c.o
 .bss.m_tx_insert_index
                0x0000000020006848        0x4 _build/nrf52840_xxaa/ble_lbs_c.c.o
 .bss.m_nrf_sdh_continue
                0x000000002000684c        0x1 _build/nrf52840_xxaa/nrf_sdh.c.o
 .bss.m_nrf_sdh_enabled
                0x000000002000684d        0x1 _build/nrf52840_xxaa/nrf_sdh.c.o
 .bss.m_nrf_sdh_suspended
                0x000000002000684e        0x1 _build/nrf52840_xxaa/nrf_sdh.c.o
 .bss.m_stack_is_enabled
                0x000000002000684f        0x1 _build/nrf52840_xxaa/nrf_sdh_ble.c.o
 *(COMMON)
 COMMON         0x0000000020006850        0xc _build/nrf52840_xxaa/app_util_platform.c.o
                0x0000000020006850                nrf_nvic_state
 COMMON         0x000000002000685c        0x2 _build/nrf52840_xxaa/nrf_drv_uart.c.o
                0x000000002000685c                nrf_drv_uart_use_easy_dma
                0x0000000020006860                . = ALIGN (0x4)
 *fill*         0x000000002000685e        0x2 
                0x0000000020006860                __bss_end__ = .

.heap           0x0000000020006860        0x0
                0x0000000020006860                __HeapBase = .
                0x0000000020006860                __end__ = .
                [!provide]                        PROVIDE (end = .)
 *(.heap*)
 .heap          0x0000000020006860        0x0 _build/nrf52840_xxaa/gcc_startup_nrf52840.S.o
                0x0000000020006860                __HeapLimit = .

.stack_dummy    0x0000000020006860     0x2000
 *(.stack*)
 .stack         0x0000000020006860     0x2000 _build/nrf52840_xxaa/gcc_startup_nrf52840.S.o
                0x0000000020040000                __StackTop = (ORIGIN (RAM) + LENGTH (RAM))
                0x000000002003e000                __StackLimit = (__StackTop - SIZEOF (.stack_dummy))
                0x0000000020040000                PROVIDE (__stack = __StackTop)
                0x0000000000000001                ASSERT ((__StackLimit >= __HeapLimit), region RAM overflowed with stack)
                0x00000000000016f0                DataInitFlashUsed = (__bss_start__ - __data_start__)
                0x00000000000075b0                CodeFlashUsed = (__etext - ORIGIN (FLASH))
                0x0000000000008ca0                TotalFlashUsed = (CodeFlashUsed + DataInitFlashUsed)
                0x0000000000000001                ASSERT ((TotalFlashUsed <= LENGTH (FLASH)), region FLASH overflowed with .data and user data)
OUTPUT(_build/nrf52840_xxaa.out elf32-littlearm)
LOAD linker stubs

.ARM.attributes
                0x0000000000000000       0x30
 .ARM.attributes
                0x0000000000000000       0x1e /opt/gcc-arm-none-eabi-9-2020-q2-update/bin/../lib/gcc/arm-none-eabi/9.3.1/thumb/v7e-m+fp/hard/crti.o
 .ARM.attributes
                0x000000000000001e       0x34 /opt/gcc-arm-none-eabi-9-2020-q2-update/bin/../lib/gcc/arm-none-eabi/9.3.1/thumb/v7e-m+fp/hard/crtbegin.o
 .ARM.attributes
                0x0000000000000052       0x1c /opt/gcc-arm-none-eabi-9-2020-q2-update/bin/../lib/gcc/arm-none-eabi/9.3.1/../../../../arm-none-eabi/lib/thumb/v7e-m+fp/hard/crt0.o
 .ARM.attributes
                0x000000000000006e       0x20 _build/nrf52840_xxaa/gcc_startup_nrf52840.S.o
 .ARM.attributes
                0x000000000000008e       0x34 _build/nrf52840_xxaa/nrf_log_backend_serial.c.o
 .ARM.attributes
                0x00000000000000c2       0x34 _build/nrf52840_xxaa/nrf_log_backend_uart.c.o
 .ARM.attributes
                0x00000000000000f6       0x34 _build/nrf52840_xxaa/nrf_log_default_backends.c.o
 .ARM.attributes
                0x000000000000012a       0x34 _build/nrf52840_xxaa/nrf_log_frontend.c.o
 .ARM.attributes
                0x000000000000015e       0x34 _build/nrf52840_xxaa/nrf_log_str_formatter.c.o
 .ARM.attributes
                0x0000000000000192       0x34 _build/nrf52840_xxaa/app_button.c.o
 .ARM.attributes
                0x00000000000001c6       0x34 _build/nrf52840_xxaa/app_error.c.o
 .ARM.attributes
                0x00000000000001fa       0x34 _build/nrf52840_xxaa/app_error_weak.c.o
 .ARM.attributes
                0x000000000000022e       0x34 _build/nrf52840_xxaa/app_timer.c.o
 .ARM.attributes
                0x0000000000000262       0x34 _build/nrf52840_xxaa/app_util_platform.c.o
 .ARM.attributes
                0x0000000000000296       0x34 _build/nrf52840_xxaa/nrf_atflags.c.o
 .ARM.attributes
                0x00000000000002ca       0x34 _build/nrf52840_xxaa/nrf_atomic.c.o
 .ARM.attributes
                0x00000000000002fe       0x34 _build/nrf52840_xxaa/nrf_balloc.c.o
 .ARM.attributes
                0x0000000000000332       0x34 _build/nrf52840_xxaa/nrf_fprintf.c.o
 .ARM.attributes
                0x0000000000000366       0x34 _build/nrf52840_xxaa/nrf_fprintf_format.c.o
 .ARM.attributes
                0x000000000000039a       0x34 _build/nrf52840_xxaa/nrf_memobj.c.o
 .ARM.attributes
                0x00000000000003ce       0x34 _build/nrf52840_xxaa/nrf_pwr_mgmt.c.o
 .ARM.attributes
                0x0000000000000402       0x34 _build/nrf52840_xxaa/nrf_ringbuf.c.o
 .ARM.attributes
                0x0000000000000436       0x34 _build/nrf52840_xxaa/nrf_section_iter.c.o
 .ARM.attributes
                0x000000000000046a       0x34 _build/nrf52840_xxaa/nrf_strerror.c.o
 .ARM.attributes
                0x000000000000049e       0x34 _build/nrf52840_xxaa/system_nrf52840.c.o
 .ARM.attributes
                0x00000000000004d2       0x34 _build/nrf52840_xxaa/boards.c.o
 .ARM.attributes
                0x0000000000000506       0x34 _build/nrf52840_xxaa/nrf_drv_clock.c.o
 .ARM.attributes
                0x000000000000053a       0x34 _build/nrf52840_xxaa/nrf_drv_uart.c.o
 .ARM.attributes
                0x000000000000056e       0x34 _build/nrf52840_xxaa/nrfx_clock.c.o
 .ARM.attributes
                0x00000000000005a2       0x34 _build/nrf52840_xxaa/nrfx_gpiote.c.o
 .ARM.attributes
                0x00000000000005d6       0x34 _build/nrf52840_xxaa/nrfx_prs.c.o
 .ARM.attributes
                0x000000000000060a       0x34 _build/nrf52840_xxaa/nrfx_uart.c.o
 .ARM.attributes
                0x000000000000063e       0x34 _build/nrf52840_xxaa/nrfx_uarte.c.o
 .ARM.attributes
                0x0000000000000672       0x34 _build/nrf52840_xxaa/bsp.c.o
 .ARM.attributes
                0x00000000000006a6       0x34 _build/nrf52840_xxaa/bsp_btn_ble.c.o
 .ARM.attributes
                0x00000000000006da       0x34 _build/nrf52840_xxaa/main.c.o
 .ARM.attributes
                0x000000000000070e       0x34 _build/nrf52840_xxaa/ble_advdata.c.o
 .ARM.attributes
                0x0000000000000742       0x34 _build/nrf52840_xxaa/ble_conn_state.c.o
 .ARM.attributes
                0x0000000000000776       0x34 _build/nrf52840_xxaa/ble_db_discovery.c.o
 .ARM.attributes
                0x00000000000007aa       0x34 _build/nrf52840_xxaa/nrf_ble_gatt.c.o
 .ARM.attributes
                0x00000000000007de       0x34 _build/nrf52840_xxaa/nrf_ble_scan.c.o
 .ARM.attributes
                0x0000000000000812       0x34 _build/nrf52840_xxaa/ble_lbs_c.c.o
 .ARM.attributes
                0x0000000000000846       0x34 _build/nrf52840_xxaa/nrf_sdh.c.o
 .ARM.attributes
                0x000000000000087a       0x34 _build/nrf52840_xxaa/nrf_sdh_ble.c.o
 .ARM.attributes
                0x00000000000008ae       0x34 _build/nrf52840_xxaa/nrf_sdh_soc.c.o
 .ARM.attributes
                0x00000000000008e2       0x32 /opt/gcc-arm-none-eabi-9-2020-q2-update/bin/../lib/gcc/arm-none-eabi/9.3.1/../../../../arm-none-eabi/lib/thumb/v7e-m+fp/hard/libc_nano.a(lib_a-ctype_.o)
 .ARM.attributes
                0x0000000000000914       0x34 /opt/gcc-arm-none-eabi-9-2020-q2-update/bin/../lib/gcc/arm-none-eabi/9.3.1/../../../../arm-none-eabi/lib/thumb/v7e-m+fp/hard/libc_nano.a(lib_a-exit.o)
 .ARM.attributes
                0x0000000000000948       0x32 /opt/gcc-arm-none-eabi-9-2020-q2-update/bin/../lib/gcc/arm-none-eabi/9.3.1/../../../../arm-none-eabi/lib/thumb/v7e-m+fp/hard/libc_nano.a(lib_a-impure.o)
 .ARM.attributes
                0x000000000000097a       0x34 /opt/gcc-arm-none-eabi-9-2020-q2-update/bin/../lib/gcc/arm-none-eabi/9.3.1/../../../../arm-none-eabi/lib/thumb/v7e-m+fp/hard/libc_nano.a(lib_a-init.o)
 .ARM.attributes
                0x00000000000009ae       0x34 /opt/gcc-arm-none-eabi-9-2020-q2-update/bin/../lib/gcc/arm-none-eabi/9.3.1/../../../../arm-none-eabi/lib/thumb/v7e-m+fp/hard/libc_nano.a(lib_a-memcmp.o)
 .ARM.attributes
                0x00000000000009e2       0x34 /opt/gcc-arm-none-eabi-9-2020-q2-update/bin/../lib/gcc/arm-none-eabi/9.3.1/../../../../arm-none-eabi/lib/thumb/v7e-m+fp/hard/libc_nano.a(lib_a-memcpy-stub.o)
 .ARM.attributes
                0x0000000000000a16       0x34 /opt/gcc-arm-none-eabi-9-2020-q2-update/bin/../lib/gcc/arm-none-eabi/9.3.1/../../../../arm-none-eabi/lib/thumb/v7e-m+fp/hard/libc_nano.a(lib_a-memset.o)
 .ARM.attributes
                0x0000000000000a4a       0x1c /opt/gcc-arm-none-eabi-9-2020-q2-update/bin/../lib/gcc/arm-none-eabi/9.3.1/../../../../arm-none-eabi/lib/thumb/v7e-m+fp/hard/libc_nano.a(lib_a-strcmp.o)
 .ARM.attributes
                0x0000000000000a66       0x17 /opt/gcc-arm-none-eabi-9-2020-q2-update/bin/../lib/gcc/arm-none-eabi/9.3.1/../../../../arm-none-eabi/lib/thumb/v7e-m+fp/hard/libc_nano.a(lib_a-strlen.o)
 .ARM.attributes
                0x0000000000000a7d       0x34 /opt/gcc-arm-none-eabi-9-2020-q2-update/bin/../lib/gcc/arm-none-eabi/9.3.1/../../../../arm-none-eabi/lib/thumb/v7e-m+fp/hard/libnosys.a(_exit.o)
 .ARM.attributes
                0x0000000000000ab1       0x32 /opt/gcc-arm-none-eabi-9-2020-q2-update/bin/../lib/gcc/arm-none-eabi/9.3.1/thumb/v7e-m+fp/hard/crtend.o
 .ARM.attributes
                0x0000000000000ae3       0x1e /opt/gcc-arm-none-eabi-9-2020-q2-update/bin/../lib/gcc/arm-none-eabi/9.3.1/thumb/v7e-m+fp/hard/crtn.o

.comment        0x0000000000000000       0x4c
 .comment       0x0000000000000000       0x4c _build/nrf52840_xxaa/nrf_log_backend_serial.c.o
                                         0x4d (size before relaxing)
 .comment       0x000000000000004c       0x4d _build/nrf52840_xxaa/nrf_log_backend_uart.c.o
 .comment       0x000000000000004c       0x4d _build/nrf52840_xxaa/nrf_log_default_backends.c.o
 .comment       0x000000000000004c       0x4d _build/nrf52840_xxaa/nrf_log_frontend.c.o
 .comment       0x000000000000004c       0x4d _build/nrf52840_xxaa/nrf_log_str_formatter.c.o
 .comment       0x000000000000004c       0x4d _build/nrf52840_xxaa/app_button.c.o
 .comment       0x000000000000004c       0x4d _build/nrf52840_xxaa/app_error.c.o
 .comment       0x000000000000004c       0x4d _build/nrf52840_xxaa/app_error_weak.c.o
 .comment       0x000000000000004c       0x4d _build/nrf52840_xxaa/app_timer.c.o
 .comment       0x000000000000004c       0x4d _build/nrf52840_xxaa/app_util_platform.c.o
 .comment       0x000000000000004c       0x4d _build/nrf52840_xxaa/nrf_atflags.c.o
 .comment       0x000000000000004c       0x4d _build/nrf52840_xxaa/nrf_atomic.c.o
 .comment       0x000000000000004c       0x4d _build/nrf52840_xxaa/nrf_balloc.c.o
 .comment       0x000000000000004c       0x4d _build/nrf52840_xxaa/nrf_fprintf.c.o
 .comment       0x000000000000004c       0x4d _build/nrf52840_xxaa/nrf_fprintf_format.c.o
 .comment       0x000000000000004c       0x4d _build/nrf52840_xxaa/nrf_memobj.c.o
 .comment       0x000000000000004c       0x4d _build/nrf52840_xxaa/nrf_pwr_mgmt.c.o
 .comment       0x000000000000004c       0x4d _build/nrf52840_xxaa/nrf_ringbuf.c.o
 .comment       0x000000000000004c       0x4d _build/nrf52840_xxaa/nrf_section_iter.c.o
 .comment       0x000000000000004c       0x4d _build/nrf52840_xxaa/nrf_strerror.c.o
 .comment       0x000000000000004c       0x4d _build/nrf52840_xxaa/system_nrf52840.c.o
 .comment       0x000000000000004c       0x4d _build/nrf52840_xxaa/boards.c.o
 .comment       0x000000000000004c       0x4d _build/nrf52840_xxaa/nrf_drv_clock.c.o
 .comment       0x000000000000004c       0x4d _build/nrf52840_xxaa/nrf_drv_uart.c.o
 .comment       0x000000000000004c       0x4d _build/nrf52840_xxaa/nrfx_clock.c.o
 .comment       0x000000000000004c       0x4d _build/nrf52840_xxaa/nrfx_gpiote.c.o
 .comment       0x000000000000004c       0x4d _build/nrf52840_xxaa/nrfx_prs.c.o
 .comment       0x000000000000004c       0x4d _build/nrf52840_xxaa/nrfx_uart.c.o
 .comment       0x000000000000004c       0x4d _build/nrf52840_xxaa/nrfx_uarte.c.o
 .comment       0x000000000000004c       0x4d _build/nrf52840_xxaa/bsp.c.o
 .comment       0x000000000000004c       0x4d _build/nrf52840_xxaa/bsp_btn_ble.c.o
 .comment       0x000000000000004c       0x4d _build/nrf52840_xxaa/main.c.o
 .comment       0x000000000000004c       0x4d _build/nrf52840_xxaa/ble_advdata.c.o
 .comment       0x000000000000004c       0x4d _build/nrf52840_xxaa/ble_conn_state.c.o
 .comment       0x000000000000004c       0x4d _build/nrf52840_xxaa/ble_db_discovery.c.o
 .comment       0x000000000000004c       0x4d _build/nrf52840_xxaa/nrf_ble_gatt.c.o
 .comment       0x000000000000004c       0x4d _build/nrf52840_xxaa/nrf_ble_scan.c.o
 .comment       0x000000000000004c       0x4d _build/nrf52840_xxaa/ble_lbs_c.c.o
 .comment       0x000000000000004c       0x4d _build/nrf52840_xxaa/nrf_sdh.c.o
 .comment       0x000000000000004c       0x4d _build/nrf52840_xxaa/nrf_sdh_ble.c.o
 .comment       0x000000000000004c       0x4d _build/nrf52840_xxaa/nrf_sdh_soc.c.o

.debug_line     0x0000000000000000    0x26fef
 .debug_line    0x0000000000000000       0x89 _build/nrf52840_xxaa/gcc_startup_nrf52840.S.o
 .debug_line    0x0000000000000089      0x8f4 _build/nrf52840_xxaa/nrf_log_backend_serial.c.o
 .debug_line    0x000000000000097d      0xc21 _build/nrf52840_xxaa/nrf_log_backend_uart.c.o
 .debug_line    0x000000000000159e      0x7cf _build/nrf52840_xxaa/nrf_log_default_backends.c.o
 .debug_line    0x0000000000001d6d     0x2d20 _build/nrf52840_xxaa/nrf_log_frontend.c.o
 .debug_line    0x0000000000004a8d      0xa2b _build/nrf52840_xxaa/nrf_log_str_formatter.c.o
 .debug_line    0x00000000000054b8      0xbb4 _build/nrf52840_xxaa/app_button.c.o
 .debug_line    0x000000000000606c      0x57f _build/nrf52840_xxaa/app_error.c.o
 .debug_line    0x00000000000065eb      0x8d7 _build/nrf52840_xxaa/app_error_weak.c.o
 .debug_line    0x0000000000006ec2     0x1797 _build/nrf52840_xxaa/app_timer.c.o
 .debug_line    0x0000000000008659      0x7bd _build/nrf52840_xxaa/app_util_platform.c.o
 .debug_line    0x0000000000008e16      0x880 _build/nrf52840_xxaa/nrf_atflags.c.o
 .debug_line    0x0000000000009696      0x8eb _build/nrf52840_xxaa/nrf_atomic.c.o
 .debug_line    0x0000000000009f81      0x91c _build/nrf52840_xxaa/nrf_balloc.c.o
 .debug_line    0x000000000000a89d      0x5a7 _build/nrf52840_xxaa/nrf_fprintf.c.o
 .debug_line    0x000000000000ae44      0xf80 _build/nrf52840_xxaa/nrf_fprintf_format.c.o
 .debug_line    0x000000000000bdc4      0xbb6 _build/nrf52840_xxaa/nrf_memobj.c.o
 .debug_line    0x000000000000c97a      0xf0c _build/nrf52840_xxaa/nrf_pwr_mgmt.c.o
 .debug_line    0x000000000000d886      0xa16 _build/nrf52840_xxaa/nrf_ringbuf.c.o
 .debug_line    0x000000000000e29c      0x5bd _build/nrf52840_xxaa/nrf_section_iter.c.o
 .debug_line    0x000000000000e859      0x60e _build/nrf52840_xxaa/nrf_strerror.c.o
 .debug_line    0x000000000000ee67      0x664 _build/nrf52840_xxaa/system_nrf52840.c.o
 .debug_line    0x000000000000f4cb     0x10ad _build/nrf52840_xxaa/boards.c.o
 .debug_line    0x0000000000010578     0x11e1 _build/nrf52840_xxaa/nrf_drv_clock.c.o
 .debug_line    0x0000000000011759      0x8b7 _build/nrf52840_xxaa/nrf_drv_uart.c.o
 .debug_line    0x0000000000012010      0xf61 _build/nrf52840_xxaa/nrfx_clock.c.o
 .debug_line    0x0000000000012f71     0x33f3 _build/nrf52840_xxaa/nrfx_gpiote.c.o
 .debug_line    0x0000000000016364      0x9a1 _build/nrf52840_xxaa/nrfx_prs.c.o
 .debug_line    0x0000000000016d05     0x1f70 _build/nrf52840_xxaa/nrfx_uart.c.o
 .debug_line    0x0000000000018c75     0x1c82 _build/nrf52840_xxaa/nrfx_uarte.c.o
 .debug_line    0x000000000001a8f7     0x11ff _build/nrf52840_xxaa/bsp.c.o
 .debug_line    0x000000000001baf6      0xb4c _build/nrf52840_xxaa/bsp_btn_ble.c.o
 .debug_line    0x000000000001c642     0x1565 _build/nrf52840_xxaa/main.c.o
 .debug_line    0x000000000001dba7     0x1406 _build/nrf52840_xxaa/ble_advdata.c.o
 .debug_line    0x000000000001efad     0x1105 _build/nrf52840_xxaa/ble_conn_state.c.o
 .debug_line    0x00000000000200b2     0x19b7 _build/nrf52840_xxaa/ble_db_discovery.c.o
 .debug_line    0x0000000000021a69     0x101d _build/nrf52840_xxaa/nrf_ble_gatt.c.o
 .debug_line    0x0000000000022a86     0x112a _build/nrf52840_xxaa/nrf_ble_scan.c.o
 .debug_line    0x0000000000023bb0     0x1097 _build/nrf52840_xxaa/ble_lbs_c.c.o
 .debug_line    0x0000000000024c47     0x100b _build/nrf52840_xxaa/nrf_sdh.c.o
 .debug_line    0x0000000000025c52      0xb98 _build/nrf52840_xxaa/nrf_sdh_ble.c.o
 .debug_line    0x00000000000267ea      0x805 _build/nrf52840_xxaa/nrf_sdh_soc.c.o

.debug_info     0x0000000000000000    0x54158
 .debug_info    0x0000000000000000       0x26 _build/nrf52840_xxaa/gcc_startup_nrf52840.S.o
 .debug_info    0x0000000000000026     0x124c _build/nrf52840_xxaa/nrf_log_backend_serial.c.o
 .debug_info    0x0000000000001272     0x1cc5 _build/nrf52840_xxaa/nrf_log_backend_uart.c.o
 .debug_info    0x0000000000002f37      0xd9e _build/nrf52840_xxaa/nrf_log_default_backends.c.o
 .debug_info    0x0000000000003cd5     0x46b8 _build/nrf52840_xxaa/nrf_log_frontend.c.o
 .debug_info    0x000000000000838d     0x1431 _build/nrf52840_xxaa/nrf_log_str_formatter.c.o
 .debug_info    0x00000000000097be     0x1045 _build/nrf52840_xxaa/app_button.c.o
 .debug_info    0x000000000000a803      0xbac _build/nrf52840_xxaa/app_error.c.o
 .debug_info    0x000000000000b3af     0x1026 _build/nrf52840_xxaa/app_error_weak.c.o
 .debug_info    0x000000000000c3d5     0x29f2 _build/nrf52840_xxaa/app_timer.c.o
 .debug_info    0x000000000000edc7     0x1313 _build/nrf52840_xxaa/app_util_platform.c.o
 .debug_info    0x00000000000100da      0xf4f _build/nrf52840_xxaa/nrf_atflags.c.o
 .debug_info    0x0000000000011029     0x13e4 _build/nrf52840_xxaa/nrf_atomic.c.o
 .debug_info    0x000000000001240d      0xea4 _build/nrf52840_xxaa/nrf_balloc.c.o
 .debug_info    0x00000000000132b1      0xb51 _build/nrf52840_xxaa/nrf_fprintf.c.o
 .debug_info    0x0000000000013e02     0x1574 _build/nrf52840_xxaa/nrf_fprintf_format.c.o
 .debug_info    0x0000000000015376     0x161b _build/nrf52840_xxaa/nrf_memobj.c.o
 .debug_info    0x0000000000016991     0x1ee2 _build/nrf52840_xxaa/nrf_pwr_mgmt.c.o
 .debug_info    0x0000000000018873      0xf8b _build/nrf52840_xxaa/nrf_ringbuf.c.o
 .debug_info    0x00000000000197fe      0xac1 _build/nrf52840_xxaa/nrf_section_iter.c.o
 .debug_info    0x000000000001a2bf      0xb76 _build/nrf52840_xxaa/nrf_strerror.c.o
 .debug_info    0x000000000001ae35     0x14ee _build/nrf52840_xxaa/system_nrf52840.c.o
 .debug_info    0x000000000001c323     0x1862 _build/nrf52840_xxaa/boards.c.o
 .debug_info    0x000000000001db85     0x2156 _build/nrf52840_xxaa/nrf_drv_clock.c.o
 .debug_info    0x000000000001fcdb     0x1b27 _build/nrf52840_xxaa/nrf_drv_uart.c.o
 .debug_info    0x0000000000021802     0x1cc8 _build/nrf52840_xxaa/nrfx_clock.c.o
 .debug_info    0x00000000000234ca     0x4685 _build/nrf52840_xxaa/nrfx_gpiote.c.o
 .debug_info    0x0000000000027b4f     0x1200 _build/nrf52840_xxaa/nrfx_prs.c.o
 .debug_info    0x0000000000028d4f     0x4286 _build/nrf52840_xxaa/nrfx_uart.c.o
 .debug_info    0x000000000002cfd5     0x3f0a _build/nrf52840_xxaa/nrfx_uarte.c.o
 .debug_info    0x0000000000030edf     0x1edc _build/nrf52840_xxaa/bsp.c.o
 .debug_info    0x0000000000032dbb     0x28b2 _build/nrf52840_xxaa/bsp_btn_ble.c.o
 .debug_info    0x000000000003566d     0x464e _build/nrf52840_xxaa/main.c.o
 .debug_info    0x0000000000039cbb     0x2854 _build/nrf52840_xxaa/ble_advdata.c.o
 .debug_info    0x000000000003c50f     0x3751 _build/nrf52840_xxaa/ble_conn_state.c.o
 .debug_info    0x000000000003fc60     0x3e45 _build/nrf52840_xxaa/ble_db_discovery.c.o
 .debug_info    0x0000000000043aa5     0x341b _build/nrf52840_xxaa/nrf_ble_gatt.c.o
 .debug_info    0x0000000000046ec0     0x3bba _build/nrf52840_xxaa/nrf_ble_scan.c.o
 .debug_info    0x000000000004aa7a     0x314a _build/nrf52840_xxaa/ble_lbs_c.c.o
 .debug_info    0x000000000004dbc4     0x2077 _build/nrf52840_xxaa/nrf_sdh.c.o
 .debug_info    0x000000000004fc3b     0x3597 _build/nrf52840_xxaa/nrf_sdh_ble.c.o
 .debug_info    0x00000000000531d2      0xf86 _build/nrf52840_xxaa/nrf_sdh_soc.c.o

.debug_abbrev   0x0000000000000000     0xa7c1
 .debug_abbrev  0x0000000000000000       0x14 _build/nrf52840_xxaa/gcc_startup_nrf52840.S.o
 .debug_abbrev  0x0000000000000014      0x2cc _build/nrf52840_xxaa/nrf_log_backend_serial.c.o
 .debug_abbrev  0x00000000000002e0      0x41d _build/nrf52840_xxaa/nrf_log_backend_uart.c.o
 .debug_abbrev  0x00000000000006fd      0x294 _build/nrf52840_xxaa/nrf_log_default_backends.c.o
 .debug_abbrev  0x0000000000000991      0x61e _build/nrf52840_xxaa/nrf_log_frontend.c.o
 .debug_abbrev  0x0000000000000faf      0x320 _build/nrf52840_xxaa/nrf_log_str_formatter.c.o
 .debug_abbrev  0x00000000000012cf      0x323 _build/nrf52840_xxaa/app_button.c.o
 .debug_abbrev  0x00000000000015f2      0x276 _build/nrf52840_xxaa/app_error.c.o
 .debug_abbrev  0x0000000000001868      0x2e9 _build/nrf52840_xxaa/app_error_weak.c.o
 .debug_abbrev  0x0000000000001b51      0x531 _build/nrf52840_xxaa/app_timer.c.o
 .debug_abbrev  0x0000000000002082      0x3df _build/nrf52840_xxaa/app_util_platform.c.o
 .debug_abbrev  0x0000000000002461      0x367 _build/nrf52840_xxaa/nrf_atflags.c.o
 .debug_abbrev  0x00000000000027c8      0x378 _build/nrf52840_xxaa/nrf_atomic.c.o
 .debug_abbrev  0x0000000000002b40      0x34d _build/nrf52840_xxaa/nrf_balloc.c.o
 .debug_abbrev  0x0000000000002e8d      0x27d _build/nrf52840_xxaa/nrf_fprintf.c.o
 .debug_abbrev  0x000000000000310a      0x3ba _build/nrf52840_xxaa/nrf_fprintf_format.c.o
 .debug_abbrev  0x00000000000034c4      0x397 _build/nrf52840_xxaa/nrf_memobj.c.o
 .debug_abbrev  0x000000000000385b      0x4ff _build/nrf52840_xxaa/nrf_pwr_mgmt.c.o
 .debug_abbrev  0x0000000000003d5a      0x2b2 _build/nrf52840_xxaa/nrf_ringbuf.c.o
 .debug_abbrev  0x000000000000400c      0x206 _build/nrf52840_xxaa/nrf_section_iter.c.o
 .debug_abbrev  0x0000000000004212      0x29c _build/nrf52840_xxaa/nrf_strerror.c.o
 .debug_abbrev  0x00000000000044ae      0x22f _build/nrf52840_xxaa/system_nrf52840.c.o
 .debug_abbrev  0x00000000000046dd      0x44c _build/nrf52840_xxaa/boards.c.o
 .debug_abbrev  0x0000000000004b29      0x5e9 _build/nrf52840_xxaa/nrf_drv_clock.c.o
 .debug_abbrev  0x0000000000005112      0x2da _build/nrf52840_xxaa/nrf_drv_uart.c.o
 .debug_abbrev  0x00000000000053ec      0x521 _build/nrf52840_xxaa/nrfx_clock.c.o
 .debug_abbrev  0x000000000000590d      0x5b2 _build/nrf52840_xxaa/nrfx_gpiote.c.o
 .debug_abbrev  0x0000000000005ebf      0x362 _build/nrf52840_xxaa/nrfx_prs.c.o
 .debug_abbrev  0x0000000000006221      0x56b _build/nrf52840_xxaa/nrfx_uart.c.o
 .debug_abbrev  0x000000000000678c      0x54a _build/nrf52840_xxaa/nrfx_uarte.c.o
 .debug_abbrev  0x0000000000006cd6      0x53b _build/nrf52840_xxaa/bsp.c.o
 .debug_abbrev  0x0000000000007211      0x3c6 _build/nrf52840_xxaa/bsp_btn_ble.c.o
 .debug_abbrev  0x00000000000075d7      0x5a6 _build/nrf52840_xxaa/main.c.o
 .debug_abbrev  0x0000000000007b7d      0x49b _build/nrf52840_xxaa/ble_advdata.c.o
 .debug_abbrev  0x0000000000008018      0x5bb _build/nrf52840_xxaa/ble_conn_state.c.o
 .debug_abbrev  0x00000000000085d3      0x60c _build/nrf52840_xxaa/ble_db_discovery.c.o
 .debug_abbrev  0x0000000000008bdf      0x4d8 _build/nrf52840_xxaa/nrf_ble_gatt.c.o
 .debug_abbrev  0x00000000000090b7      0x520 _build/nrf52840_xxaa/nrf_ble_scan.c.o
 .debug_abbrev  0x00000000000095d7      0x4ec _build/nrf52840_xxaa/ble_lbs_c.c.o
 .debug_abbrev  0x0000000000009ac3      0x55c _build/nrf52840_xxaa/nrf_sdh.c.o
 .debug_abbrev  0x000000000000a01f      0x4b1 _build/nrf52840_xxaa/nrf_sdh_ble.c.o
 .debug_abbrev  0x000000000000a4d0      0x2f1 _build/nrf52840_xxaa/nrf_sdh_soc.c.o

.debug_aranges  0x0000000000000000      0xe80
 .debug_aranges
                0x0000000000000000       0x20 _build/nrf52840_xxaa/gcc_startup_nrf52840.S.o
 .debug_aranges
                0x0000000000000020       0x20 _build/nrf52840_xxaa/nrf_log_backend_serial.c.o
 .debug_aranges
                0x0000000000000040       0x48 _build/nrf52840_xxaa/nrf_log_backend_uart.c.o
 .debug_aranges
                0x0000000000000088       0x20 _build/nrf52840_xxaa/nrf_log_default_backends.c.o
 .debug_aranges
                0x00000000000000a8       0xb8 _build/nrf52840_xxaa/nrf_log_frontend.c.o
 .debug_aranges
                0x0000000000000160       0x38 _build/nrf52840_xxaa/nrf_log_str_formatter.c.o
 .debug_aranges
                0x0000000000000198       0x48 _build/nrf52840_xxaa/app_button.c.o
 .debug_aranges
                0x00000000000001e0       0x28 _build/nrf52840_xxaa/app_error.c.o
 .debug_aranges
                0x0000000000000208       0x20 _build/nrf52840_xxaa/app_error_weak.c.o
 .debug_aranges
                0x0000000000000228       0x70 _build/nrf52840_xxaa/app_timer.c.o
 .debug_aranges
                0x0000000000000298       0x48 _build/nrf52840_xxaa/app_util_platform.c.o
 .debug_aranges
                0x00000000000002e0       0x58 _build/nrf52840_xxaa/nrf_atflags.c.o
 .debug_aranges
                0x0000000000000338       0xb0 _build/nrf52840_xxaa/nrf_atomic.c.o
 .debug_aranges
                0x00000000000003e8       0x30 _build/nrf52840_xxaa/nrf_balloc.c.o
 .debug_aranges
                0x0000000000000418       0x28 _build/nrf52840_xxaa/nrf_fprintf.c.o
 .debug_aranges
                0x0000000000000440       0x28 _build/nrf52840_xxaa/nrf_fprintf_format.c.o
 .debug_aranges
                0x0000000000000468       0x50 _build/nrf52840_xxaa/nrf_memobj.c.o
 .debug_aranges
                0x00000000000004b8       0x48 _build/nrf52840_xxaa/nrf_pwr_mgmt.c.o
 .debug_aranges
                0x0000000000000500       0x50 _build/nrf52840_xxaa/nrf_ringbuf.c.o
 .debug_aranges
                0x0000000000000550       0x28 _build/nrf52840_xxaa/nrf_section_iter.c.o
 .debug_aranges
                0x0000000000000578       0x28 _build/nrf52840_xxaa/nrf_strerror.c.o
 .debug_aranges
                0x00000000000005a0       0x28 _build/nrf52840_xxaa/system_nrf52840.c.o
 .debug_aranges
                0x00000000000005c8       0x78 _build/nrf52840_xxaa/boards.c.o
 .debug_aranges
                0x0000000000000640       0xa8 _build/nrf52840_xxaa/nrf_drv_clock.c.o
 .debug_aranges
                0x00000000000006e8       0x30 _build/nrf52840_xxaa/nrf_drv_uart.c.o
 .debug_aranges
                0x0000000000000718       0x78 _build/nrf52840_xxaa/nrfx_clock.c.o
 .debug_aranges
                0x0000000000000790       0xd8 _build/nrf52840_xxaa/nrfx_gpiote.c.o
 .debug_aranges
                0x0000000000000868       0x30 _build/nrf52840_xxaa/nrfx_prs.c.o
 .debug_aranges
                0x0000000000000898       0x78 _build/nrf52840_xxaa/nrfx_uart.c.o
 .debug_aranges
                0x0000000000000910       0x68 _build/nrf52840_xxaa/nrfx_uarte.c.o
 .debug_aranges
                0x0000000000000978       0x80 _build/nrf52840_xxaa/bsp.c.o
 .debug_aranges
                0x00000000000009f8       0x30 _build/nrf52840_xxaa/bsp_btn_ble.c.o
 .debug_aranges
                0x0000000000000a28       0x68 _build/nrf52840_xxaa/main.c.o
 .debug_aranges
                0x0000000000000a90       0x78 _build/nrf52840_xxaa/ble_advdata.c.o
 .debug_aranges
                0x0000000000000b08       0xc0 _build/nrf52840_xxaa/ble_conn_state.c.o
 .debug_aranges
                0x0000000000000bc8       0x70 _build/nrf52840_xxaa/ble_db_discovery.c.o
 .debug_aranges
                0x0000000000000c38       0x70 _build/nrf52840_xxaa/nrf_ble_gatt.c.o
 .debug_aranges
                0x0000000000000ca8       0x90 _build/nrf52840_xxaa/nrf_ble_scan.c.o
 .debug_aranges
                0x0000000000000d38       0x60 _build/nrf52840_xxaa/ble_lbs_c.c.o
 .debug_aranges
                0x0000000000000d98       0x70 _build/nrf52840_xxaa/nrf_sdh.c.o
 .debug_aranges
                0x0000000000000e08       0x50 _build/nrf52840_xxaa/nrf_sdh_ble.c.o
 .debug_aranges
                0x0000000000000e58       0x28 _build/nrf52840_xxaa/nrf_sdh_soc.c.o

.debug_str      0x0000000000000000    0xad844
 .debug_str     0x0000000000000000       0xbd _build/nrf52840_xxaa/gcc_startup_nrf52840.S.o
 .debug_str     0x00000000000000bd    0x8ab67 _build/nrf52840_xxaa/nrf_log_backend_serial.c.o
                                      0x8d35c (size before relaxing)
 .debug_str     0x000000000008ac24     0x8534 _build/nrf52840_xxaa/nrf_log_backend_uart.c.o
                                      0x95388 (size before relaxing)
 .debug_str     0x0000000000093158      0x11c _build/nrf52840_xxaa/nrf_log_default_backends.c.o
                                      0x8d113 (size before relaxing)
 .debug_str     0x0000000000093274     0x136b _build/nrf52840_xxaa/nrf_log_frontend.c.o
                                      0x8e5ca (size before relaxing)
 .debug_str     0x00000000000945df      0x6a6 _build/nrf52840_xxaa/nrf_log_str_formatter.c.o
                                      0x8d87e (size before relaxing)
 .debug_str     0x0000000000094c85     0x1666 _build/nrf52840_xxaa/app_button.c.o
                                      0x92346 (size before relaxing)
 .debug_str     0x00000000000962eb       0xf4 _build/nrf52840_xxaa/app_error.c.o
                                      0x78047 (size before relaxing)
 .debug_str     0x00000000000963df      0xa52 _build/nrf52840_xxaa/app_error_weak.c.o
                                      0x8e155 (size before relaxing)
 .debug_str     0x0000000000096e31      0xb78 _build/nrf52840_xxaa/app_timer.c.o
                                      0x91d25 (size before relaxing)
 .debug_str     0x00000000000979a9      0x24e _build/nrf52840_xxaa/app_util_platform.c.o
                                      0x795a0 (size before relaxing)
 .debug_str     0x0000000000097bf7      0x3c4 _build/nrf52840_xxaa/nrf_atflags.c.o
                                      0x8832c (size before relaxing)
 .debug_str     0x0000000000097fbb      0x65b _build/nrf52840_xxaa/nrf_atomic.c.o
                                      0x88687 (size before relaxing)
 .debug_str     0x0000000000098616      0x164 _build/nrf52840_xxaa/nrf_balloc.c.o
                                      0x8d10d (size before relaxing)
 .debug_str     0x000000000009877a      0x144 _build/nrf52840_xxaa/nrf_fprintf.c.o
                                      0x882e0 (size before relaxing)
 .debug_str     0x00000000000988be      0x11d _build/nrf52840_xxaa/nrf_fprintf_format.c.o
                                      0x883d5 (size before relaxing)
 .debug_str     0x00000000000989db      0x1a5 _build/nrf52840_xxaa/nrf_memobj.c.o
                                      0x8b4c5 (size before relaxing)
 .debug_str     0x0000000000098b80     0x17a8 _build/nrf52840_xxaa/nrf_pwr_mgmt.c.o
                                      0x9667e (size before relaxing)
 .debug_str     0x000000000009a328       0xdc _build/nrf52840_xxaa/nrf_ringbuf.c.o