Archive member included to satisfy reference by file (symbol)

/opt/gcc-arm-none-eabi-9-2020-q2-update/bin/../lib/gcc/arm-none-eabi/9.3.1/../../../../arm-none-eabi/lib/thumb/v7e-m+fp/hard/libc_nano.a(lib_a-ctype_.o)
                              _build/nrf52840_xxaa/nrf_log_str_formatter.c.o (_ctype_)
/opt/gcc-arm-none-eabi-9-2020-q2-update/bin/../lib/gcc/arm-none-eabi/9.3.1/../../../../arm-none-eabi/lib/thumb/v7e-m+fp/hard/libc_nano.a(lib_a-exit.o)
                              /opt/gcc-arm-none-eabi-9-2020-q2-update/bin/../lib/gcc/arm-none-eabi/9.3.1/../../../../arm-none-eabi/lib/thumb/v7e-m+fp/hard/crt0.o (exit)
/opt/gcc-arm-none-eabi-9-2020-q2-update/bin/../lib/gcc/arm-none-eabi/9.3.1/../../../../arm-none-eabi/lib/thumb/v7e-m+fp/hard/libc_nano.a(lib_a-impure.o)
                              /opt/gcc-arm-none-eabi-9-2020-q2-update/bin/../lib/gcc/arm-none-eabi/9.3.1/../../../../arm-none-eabi/lib/thumb/v7e-m+fp/hard/libc_nano.a(lib_a-exit.o) (_global_impure_ptr)
/opt/gcc-arm-none-eabi-9-2020-q2-update/bin/../lib/gcc/arm-none-eabi/9.3.1/../../../../arm-none-eabi/lib/thumb/v7e-m+fp/hard/libc_nano.a(lib_a-init.o)
                              /opt/gcc-arm-none-eabi-9-2020-q2-update/bin/../lib/gcc/arm-none-eabi/9.3.1/../../../../arm-none-eabi/lib/thumb/v7e-m+fp/hard/crt0.o (__libc_init_array)
/opt/gcc-arm-none-eabi-9-2020-q2-update/bin/../lib/gcc/arm-none-eabi/9.3.1/../../../../arm-none-eabi/lib/thumb/v7e-m+fp/hard/libc_nano.a(lib_a-memcmp.o)
                              _build/nrf52840_xxaa/ble_advdata.c.o (memcmp)
/opt/gcc-arm-none-eabi-9-2020-q2-update/bin/../lib/gcc/arm-none-eabi/9.3.1/../../../../arm-none-eabi/lib/thumb/v7e-m+fp/hard/libc_nano.a(lib_a-memcpy-stub.o)
                              _build/nrf52840_xxaa/nrf_log_frontend.c.o (memcpy)
/opt/gcc-arm-none-eabi-9-2020-q2-update/bin/../lib/gcc/arm-none-eabi/9.3.1/../../../../arm-none-eabi/lib/thumb/v7e-m+fp/hard/libc_nano.a(lib_a-memset.o)
                              /opt/gcc-arm-none-eabi-9-2020-q2-update/bin/../lib/gcc/arm-none-eabi/9.3.1/../../../../arm-none-eabi/lib/thumb/v7e-m+fp/hard/crt0.o (memset)
/opt/gcc-arm-none-eabi-9-2020-q2-update/bin/../lib/gcc/arm-none-eabi/9.3.1/../../../../arm-none-eabi/lib/thumb/v7e-m+fp/hard/libc_nano.a(lib_a-printf.o)
                              _build/nrf52840_xxaa/main.c.o (printf)
/opt/gcc-arm-none-eabi-9-2020-q2-update/bin/../lib/gcc/arm-none-eabi/9.3.1/../../../../arm-none-eabi/lib/thumb/v7e-m+fp/hard/libc_nano.a(lib_a-strcpy.o)
                              _build/nrf52840_xxaa/SEGGER_RTT.c.o (strcpy)
/opt/gcc-arm-none-eabi-9-2020-q2-update/bin/../lib/gcc/arm-none-eabi/9.3.1/../../../../arm-none-eabi/lib/thumb/v7e-m+fp/hard/libc_nano.a(lib_a-strlen.o)
                              _build/nrf52840_xxaa/nrf_log_frontend.c.o (strlen)
/opt/gcc-arm-none-eabi-9-2020-q2-update/bin/../lib/gcc/arm-none-eabi/9.3.1/../../../../arm-none-eabi/lib/thumb/v7e-m+fp/hard/libc_nano.a(lib_a-findfp.o)
                              /opt/gcc-arm-none-eabi-9-2020-q2-update/bin/../lib/gcc/arm-none-eabi/9.3.1/../../../../arm-none-eabi/lib/thumb/v7e-m+fp/hard/libc_nano.a(lib_a-printf.o) (__sinit)
/opt/gcc-arm-none-eabi-9-2020-q2-update/bin/../lib/gcc/arm-none-eabi/9.3.1/../../../../arm-none-eabi/lib/thumb/v7e-m+fp/hard/libc_nano.a(lib_a-fwalk.o)
                              /opt/gcc-arm-none-eabi-9-2020-q2-update/bin/../lib/gcc/arm-none-eabi/9.3.1/../../../../arm-none-eabi/lib/thumb/v7e-m+fp/hard/libc_nano.a(lib_a-findfp.o) (_fwalk)
/opt/gcc-arm-none-eabi-9-2020-q2-update/bin/../lib/gcc/arm-none-eabi/9.3.1/../../../../arm-none-eabi/lib/thumb/v7e-m+fp/hard/libc_nano.a(lib_a-lock.o)
                              /opt/gcc-arm-none-eabi-9-2020-q2-update/bin/../lib/gcc/arm-none-eabi/9.3.1/../../../../arm-none-eabi/lib/thumb/v7e-m+fp/hard/libc_nano.a(lib_a-findfp.o) (__retarget_lock_init_recursive)
/opt/gcc-arm-none-eabi-9-2020-q2-update/bin/../lib/gcc/arm-none-eabi/9.3.1/../../../../arm-none-eabi/lib/thumb/v7e-m+fp/hard/libc_nano.a(lib_a-nano-mallocr.o)
                              /opt/gcc-arm-none-eabi-9-2020-q2-update/bin/../lib/gcc/arm-none-eabi/9.3.1/../../../../arm-none-eabi/lib/thumb/v7e-m+fp/hard/libc_nano.a(lib_a-findfp.o) (_malloc_r)
/opt/gcc-arm-none-eabi-9-2020-q2-update/bin/../lib/gcc/arm-none-eabi/9.3.1/../../../../arm-none-eabi/lib/thumb/v7e-m+fp/hard/libc_nano.a(lib_a-nano-vfprintf.o)
                              /opt/gcc-arm-none-eabi-9-2020-q2-update/bin/../lib/gcc/arm-none-eabi/9.3.1/../../../../arm-none-eabi/lib/thumb/v7e-m+fp/hard/libc_nano.a(lib_a-printf.o) (_vfprintf_r)
/opt/gcc-arm-none-eabi-9-2020-q2-update/bin/../lib/gcc/arm-none-eabi/9.3.1/../../../../arm-none-eabi/lib/thumb/v7e-m+fp/hard/libc_nano.a(lib_a-nano-vfprintf_i.o)
                              /opt/gcc-arm-none-eabi-9-2020-q2-update/bin/../lib/gcc/arm-none-eabi/9.3.1/../../../../arm-none-eabi/lib/thumb/v7e-m+fp/hard/libc_nano.a(lib_a-nano-vfprintf.o) (_printf_i)
[...]
Memory Configuration

Name             Origin             Length             Attributes
FLASH            0x0000000000026000 0x00000000000da000 xr
RAM              0x0000000020002a98 0x000000000003d568 xrw
*default*        0x0000000000000000 0xffffffffffffffff

Linker script and memory map


.text           0x0000000000026000     0x913c
 *(.isr_vector)
 .isr_vector    0x0000000000026000      0x200 _build/nrf52840_xxaa/gcc_startup_nrf52840.S.o
                0x0000000000026000                __isr_vector
 *(.text*)
 .text          0x0000000000026200       0x40 /opt/gcc-arm-none-eabi-9-2020-q2-update/bin/../lib/gcc/arm-none-eabi/9.3.1/thumb/v7e-m+fp/hard/crtbegin.o
 .text          0x0000000000026240       0x7c /opt/gcc-arm-none-eabi-9-2020-q2-update/bin/../lib/gcc/arm-none-eabi/9.3.1/../../../../arm-none-eabi/lib/thumb/v7e-m+fp/hard/crt0.o
                0x0000000000026240                _stack_init
                0x0000000000026248                _mainCRTStartup
                0x0000000000026248                _start
 .text          0x00000000000262bc       0x3c _build/nrf52840_xxaa/gcc_startup_nrf52840.S.o
                0x00000000000262bc                Reset_Handler
                0x00000000000262e4                NMI_Handler
                0x00000000000262e6                HardFault_Handler
                0x00000000000262e8                MemoryManagement_Handler
                0x00000000000262ea                BusFault_Handler
                0x00000000000262ec                UsageFault_Handler
                0x00000000000262ee                SVC_Handler
                0x00000000000262f0                DebugMon_Handler
                0x00000000000262f2                PendSV_Handler
                0x00000000000262f4                SysTick_Handler
                0x00000000000262f6                TIMER2_IRQHandler
                0x00000000000262f6                RTC0_IRQHandler
                0x00000000000262f6                PWM1_IRQHandler
                0x00000000000262f6                RADIO_IRQHandler
                0x00000000000262f6                PDM_IRQHandler
                0x00000000000262f6                TEMP_IRQHandler
                0x00000000000262f6                QDEC_IRQHandler
                0x00000000000262f6                TIMER3_IRQHandler
                0x00000000000262f6                PWM3_IRQHandler
                0x00000000000262f6                FPU_IRQHandler
                0x00000000000262f6                USBD_IRQHandler
                0x00000000000262f6                SPIM0_SPIS0_TWIM0_TWIS0_SPI0_TWI0_IRQHandler
                0x00000000000262f6                TIMER4_IRQHandler
                0x00000000000262f6                CRYPTOCELL_IRQHandler
                0x00000000000262f6                I2S_IRQHandler
                0x00000000000262f6                SWI4_EGU4_IRQHandler
                0x00000000000262f6                TIMER0_IRQHandler
                0x00000000000262f6                UARTE1_IRQHandler
                0x00000000000262f6                TIMER1_IRQHandler
                0x00000000000262f6                SPIM3_IRQHandler
                0x00000000000262f6                PWM2_IRQHandler
                0x00000000000262f6                ECB_IRQHandler
                0x00000000000262f6                SPIM1_SPIS1_TWIM1_TWIS1_SPI1_TWI1_IRQHandler
                0x00000000000262f6                Default_Handler
                0x00000000000262f6                SAADC_IRQHandler
                0x00000000000262f6                CCM_AAR_IRQHandler
                0x00000000000262f6                WDT_IRQHandler
                0x00000000000262f6                SWI5_EGU5_IRQHandler
                0x00000000000262f6                RNG_IRQHandler
                0x00000000000262f6                RTC2_IRQHandler
                0x00000000000262f6                PWM0_IRQHandler
                0x00000000000262f6                SWI3_EGU3_IRQHandler
                0x00000000000262f6                SWI1_EGU1_IRQHandler
                0x00000000000262f6                SPIM2_SPIS2_SPI2_IRQHandler
                0x00000000000262f6                NFCT_IRQHandler
                0x00000000000262f6                MWU_IRQHandler
                0x00000000000262f6                QSPI_IRQHandler
                0x00000000000262f6                COMP_LPCOMP_IRQHandler
 .text.nrf_log_backend_rtt_flush
                0x00000000000262f8        0x4 _build/nrf52840_xxaa/nrf_log_backend_rtt.c.o
 .text.nrf_log_backend_rtt_put
                0x00000000000262fc       0x20 _build/nrf52840_xxaa/nrf_log_backend_rtt.c.o
 .text.serial_tx
                0x000000000002631c       0x54 _build/nrf52840_xxaa/nrf_log_backend_rtt.c.o
 .text.nrf_log_backend_rtt_panic_set
                0x0000000000026370        0x4 _build/nrf52840_xxaa/nrf_log_backend_rtt.c.o
 .text.nrf_log_backend_rtt_init
                0x0000000000026374        0x4 _build/nrf52840_xxaa/nrf_log_backend_rtt.c.o
                0x0000000000026374                nrf_log_backend_rtt_init
 .text.nrf_log_backend_serial_put
                0x0000000000026378       0xd8 _build/nrf52840_xxaa/nrf_log_backend_serial.c.o
                0x0000000000026378                nrf_log_backend_serial_put
 .text.nrf_log_default_backends_init
                0x0000000000026450       0x20 _build/nrf52840_xxaa/nrf_log_default_backends.c.o
                0x0000000000026450                nrf_log_default_backends_init
 .text.nrf_log_init
                0x0000000000026470       0x40 _build/nrf52840_xxaa/nrf_log_frontend.c.o
                0x0000000000026470                nrf_log_init
 .text.nrf_log_module_name_get
                0x00000000000264b0       0x48 _build/nrf52840_xxaa/nrf_log_frontend.c.o
                0x00000000000264b0                nrf_log_module_name_get
 .text.nrf_log_color_id_get
                0x00000000000264f8       0x2c _build/nrf52840_xxaa/nrf_log_frontend.c.o
                0x00000000000264f8                nrf_log_color_id_get
 .text.nrf_log_frontend_dequeue
                0x0000000000026524      0x274 _build/nrf52840_xxaa/nrf_log_frontend.c.o
                0x0000000000026524                nrf_log_frontend_dequeue
 .text.nrf_log_frontend_std_0
                0x0000000000026798      0x1a0 _build/nrf52840_xxaa/nrf_log_frontend.c.o
                0x0000000000026798                nrf_log_frontend_std_0
 .text.nrf_log_frontend_std_1
                0x0000000000026938      0x1b0 _build/nrf52840_xxaa/nrf_log_frontend.c.o
                0x0000000000026938                nrf_log_frontend_std_1
 .text.nrf_log_frontend_std_2
                0x0000000000026ae8      0x1c0 _build/nrf52840_xxaa/nrf_log_frontend.c.o
                0x0000000000026ae8                nrf_log_frontend_std_2
 .text.nrf_log_backend_add
                0x0000000000026ca8       0x5c _build/nrf52840_xxaa/nrf_log_frontend.c.o
                0x0000000000026ca8                nrf_log_backend_add
 .text.nrf_log_panic
                0x0000000000026d04       0x2c _build/nrf52840_xxaa/nrf_log_frontend.c.o
                0x0000000000026d04                nrf_log_panic
 .text.prefix_process
                0x0000000000026d30       0x80 _build/nrf52840_xxaa/nrf_log_str_formatter.c.o
 .text.nrf_log_std_entry_process
                0x0000000000026db0       0xf0 _build/nrf52840_xxaa/nrf_log_str_formatter.c.o
                0x0000000000026db0                nrf_log_std_entry_process
 .text.nrf_log_hexdump_entry_process
                0x0000000000026ea0       0xfc _build/nrf52840_xxaa/nrf_log_str_formatter.c.o
                0x0000000000026ea0                nrf_log_hexdump_entry_process
 .text.detection_delay_timeout_handler
                0x0000000000026f9c      0x10c _build/nrf52840_xxaa/app_button.c.o
 .text.gpiote_event_handler
                0x00000000000270a8       0xa0 _build/nrf52840_xxaa/app_button.c.o
 .text.app_button_init
                0x0000000000027148       0xb0 _build/nrf52840_xxaa/app_button.c.o
                0x0000000000027148                app_button_init
 .text.app_button_enable
                0x00000000000271f8       0x2c _build/nrf52840_xxaa/app_button.c.o
                0x00000000000271f8                app_button_enable
 .text.app_error_handler_bare
                0x0000000000027224       0x20 _build/nrf52840_xxaa/app_error.c.o
                0x0000000000027224                app_error_handler_bare
 .text.app_error_fault_handler
                0x0000000000027244       0x70 _build/nrf52840_xxaa/app_error_weak.c.o
                0x0000000000027244                app_error_fault_handler
 .text.app_fifo_init
                0x00000000000272b4       0x20 _build/nrf52840_xxaa/app_fifo.c.o
                0x00000000000272b4                app_fifo_init
 .text.app_fifo_put
                0x00000000000272d4       0x30 _build/nrf52840_xxaa/app_fifo.c.o
                0x00000000000272d4                app_fifo_put
 .text.app_fifo_get
                0x0000000000027304       0x2c _build/nrf52840_xxaa/app_fifo.c.o
                0x0000000000027304                app_fifo_get
 .text.RTC1_IRQHandler
                0x0000000000027330       0xa0 _build/nrf52840_xxaa/app_timer.c.o
                0x0000000000027330                RTC1_IRQHandler
 .text.SWI0_EGU0_IRQHandler
                0x00000000000273d0      0x3e0 _build/nrf52840_xxaa/app_timer.c.o
                0x00000000000273d0                SWI0_EGU0_IRQHandler
 .text.app_timer_init
                0x00000000000277b0       0xa8 _build/nrf52840_xxaa/app_timer.c.o
                0x00000000000277b0                app_timer_init
 .text.app_timer_create
                0x0000000000027858       0x24 _build/nrf52840_xxaa/app_timer.c.o
                0x0000000000027858                app_timer_create
 .text.app_timer_start
                0x000000000002787c       0xac _build/nrf52840_xxaa/app_timer.c.o
                0x000000000002787c                app_timer_start
 .text.app_timer_stop
                0x0000000000027928       0x78 _build/nrf52840_xxaa/app_timer.c.o
                0x0000000000027928                app_timer_stop
 .text.uart_event_handler
                0x00000000000279a0      0x114 _build/nrf52840_xxaa/app_uart_fifo.c.o
 .text.app_uart_init
                0x0000000000027ab4       0xf8 _build/nrf52840_xxaa/app_uart_fifo.c.o
                0x0000000000027ab4                app_uart_init
 .text.app_uart_get
                0x0000000000027bac       0x5c _build/nrf52840_xxaa/app_uart_fifo.c.o
                0x0000000000027bac                app_uart_get
 .text.app_uart_put
                0x0000000000027c08       0x74 _build/nrf52840_xxaa/app_uart_fifo.c.o
                0x0000000000027c08                app_uart_put
 .text.app_util_critical_region_enter
                0x0000000000027c7c       0x4c _build/nrf52840_xxaa/app_util_platform.c.o
                0x0000000000027c7c                app_util_critical_region_enter
 .text.app_util_critical_region_exit
                0x0000000000027cc8       0x30 _build/nrf52840_xxaa/app_util_platform.c.o
                0x0000000000027cc8                app_util_critical_region_exit
 .text.nrf_atflags_set
                0x0000000000027cf8       0x14 _build/nrf52840_xxaa/nrf_atflags.c.o
                0x0000000000027cf8                nrf_atflags_set
 .text.nrf_atflags_clear
                0x0000000000027d0c       0x14 _build/nrf52840_xxaa/nrf_atflags.c.o
                0x0000000000027d0c                nrf_atflags_clear
 .text.nrf_atflags_get
                0x0000000000027d20       0x14 _build/nrf52840_xxaa/nrf_atflags.c.o
                0x0000000000027d20                nrf_atflags_get
 .text.nrf_atomic_u32_fetch_store
                0x0000000000027d34       0x1c _build/nrf52840_xxaa/nrf_atomic.c.o
                0x0000000000027d34                nrf_atomic_u32_fetch_store
 .text.nrf_atomic_u32_or
                0x0000000000027d50       0x1c _build/nrf52840_xxaa/nrf_atomic.c.o
                0x0000000000027d50                nrf_atomic_u32_or
 .text.nrf_atomic_u32_and
                0x0000000000027d6c       0x1c _build/nrf52840_xxaa/nrf_atomic.c.o
                0x0000000000027d6c                nrf_atomic_u32_and
 .text.nrf_atomic_u32_add
                0x0000000000027d88       0x1c _build/nrf52840_xxaa/nrf_atomic.c.o
                0x0000000000027d88                nrf_atomic_u32_add
 .text.nrf_atomic_u32_sub
                0x0000000000027da4       0x1c _build/nrf52840_xxaa/nrf_atomic.c.o
                0x0000000000027da4                nrf_atomic_u32_sub
 .text.nrf_atomic_flag_set
                0x0000000000027dc0       0x20 _build/nrf52840_xxaa/nrf_atomic.c.o
                0x0000000000027dc0                nrf_atomic_flag_set
 .text.nrf_atomic_flag_clear_fetch
                0x0000000000027de0       0x20 _build/nrf52840_xxaa/nrf_atomic.c.o
                0x0000000000027de0                nrf_atomic_flag_clear_fetch
 .text.nrf_balloc_init
                0x0000000000027e00       0x38 _build/nrf52840_xxaa/nrf_balloc.c.o
                0x0000000000027e00                nrf_balloc_init
 .text.nrf_balloc_alloc
                0x0000000000027e38       0x50 _build/nrf52840_xxaa/nrf_balloc.c.o
                0x0000000000027e38                nrf_balloc_alloc
 .text.nrf_balloc_free
                0x0000000000027e88       0x38 _build/nrf52840_xxaa/nrf_balloc.c.o
                0x0000000000027e88                nrf_balloc_free
 .text.nrf_fprintf_buffer_flush
                0x0000000000027ec0       0x18 _build/nrf52840_xxaa/nrf_fprintf.c.o
                0x0000000000027ec0                nrf_fprintf_buffer_flush
 .text.nrf_fprintf
                0x0000000000027ed8       0x20 _build/nrf52840_xxaa/nrf_fprintf.c.o
                0x0000000000027ed8                nrf_fprintf
 .text.unsigned_print
                0x0000000000027ef8      0x14c _build/nrf52840_xxaa/nrf_fprintf_format.c.o
 .text.nrf_fprintf_fmt
                0x0000000000028044      0x5cc _build/nrf52840_xxaa/nrf_fprintf_format.c.o
                0x0000000000028044                nrf_fprintf_fmt
 .text.nrf_memobj_pool_init
                0x0000000000028610        0x4 _build/nrf52840_xxaa/nrf_memobj.c.o
                0x0000000000028610                nrf_memobj_pool_init
 .text.nrf_memobj_alloc
                0x0000000000028614       0x94 _build/nrf52840_xxaa/nrf_memobj.c.o
                0x0000000000028614                nrf_memobj_alloc
 .text.nrf_memobj_get
                0x00000000000286a8        0x8 _build/nrf52840_xxaa/nrf_memobj.c.o
                0x00000000000286a8                nrf_memobj_get
 .text.nrf_memobj_put
                0x00000000000286b0       0x58 _build/nrf52840_xxaa/nrf_memobj.c.o
                0x00000000000286b0                nrf_memobj_put
 .text.nrf_memobj_write
                0x0000000000028708       0x68 _build/nrf52840_xxaa/nrf_memobj.c.o
                0x0000000000028708                nrf_memobj_write
 .text.nrf_memobj_read
                0x0000000000028770       0x68 _build/nrf52840_xxaa/nrf_memobj.c.o
                0x0000000000028770                nrf_memobj_read
 .text.sd_app_evt_wait
                0x00000000000287d8        0x4 _build/nrf52840_xxaa/nrf_pwr_mgmt.c.o
 .text.nrf_pwr_mgmt_init
                0x00000000000287dc       0x2c _build/nrf52840_xxaa/nrf_pwr_mgmt.c.o
                0x00000000000287dc                nrf_pwr_mgmt_init
 .text.nrf_pwr_mgmt_run
                0x0000000000028808       0x54 _build/nrf52840_xxaa/nrf_pwr_mgmt.c.o
                0x0000000000028808                nrf_pwr_mgmt_run
 .text.nrf_ringbuf_init
                0x000000000002885c       0x1c _build/nrf52840_xxaa/nrf_ringbuf.c.o
                0x000000000002885c                nrf_ringbuf_init
 .text.nrf_section_iter_init
                0x0000000000028878       0x14 _build/nrf52840_xxaa/nrf_section_iter.c.o
                0x0000000000028878                nrf_section_iter_init
 .text.nrf_section_iter_next
                0x000000000002888c       0x18 _build/nrf52840_xxaa/nrf_section_iter.c.o
                0x000000000002888c                nrf_section_iter_next
 .text.nrf_strerror_get
                0x00000000000288a4       0x50 _build/nrf52840_xxaa/nrf_strerror.c.o
                0x00000000000288a4                nrf_strerror_get
 .text._write   0x00000000000288f4       0x1c _build/nrf52840_xxaa/retarget.c.o
                0x00000000000288f4                _write
 .text._read    0x0000000000028910       0x14 _build/nrf52840_xxaa/retarget.c.o
                0x0000000000028910                _read
 .text.SystemInit
                0x0000000000028924      0x1c4 _build/nrf52840_xxaa/system_nrf52840.c.o
                0x0000000000028924                SystemInit
 .text.bsp_board_led_state_get
                0x0000000000028ae8       0x28 _build/nrf52840_xxaa/boards.c.o
                0x0000000000028ae8                bsp_board_led_state_get
 .text.bsp_board_led_on
                0x0000000000028b10       0x24 _build/nrf52840_xxaa/boards.c.o
                0x0000000000028b10                bsp_board_led_on
 .text.bsp_board_led_off
                0x0000000000028b34       0x24 _build/nrf52840_xxaa/boards.c.o
                0x0000000000028b34                bsp_board_led_off
 .text.bsp_board_leds_off
                0x0000000000028b58       0x2c _build/nrf52840_xxaa/boards.c.o
                0x0000000000028b58                bsp_board_leds_off
 .text.bsp_board_leds_on
                0x0000000000028b84       0x2c _build/nrf52840_xxaa/boards.c.o
                0x0000000000028b84                bsp_board_leds_on
 .text.bsp_board_led_invert
                0x0000000000028bb0       0x34 _build/nrf52840_xxaa/boards.c.o
                0x0000000000028bb0                bsp_board_led_invert
 .text.bsp_board_button_state_get
                0x0000000000028be4       0x28 _build/nrf52840_xxaa/boards.c.o
                0x0000000000028be4                bsp_board_button_state_get
 .text.bsp_board_pin_to_button_idx
                0x0000000000028c0c       0x24 _build/nrf52840_xxaa/boards.c.o
                0x0000000000028c0c                bsp_board_pin_to_button_idx
 .text.bsp_board_button_idx_to_pin
                0x0000000000028c30        0xc _build/nrf52840_xxaa/boards.c.o
                0x0000000000028c30                bsp_board_button_idx_to_pin
 .text.bsp_board_init
                0x0000000000028c3c       0x5c _build/nrf52840_xxaa/boards.c.o
                0x0000000000028c3c                bsp_board_init
 .text.clock_irq_handler
                0x0000000000028c98       0x44 _build/nrf52840_xxaa/nrf_drv_clock.c.o
 .text.soc_evt_handler
                0x0000000000028cdc       0x28 _build/nrf52840_xxaa/nrf_drv_clock.c.o
 .text.sd_state_evt_handler
                0x0000000000028d04       0xa8 _build/nrf52840_xxaa/nrf_drv_clock.c.o
 .text.uarte_evt_handler
                0x0000000000028dac       0x34 _build/nrf52840_xxaa/nrf_drv_uart.c.o
 .text.uart_evt_handler
                0x0000000000028de0       0x34 _build/nrf52840_xxaa/nrf_drv_uart.c.o
 .text.nrf_drv_uart_init
                0x0000000000028e14       0x88 _build/nrf52840_xxaa/nrf_drv_uart.c.o
                0x0000000000028e14                nrf_drv_uart_init
 .text.nrfx_clock_init
                0x0000000000028e9c       0x18 _build/nrf52840_xxaa/nrfx_clock.c.o
                0x0000000000028e9c                nrfx_clock_init
 .text.nrfx_clock_enable
                0x0000000000028eb4       0x24 _build/nrf52840_xxaa/nrfx_clock.c.o
                0x0000000000028eb4                nrfx_clock_enable
 .text.nrfx_clock_lfclk_stop
                0x0000000000028ed8       0x18 _build/nrf52840_xxaa/nrfx_clock.c.o
                0x0000000000028ed8                nrfx_clock_lfclk_stop
 .text.POWER_CLOCK_IRQHandler
                0x0000000000028ef0       0x6c _build/nrf52840_xxaa/nrfx_clock.c.o
                0x0000000000028ef0                POWER_CLOCK_IRQHandler
 .text.nrfx_gpiote_init
                0x0000000000028f5c       0x9c _build/nrf52840_xxaa/nrfx_gpiote.c.o
                0x0000000000028f5c                nrfx_gpiote_init
 .text.nrfx_gpiote_is_init
                0x0000000000028ff8       0x14 _build/nrf52840_xxaa/nrfx_gpiote.c.o
                0x0000000000028ff8                nrfx_gpiote_is_init
 .text.nrfx_gpiote_in_init
                0x000000000002900c      0x1e4 _build/nrf52840_xxaa/nrfx_gpiote.c.o
                0x000000000002900c                nrfx_gpiote_in_init
 .text.nrfx_gpiote_in_event_enable
                0x00000000000291f0       0xd8 _build/nrf52840_xxaa/nrfx_gpiote.c.o
                0x00000000000291f0                nrfx_gpiote_in_event_enable
 .text.nrfx_gpiote_in_is_set
                0x00000000000292c8       0x20 _build/nrf52840_xxaa/nrfx_gpiote.c.o
                0x00000000000292c8                nrfx_gpiote_in_is_set
 .text.GPIOTE_IRQHandler
                0x00000000000292e8      0x5a0 _build/nrf52840_xxaa/nrfx_gpiote.c.o
                0x00000000000292e8                GPIOTE_IRQHandler
 .text.UARTE0_UART0_IRQHandler
                0x0000000000029888        0xc _build/nrf52840_xxaa/nrfx_prs.c.o
                0x0000000000029888                UARTE0_UART0_IRQHandler
 .text.nrfx_prs_acquire
                0x0000000000029894       0x50 _build/nrf52840_xxaa/nrfx_prs.c.o
                0x0000000000029894                nrfx_prs_acquire
 .text.nrfx_uart_0_irq_handler
                0x00000000000298e4      0x1c0 _build/nrf52840_xxaa/nrfx_uart.c.o
                0x00000000000298e4                nrfx_uart_0_irq_handler
 .text.nrfx_uart_init
                0x0000000000029aa4      0x1e8 _build/nrf52840_xxaa/nrfx_uart.c.o
                0x0000000000029aa4                nrfx_uart_init
 .text.nrfx_uart_tx
                0x0000000000029c8c       0xd0 _build/nrf52840_xxaa/nrfx_uart.c.o
                0x0000000000029c8c                nrfx_uart_tx
 .text.nrfx_uart_tx_in_progress
                0x0000000000029d5c       0x18 _build/nrf52840_xxaa/nrfx_uart.c.o
                0x0000000000029d5c                nrfx_uart_tx_in_progress
 .text.nrfx_uart_rx
                0x0000000000029d74      0x148 _build/nrf52840_xxaa/nrfx_uart.c.o
                0x0000000000029d74                nrfx_uart_rx
 .text.nrfx_uarte_0_irq_handler
                0x0000000000029ebc      0x12c _build/nrf52840_xxaa/nrfx_uarte.c.o
                0x0000000000029ebc                nrfx_uarte_0_irq_handler
 .text.nrfx_uarte_init
                0x0000000000029fe8      0x210 _build/nrf52840_xxaa/nrfx_uarte.c.o
                0x0000000000029fe8                nrfx_uarte_init
 .text.nrfx_uarte_tx
                0x000000000002a1f8       0xa8 _build/nrf52840_xxaa/nrfx_uarte.c.o
                0x000000000002a1f8                nrfx_uarte_tx
 .text.nrfx_uarte_tx_in_progress
                0x000000000002a2a0       0x1c _build/nrf52840_xxaa/nrfx_uarte.c.o
                0x000000000002a2a0                nrfx_uarte_tx_in_progress
 .text.nrfx_uarte_rx
                0x000000000002a2bc      0x130 _build/nrf52840_xxaa/nrfx_uarte.c.o
                0x000000000002a2bc                nrfx_uarte_rx
 .text.alert_timer_handler
                0x000000000002a3ec        0x8 _build/nrf52840_xxaa/bsp.c.o
 .text.bsp_button_event_handler
                0x000000000002a3f4       0xa4 _build/nrf52840_xxaa/bsp.c.o
 .text.button_timer_handler
                0x000000000002a498       0x30 _build/nrf52840_xxaa/bsp.c.o
 .text.bsp_led_indication
                0x000000000002a4c8      0x318 _build/nrf52840_xxaa/bsp.c.o
 .text.leds_timer_handler
                0x000000000002a7e0       0x1c _build/nrf52840_xxaa/bsp.c.o
 .text.bsp_button_is_pressed
                0x000000000002a7fc        0xc _build/nrf52840_xxaa/bsp.c.o
                0x000000000002a7fc                bsp_button_is_pressed
 .text.bsp_indication_set
                0x000000000002a808       0x18 _build/nrf52840_xxaa/bsp.c.o
                0x000000000002a808                bsp_indication_set
 .text.bsp_init
                0x000000000002a820       0xbc _build/nrf52840_xxaa/bsp.c.o
                0x000000000002a820                bsp_init
 .text.bsp_event_to_button_action_assign
                0x000000000002a8dc       0x54 _build/nrf52840_xxaa/bsp.c.o
                0x000000000002a8dc                bsp_event_to_button_action_assign
 .text.bsp_wakeup_button_enable
                0x000000000002a930       0x40 _build/nrf52840_xxaa/bsp.c.o
                0x000000000002a930                bsp_wakeup_button_enable
 .text.ble_evt_handler
                0x000000000002a970       0xac _build/nrf52840_xxaa/bsp_btn_ble.c.o
 .text.bsp_btn_ble_sleep_mode_prepare
                0x000000000002aa1c       0x24 _build/nrf52840_xxaa/bsp_btn_ble.c.o
                0x000000000002aa1c                bsp_btn_ble_sleep_mode_prepare
 .text.bsp_btn_ble_init
                0x000000000002aa40       0x6c _build/nrf52840_xxaa/bsp_btn_ble.c.o
                0x000000000002aa40                bsp_btn_ble_init
 .text.sd_ble_gap_disconnect
                0x000000000002aaac        0x4 _build/nrf52840_xxaa/main.c.o
 .text.sd_ble_gap_ppcp_set
                0x000000000002aab0        0x4 _build/nrf52840_xxaa/main.c.o
 .text.sd_ble_gap_device_name_set
                0x000000000002aab4        0x4 _build/nrf52840_xxaa/main.c.o
 .text.sd_ble_gap_sec_params_reply
                0x000000000002aab8        0x4 _build/nrf52840_xxaa/main.c.o
 .text.sd_ble_gap_phy_update
                0x000000000002aabc        0x4 _build/nrf52840_xxaa/main.c.o
 .text.sd_ble_gatts_sys_attr_set
                0x000000000002aac0        0x4 _build/nrf52840_xxaa/main.c.o
 .text.sd_power_system_off
                0x000000000002aac4        0x4 _build/nrf52840_xxaa/main.c.o
 .text.gatt_evt_handler
                0x000000000002aac8       0x4c _build/nrf52840_xxaa/main.c.o
                0x000000000002aac8                gatt_evt_handler
 .text.nrf_qwr_error_handler
                0x000000000002ab14        0x4 _build/nrf52840_xxaa/main.c.o
 .text.ble_evt_handler
                0x000000000002ab18       0xdc _build/nrf52840_xxaa/main.c.o
 .text.on_conn_params_evt
                0x000000000002abf4       0x24 _build/nrf52840_xxaa/main.c.o
 .text.bsp_event_handler
                0x000000000002ac18       0x70 _build/nrf52840_xxaa/main.c.o
                0x000000000002ac18                bsp_event_handler
 .text.uart_event_handle
                0x000000000002ac88       0xfc _build/nrf52840_xxaa/main.c.o
                0x000000000002ac88                uart_event_handle
 .text.nus_data_handler
                0x000000000002ad84       0x6c _build/nrf52840_xxaa/main.c.o
 .text.conn_params_error_handler
                0x000000000002adf0        0x4 _build/nrf52840_xxaa/main.c.o
 .text.on_adv_evt
                0x000000000002adf4       0x40 _build/nrf52840_xxaa/main.c.o
 .text.gatt_init
                0x000000000002ae34       0x38 _build/nrf52840_xxaa/main.c.o
                0x000000000002ae34                gatt_init
 .text.startup.main
                0x000000000002ae6c      0x258 _build/nrf52840_xxaa/main.c.o
                0x000000000002ae6c                main
 .text.SEGGER_RTT_WriteNoLock
                0x000000000002b0c4      0x1bc _build/nrf52840_xxaa/SEGGER_RTT.c.o
                0x000000000002b0c4                SEGGER_RTT_WriteNoLock
 .text.SEGGER_RTT_Init
                0x000000000002b280       0x60 _build/nrf52840_xxaa/SEGGER_RTT.c.o
                0x000000000002b280                SEGGER_RTT_Init
 .text.sd_ble_gap_addr_get
                0x000000000002b2e0        0x4 _build/nrf52840_xxaa/ble_advdata.c.o
 .text.sd_ble_gap_appearance_get
                0x000000000002b2e4        0x4 _build/nrf52840_xxaa/ble_advdata.c.o
 .text.sd_ble_gap_device_name_get
                0x000000000002b2e8        0x4 _build/nrf52840_xxaa/ble_advdata.c.o
 .text.sd_ble_uuid_encode
                0x000000000002b2ec        0x4 _build/nrf52840_xxaa/ble_advdata.c.o
 .text.uuid_list_sized_encode.isra.0
                0x000000000002b2f0       0xf0 _build/nrf52840_xxaa/ble_advdata.c.o
 .text.ble_advdata_encode
                0x000000000002b3e0      0x40c _build/nrf52840_xxaa/ble_advdata.c.o
                0x000000000002b3e0                ble_advdata_encode
 .text.ble_advdata_parse
                0x000000000002b7ec       0x4c _build/nrf52840_xxaa/ble_advdata.c.o
                0x000000000002b7ec                ble_advdata_parse
 .text.sd_ble_gap_adv_set_configure
                0x000000000002b838        0x4 _build/nrf52840_xxaa/ble_advertising.c.o
 .text.sd_ble_gap_adv_start
                0x000000000002b83c        0x4 _build/nrf52840_xxaa/ble_advertising.c.o
 .text.sd_ble_gap_adv_stop
                0x000000000002b840        0x4 _build/nrf52840_xxaa/ble_advertising.c.o
 .text.ble_advertising_start.part.0
                0x000000000002b844      0x2f8 _build/nrf52840_xxaa/ble_advertising.c.o
 .text.ble_advertising_conn_cfg_tag_set
                0x000000000002bb3c        0x8 _build/nrf52840_xxaa/ble_advertising.c.o
                0x000000000002bb3c                ble_advertising_conn_cfg_tag_set
 .text.ble_advertising_init
                0x000000000002bb44       0xf8 _build/nrf52840_xxaa/ble_advertising.c.o
                0x000000000002bb44                ble_advertising_init
 .text.ble_advertising_start
                0x000000000002bc3c        0xc _build/nrf52840_xxaa/ble_advertising.c.o
                0x000000000002bc3c                ble_advertising_start
 .text.ble_advertising_on_ble_evt
                0x000000000002bc48       0x8c _build/nrf52840_xxaa/ble_advertising.c.o
                0x000000000002bc48                ble_advertising_on_ble_evt
 .text.ble_advertising_on_sys_evt
                0x000000000002bcd4        0x4 _build/nrf52840_xxaa/ble_advertising.c.o
                0x000000000002bcd4                ble_advertising_on_sys_evt
 .text.ble_advertising_restart_without_whitelist
                0x000000000002bcd8       0x60 _build/nrf52840_xxaa/ble_advertising.c.o
                0x000000000002bcd8                ble_advertising_restart_without_whitelist
 .text.sd_ble_gap_conn_param_update
                0x000000000002bd38        0x4 _build/nrf52840_xxaa/ble_conn_params.c.o
 .text.sd_ble_gap_disconnect
                0x000000000002bd3c        0x4 _build/nrf52840_xxaa/ble_conn_params.c.o
 .text.sd_ble_gap_ppcp_set
                0x000000000002bd40        0x4 _build/nrf52840_xxaa/ble_conn_params.c.o
 .text.sd_ble_gap_ppcp_get
                0x000000000002bd44        0x4 _build/nrf52840_xxaa/ble_conn_params.c.o
 .text.update_timeout_handler
                0x000000000002bd48       0x78 _build/nrf52840_xxaa/ble_conn_params.c.o
 .text.ble_evt_handler
                0x000000000002bdc0      0x1d4 _build/nrf52840_xxaa/ble_conn_params.c.o
 .text.ble_conn_params_init
                0x000000000002bf94       0x78 _build/nrf52840_xxaa/ble_conn_params.c.o
                0x000000000002bf94                ble_conn_params_init
 .text.ble_evt_handler
                0x000000000002c00c      0x124 _build/nrf52840_xxaa/ble_conn_state.c.o
 .text.ble_conn_state_conn_idx
                0x000000000002c130       0x24 _build/nrf52840_xxaa/ble_conn_state.c.o
                0x000000000002c130                ble_conn_state_conn_idx
 .text.blcm_link_ctx_get
                0x000000000002c154       0x50 _build/nrf52840_xxaa/ble_link_ctx_manager.c.o
                0x000000000002c154                blcm_link_ctx_get
 .text.sd_ble_gatts_characteristic_add
                0x000000000002c1a4        0x4 _build/nrf52840_xxaa/ble_srv_common.c.o
 .text.ble_srv_is_notification_enabled
                0x000000000002c1a8        0x8 _build/nrf52840_xxaa/ble_srv_common.c.o
                0x000000000002c1a8                ble_srv_is_notification_enabled
 .text.characteristic_add
                0x000000000002c1b0      0x278 _build/nrf52840_xxaa/ble_srv_common.c.o
                0x000000000002c1b0                characteristic_add
 .text.sd_ble_gap_data_length_update
                0x000000000002c428        0x4 _build/nrf52840_xxaa/nrf_ble_gatt.c.o
 .text.sd_ble_gattc_exchange_mtu_request
                0x000000000002c42c        0x4 _build/nrf52840_xxaa/nrf_ble_gatt.c.o
 .text.sd_ble_gatts_exchange_mtu_reply
                0x000000000002c430        0x4 _build/nrf52840_xxaa/nrf_ble_gatt.c.o
 .text.data_length_update.constprop.0
                0x000000000002c434       0x8c _build/nrf52840_xxaa/nrf_ble_gatt.c.o
 .text.nrf_ble_gatt_init
                0x000000000002c4c0       0x30 _build/nrf52840_xxaa/nrf_ble_gatt.c.o
                0x000000000002c4c0                nrf_ble_gatt_init
 .text.nrf_ble_gatt_att_mtu_periph_set
                0x000000000002c4f0       0x18 _build/nrf52840_xxaa/nrf_ble_gatt.c.o
                0x000000000002c4f0                nrf_ble_gatt_att_mtu_periph_set
 .text.nrf_ble_gatt_on_ble_evt
                0x000000000002c508      0x1c8 _build/nrf52840_xxaa/nrf_ble_gatt.c.o
                0x000000000002c508                nrf_ble_gatt_on_ble_evt
 .text.sd_ble_gatts_rw_authorize_reply
                0x000000000002c6d0        0x4 _build/nrf52840_xxaa/nrf_ble_qwr.c.o
 .text.sd_ble_user_mem_reply
                0x000000000002c6d4        0x4 _build/nrf52840_xxaa/nrf_ble_qwr.c.o
 .text.nrf_ble_qwr_init
                0x000000000002c6d8       0x24 _build/nrf52840_xxaa/nrf_ble_qwr.c.o
                0x000000000002c6d8                nrf_ble_qwr_init
 .text.nrf_ble_qwr_conn_handle_assign
                0x000000000002c6fc       0x18 _build/nrf52840_xxaa/nrf_ble_qwr.c.o
                0x000000000002c6fc                nrf_ble_qwr_conn_handle_assign
 .text.nrf_ble_qwr_on_ble_evt
                0x000000000002c714       0xf4 _build/nrf52840_xxaa/nrf_ble_qwr.c.o
                0x000000000002c714                nrf_ble_qwr_on_ble_evt
 .text.sd_ble_gatts_service_add
                0x000000000002c808        0x4 _build/nrf52840_xxaa/ble_nus.c.o
 .text.sd_ble_gatts_value_get
                0x000000000002c80c        0x4 _build/nrf52840_xxaa/ble_nus.c.o
 .text.sd_ble_gatts_hvx
                0x000000000002c810        0x4 _build/nrf52840_xxaa/ble_nus.c.o
 .text.sd_ble_uuid_vs_add
                0x000000000002c814        0x4 _build/nrf52840_xxaa/ble_nus.c.o
 .text.ble_nus_on_ble_evt
                0x000000000002c818      0x13c _build/nrf52840_xxaa/ble_nus.c.o
                0x000000000002c818                ble_nus_on_ble_evt
 .text.ble_nus_init
                0x000000000002c954       0xe8 _build/nrf52840_xxaa/ble_nus.c.o
                0x000000000002c954                ble_nus_init
 .text.ble_nus_data_send
                0x000000000002ca3c       0x6c _build/nrf52840_xxaa/ble_nus.c.o
                0x000000000002ca3c                ble_nus_data_send
 .text.sd_softdevice_enable
                0x000000000002caa8        0x4 _build/nrf52840_xxaa/nrf_sdh.c.o
 .text.nrf_sdh_enable_request
                0x000000000002caac      0x118 _build/nrf52840_xxaa/nrf_sdh.c.o
                0x000000000002caac                nrf_sdh_enable_request
 .text.nrf_sdh_is_enabled
                0x000000000002cbc4        0xc _build/nrf52840_xxaa/nrf_sdh.c.o
                0x000000000002cbc4                nrf_sdh_is_enabled
 .text.SWI2_EGU2_IRQHandler
                0x000000000002cbd0       0x2c _build/nrf52840_xxaa/nrf_sdh.c.o
                0x000000000002cbd0                SWI2_EGU2_IRQHandler
 .text.sd_ble_enable
                0x000000000002cbfc        0x4 _build/nrf52840_xxaa/nrf_sdh_ble.c.o
 .text.sd_ble_cfg_set
                0x000000000002cc00        0x4 _build/nrf52840_xxaa/nrf_sdh_ble.c.o
 .text.sd_ble_evt_get
                0x000000000002cc04        0x4 _build/nrf52840_xxaa/nrf_sdh_ble.c.o
 .text.nrf_sdh_ble_evts_poll.part.0
                0x000000000002cc08       0x54 _build/nrf52840_xxaa/nrf_sdh_ble.c.o
 .text.nrf_sdh_ble_evts_poll
                0x000000000002cc5c       0x10 _build/nrf52840_xxaa/nrf_sdh_ble.c.o
 .text.nrf_sdh_ble_default_cfg_set
                0x000000000002cc6c      0x1bc _build/nrf52840_xxaa/nrf_sdh_ble.c.o
                0x000000000002cc6c                nrf_sdh_ble_default_cfg_set
 .text.nrf_sdh_ble_enable
                0x000000000002ce28       0xa0 _build/nrf52840_xxaa/nrf_sdh_ble.c.o
                0x000000000002ce28                nrf_sdh_ble_enable
 .text.sd_evt_get
                0x000000000002cec8        0x4 _build/nrf52840_xxaa/nrf_sdh_soc.c.o
 .text.nrf_sdh_soc_evts_poll
                0x000000000002cecc       0x4c _build/nrf52840_xxaa/nrf_sdh_soc.c.o
 .text.exit     0x000000000002cf18       0x28 /opt/gcc-arm-none-eabi-9-2020-q2-update/bin/../lib/gcc/arm-none-eabi/9.3.1/../../../../arm-none-eabi/lib/thumb/v7e-m+fp/hard/libc_nano.a(lib_a-exit.o)
                0x000000000002cf18                exit
 .text.__libc_init_array
                0x000000000002cf40       0x48 /opt/gcc-arm-none-eabi-9-2020-q2-update/bin/../lib/gcc/arm-none-eabi/9.3.1/../../../../arm-none-eabi/lib/thumb/v7e-m+fp/hard/libc_nano.a(lib_a-init.o)
                0x000000000002cf40                __libc_init_array
 .text.memcpy   0x000000000002cf88       0x1c /opt/gcc-arm-none-eabi-9-2020-q2-update/bin/../lib/gcc/arm-none-eabi/9.3.1/../../../../arm-none-eabi/lib/thumb/v7e-m+fp/hard/libc_nano.a(lib_a-memcpy-stub.o)
                0x000000000002cf88                memcpy
 .text.memset   0x000000000002cfa4       0x10 /opt/gcc-arm-none-eabi-9-2020-q2-update/bin/../lib/gcc/arm-none-eabi/9.3.1/../../../../arm-none-eabi/lib/thumb/v7e-m+fp/hard/libc_nano.a(lib_a-memset.o)
                0x000000000002cfa4                memset
 .text.printf   0x000000000002cfb4       0x30 /opt/gcc-arm-none-eabi-9-2020-q2-update/bin/../lib/gcc/arm-none-eabi/9.3.1/../../../../arm-none-eabi/lib/thumb/v7e-m+fp/hard/libc_nano.a(lib_a-printf.o)
                0x000000000002cfb4                printf
                0x000000000002cfb4                iprintf
 .text.strcpy   0x000000000002cfe4       0x10 /opt/gcc-arm-none-eabi-9-2020-q2-update/bin/../lib/gcc/arm-none-eabi/9.3.1/../../../../arm-none-eabi/lib/thumb/v7e-m+fp/hard/libc_nano.a(lib_a-strcpy.o)
                0x000000000002cfe4                strcpy
 .text          0x000000000002cff4       0x10 /opt/gcc-arm-none-eabi-9-2020-q2-update/bin/../lib/gcc/arm-none-eabi/9.3.1/../../../../arm-none-eabi/lib/thumb/v7e-m+fp/hard/libc_nano.a(lib_a-strlen.o)
                0x000000000002cff4                strlen
 .text.std      0x000000000002d004       0x48 /opt/gcc-arm-none-eabi-9-2020-q2-update/bin/../lib/gcc/arm-none-eabi/9.3.1/../../../../arm-none-eabi/lib/thumb/v7e-m+fp/hard/libc_nano.a(lib_a-findfp.o)
 .text._cleanup_r
                0x000000000002d04c        0xc /opt/gcc-arm-none-eabi-9-2020-q2-update/bin/../lib/gcc/arm-none-eabi/9.3.1/../../../../arm-none-eabi/lib/thumb/v7e-m+fp/hard/libc_nano.a(lib_a-findfp.o)
                0x000000000002d04c                _cleanup_r
 .text.__sfmoreglue
                0x000000000002d058       0x2c /opt/gcc-arm-none-eabi-9-2020-q2-update/bin/../lib/gcc/arm-none-eabi/9.3.1/../../../../arm-none-eabi/lib/thumb/v7e-m+fp/hard/libc_nano.a(lib_a-findfp.o)
                0x000000000002d058                __sfmoreglue
 .text.__sfp_lock_acquire
                0x000000000002d084        0xc /opt/gcc-arm-none-eabi-9-2020-q2-update/bin/../lib/gcc/arm-none-eabi/9.3.1/../../../../arm-none-eabi/lib/thumb/v7e-m+fp/hard/libc_nano.a(lib_a-findfp.o)
                0x000000000002d084                __sfp_lock_acquire
 .text.__sfp_lock_release
                0x000000000002d090        0xc /opt/gcc-arm-none-eabi-9-2020-q2-update/bin/../lib/gcc/arm-none-eabi/9.3.1/../../../../arm-none-eabi/lib/thumb/v7e-m+fp/hard/libc_nano.a(lib_a-findfp.o)
                0x000000000002d090                __sfp_lock_release
 .text.__sinit_lock_acquire
                0x000000000002d09c        0xc /opt/gcc-arm-none-eabi-9-2020-q2-update/bin/../lib/gcc/arm-none-eabi/9.3.1/../../../../arm-none-eabi/lib/thumb/v7e-m+fp/hard/libc_nano.a(lib_a-findfp.o)
                0x000000000002d09c                __sinit_lock_acquire
 .text.__sinit_lock_release
                0x000000000002d0a8        0xc /opt/gcc-arm-none-eabi-9-2020-q2-update/bin/../lib/gcc/arm-none-eabi/9.3.1/../../../../arm-none-eabi/lib/thumb/v7e-m+fp/hard/libc_nano.a(lib_a-findfp.o)
                0x000000000002d0a8                __sinit_lock_release
 .text.__sinit  0x000000000002d0b4       0x70 /opt/gcc-arm-none-eabi-9-2020-q2-update/bin/../lib/gcc/arm-none-eabi/9.3.1/../../../../arm-none-eabi/lib/thumb/v7e-m+fp/hard/libc_nano.a(lib_a-findfp.o)
                0x000000000002d0b4                __sinit
 .text.__sfp    0x000000000002d124       0x8c /opt/gcc-arm-none-eabi-9-2020-q2-update/bin/../lib/gcc/arm-none-eabi/9.3.1/../../../../arm-none-eabi/lib/thumb/v7e-m+fp/hard/libc_nano.a(lib_a-findfp.o)
                0x000000000002d124                __sfp
 .text._fwalk_reent
                0x000000000002d1b0       0x3e /opt/gcc-arm-none-eabi-9-2020-q2-update/bin/../lib/gcc/arm-none-eabi/9.3.1/../../../../arm-none-eabi/lib/thumb/v7e-m+fp/hard/libc_nano.a(lib_a-fwalk.o)
                0x000000000002d1b0                _fwalk_reent
 .text.__retarget_lock_init_recursive
                0x000000000002d1ee        0x2 /opt/gcc-arm-none-eabi-9-2020-q2-update/bin/../lib/gcc/arm-none-eabi/9.3.1/../../../../arm-none-eabi/lib/thumb/v7e-m+fp/hard/libc_nano.a(lib_a-lock.o)
                0x000000000002d1ee                __retarget_lock_init_recursive
 .text.__retarget_lock_acquire_recursive
                0x000000000002d1f0        0x2 /opt/gcc-arm-none-eabi-9-2020-q2-update/bin/../lib/gcc/arm-none-eabi/9.3.1/../../../../arm-none-eabi/lib/thumb/v7e-m+fp/hard/libc_nano.a(lib_a-lock.o)
                0x000000000002d1f0                __retarget_lock_acquire_recursive
 .text.__retarget_lock_release_recursive
                0x000000000002d1f2        0x2 /opt/gcc-arm-none-eabi-9-2020-q2-update/bin/../lib/gcc/arm-none-eabi/9.3.1/../../../../arm-none-eabi/lib/thumb/v7e-m+fp/hard/libc_nano.a(lib_a-lock.o)
                0x000000000002d1f2                __retarget_lock_release_recursive
 .text._malloc_r
                0x000000000002d1f4       0xb4 /opt/gcc-arm-none-eabi-9-2020-q2-update/bin/../lib/gcc/arm-none-eabi/9.3.1/../../../../arm-none-eabi/lib/thumb/v7e-m+fp/hard/libc_nano.a(lib_a-nano-mallocr.o)
                0x000000000002d1f4                _malloc_r
 .text.__sfputc_r
                0x000000000002d2a8       0x2e /opt/gcc-arm-none-eabi-9-2020-q2-update/bin/../lib/gcc/arm-none-eabi/9.3.1/../../../../arm-none-eabi/lib/thumb/v7e-m+fp/hard/libc_nano.a(lib_a-nano-vfprintf.o)
 .text.__sfputs_r
                0x000000000002d2d6       0x24 /opt/gcc-arm-none-eabi-9-2020-q2-update/bin/../lib/gcc/arm-none-eabi/9.3.1/../../../../arm-none-eabi/lib/thumb/v7e-m+fp/hard/libc_nano.a(lib_a-nano-vfprintf.o)
                0x000000000002d2d6                __sfputs_r
 *fill*         0x000000000002d2fa        0x2 
 .text._vfprintf_r
                0x000000000002d2fc      0x260 /opt/gcc-arm-none-eabi-9-2020-q2-update/bin/../lib/gcc/arm-none-eabi/9.3.1/../../../../arm-none-eabi/lib/thumb/v7e-m+fp/hard/libc_nano.a(lib_a-nano-vfprintf.o)
                0x000000000002d2fc                _vfiprintf_r
                0x000000000002d2fc                _vfprintf_r
 .text._printf_common
                0x000000000002d55c       0xda /opt/gcc-arm-none-eabi-9-2020-q2-update/bin/../lib/gcc/arm-none-eabi/9.3.1/../../../../arm-none-eabi/lib/thumb/v7e-m+fp/hard/libc_nano.a(lib_a-nano-vfprintf_i.o)
                0x000000000002d55c                _printf_common
 *fill*         0x000000000002d636        0x2 
 .text._printf_i
                0x000000000002d638      0x24c /opt/gcc-arm-none-eabi-9-2020-q2-update/bin/../lib/gcc/arm-none-eabi/9.3.1/../../../../arm-none-eabi/lib/thumb/v7e-m+fp/hard/libc_nano.a(lib_a-nano-vfprintf_i.o)
                0x000000000002d638                _printf_i
 .text._sbrk_r  0x000000000002d884       0x20 /opt/gcc-arm-none-eabi-9-2020-q2-update/bin/../lib/gcc/arm-none-eabi/9.3.1/../../../../arm-none-eabi/lib/thumb/v7e-m+fp/hard/libc_nano.a(lib_a-sbrkr.o)
                0x000000000002d884                _sbrk_r
 .text.__sread  0x000000000002d8a4       0x22 /opt/gcc-arm-none-eabi-9-2020-q2-update/bin/../lib/gcc/arm-none-eabi/9.3.1/../../../../arm-none-eabi/lib/thumb/v7e-m+fp/hard/libc_nano.a(lib_a-stdio.o)
                0x000000000002d8a4                __sread
 .text.__swrite
                0x000000000002d8c6       0x38 /opt/gcc-arm-none-eabi-9-2020-q2-update/bin/../lib/gcc/arm-none-eabi/9.3.1/../../../../arm-none-eabi/lib/thumb/v7e-m+fp/hard/libc_nano.a(lib_a-stdio.o)
                0x000000000002d8c6                __swrite
 .text.__sseek  0x000000000002d8fe       0x24 /opt/gcc-arm-none-eabi-9-2020-q2-update/bin/../lib/gcc/arm-none-eabi/9.3.1/../../../../arm-none-eabi/lib/thumb/v7e-m+fp/hard/libc_nano.a(lib_a-stdio.o)
                0x000000000002d8fe                __sseek
 .text.__sclose
                0x000000000002d922        0x8 /opt/gcc-arm-none-eabi-9-2020-q2-update/bin/../lib/gcc/arm-none-eabi/9.3.1/../../../../arm-none-eabi/lib/thumb/v7e-m+fp/hard/libc_nano.a(lib_a-stdio.o)
                0x000000000002d922                __sclose
 *fill*         0x000000000002d92a        0x2 
 .text.__swbuf_r
                0x000000000002d92c       0xa4 /opt/gcc-arm-none-eabi-9-2020-q2-update/bin/../lib/gcc/arm-none-eabi/9.3.1/../../../../arm-none-eabi/lib/thumb/v7e-m+fp/hard/libc_nano.a(lib_a-wbuf.o)
                0x000000000002d92c                __swbuf_r
 .text._write_r
                0x000000000002d9d0       0x24 /opt/gcc-arm-none-eabi-9-2020-q2-update/bin/../lib/gcc/arm-none-eabi/9.3.1/../../../../arm-none-eabi/lib/thumb/v7e-m+fp/hard/libc_nano.a(lib_a-writer.o)
                0x000000000002d9d0                _write_r
 .text.__swsetup_r
                0x000000000002d9f4       0xdc /opt/gcc-arm-none-eabi-9-2020-q2-update/bin/../lib/gcc/arm-none-eabi/9.3.1/../../../../arm-none-eabi/lib/thumb/v7e-m+fp/hard/libc_nano.a(lib_a-wsetup.o)
                0x000000000002d9f4                __swsetup_r
 .text._close_r
                0x000000000002dad0       0x20 /opt/gcc-arm-none-eabi-9-2020-q2-update/bin/../lib/gcc/arm-none-eabi/9.3.1/../../../../arm-none-eabi/lib/thumb/v7e-m+fp/hard/libc_nano.a(lib_a-closer.o)
                0x000000000002dad0                _close_r
 .text.__sflush_r
                0x000000000002daf0      0x10c /opt/gcc-arm-none-eabi-9-2020-q2-update/bin/../lib/gcc/arm-none-eabi/9.3.1/../../../../arm-none-eabi/lib/thumb/v7e-m+fp/hard/libc_nano.a(lib_a-fflush.o)
                0x000000000002daf0                __sflush_r
 .text._fflush_r
                0x000000000002dbfc       0x78 /opt/gcc-arm-none-eabi-9-2020-q2-update/bin/../lib/gcc/arm-none-eabi/9.3.1/../../../../arm-none-eabi/lib/thumb/v7e-m+fp/hard/libc_nano.a(lib_a-fflush.o)
                0x000000000002dbfc                _fflush_r
 .text._lseek_r
                0x000000000002dc74       0x24 /opt/gcc-arm-none-eabi-9-2020-q2-update/bin/../lib/gcc/arm-none-eabi/9.3.1/../../../../arm-none-eabi/lib/thumb/v7e-m+fp/hard/libc_nano.a(lib_a-lseekr.o)
                0x000000000002dc74                _lseek_r
 .text.__swhatbuf_r
                0x000000000002dc98       0x48 /opt/gcc-arm-none-eabi-9-2020-q2-update/bin/../lib/gcc/arm-none-eabi/9.3.1/../../../../arm-none-eabi/lib/thumb/v7e-m+fp/hard/libc_nano.a(lib_a-makebuf.o)
                0x000000000002dc98                __swhatbuf_r
 .text.__smakebuf_r
                0x000000000002dce0       0x80 /opt/gcc-arm-none-eabi-9-2020-q2-update/bin/../lib/gcc/arm-none-eabi/9.3.1/../../../../arm-none-eabi/lib/thumb/v7e-m+fp/hard/libc_nano.a(lib_a-makebuf.o)
                0x000000000002dce0                __smakebuf_r
 .text          0x000000000002dd60       0xa0 /opt/gcc-arm-none-eabi-9-2020-q2-update/bin/../lib/gcc/arm-none-eabi/9.3.1/../../../../arm-none-eabi/lib/thumb/v7e-m+fp/hard/libc_nano.a(lib_a-memchr.o)
                0x000000000002dd60                memchr
 .text.__malloc_lock
                0x000000000002de00        0xc /opt/gcc-arm-none-eabi-9-2020-q2-update/bin/../lib/gcc/arm-none-eabi/9.3.1/../../../../arm-none-eabi/lib/thumb/v7e-m+fp/hard/libc_nano.a(lib_a-mlock.o)
                0x000000000002de00                __malloc_lock
 .text.__malloc_unlock
                0x000000000002de0c        0xc /opt/gcc-arm-none-eabi-9-2020-q2-update/bin/../lib/gcc/arm-none-eabi/9.3.1/../../../../arm-none-eabi/lib/thumb/v7e-m+fp/hard/libc_nano.a(lib_a-mlock.o)
                0x000000000002de0c                __malloc_unlock
 .text._free_r  0x000000000002de18       0xa0 /opt/gcc-arm-none-eabi-9-2020-q2-update/bin/../lib/gcc/arm-none-eabi/9.3.1/../../../../arm-none-eabi/lib/thumb/v7e-m+fp/hard/libc_nano.a(lib_a-nano-freer.o)
                0x000000000002de18                _free_r
 .text._read_r  0x000000000002deb8       0x24 /opt/gcc-arm-none-eabi-9-2020-q2-update/bin/../lib/gcc/arm-none-eabi/9.3.1/../../../../arm-none-eabi/lib/thumb/v7e-m+fp/hard/libc_nano.a(lib_a-readr.o)
                0x000000000002deb8                _read_r
 .text._fstat_r
                0x000000000002dedc       0x24 /opt/gcc-arm-none-eabi-9-2020-q2-update/bin/../lib/gcc/arm-none-eabi/9.3.1/../../../../arm-none-eabi/lib/thumb/v7e-m+fp/hard/libc_nano.a(lib_a-fstatr.o)
                0x000000000002dedc                _fstat_r
 .text._isatty_r
                0x000000000002df00       0x20 /opt/gcc-arm-none-eabi-9-2020-q2-update/bin/../lib/gcc/arm-none-eabi/9.3.1/../../../../arm-none-eabi/lib/thumb/v7e-m+fp/hard/libc_nano.a(lib_a-isattyr.o)
                0x000000000002df00                _isatty_r
 .text._close   0x000000000002df20       0x10 /opt/gcc-arm-none-eabi-9-2020-q2-update/bin/../lib/gcc/arm-none-eabi/9.3.1/../../../../arm-none-eabi/lib/thumb/v7e-m+fp/hard/libnosys.a(close.o)
                0x000000000002df20                _close
 .text._fstat   0x000000000002df30       0x10 /opt/gcc-arm-none-eabi-9-2020-q2-update/bin/../lib/gcc/arm-none-eabi/9.3.1/../../../../arm-none-eabi/lib/thumb/v7e-m+fp/hard/libnosys.a(fstat.o)
                0x000000000002df30                _fstat
 .text._isatty  0x000000000002df40       0x10 /opt/gcc-arm-none-eabi-9-2020-q2-update/bin/../lib/gcc/arm-none-eabi/9.3.1/../../../../arm-none-eabi/lib/thumb/v7e-m+fp/hard/libnosys.a(isatty.o)
                0x000000000002df40                _isatty
 .text._lseek   0x000000000002df50       0x10 /opt/gcc-arm-none-eabi-9-2020-q2-update/bin/../lib/gcc/arm-none-eabi/9.3.1/../../../../arm-none-eabi/lib/thumb/v7e-m+fp/hard/libnosys.a(lseek.o)
                0x000000000002df50                _lseek
 .text._sbrk    0x000000000002df60       0x1c /opt/gcc-arm-none-eabi-9-2020-q2-update/bin/../lib/gcc/arm-none-eabi/9.3.1/../../../../arm-none-eabi/lib/thumb/v7e-m+fp/hard/libnosys.a(sbrk.o)
                0x000000000002df60                _sbrk
 .text._exit    0x000000000002df7c        0x4 /opt/gcc-arm-none-eabi-9-2020-q2-update/bin/../lib/gcc/arm-none-eabi/9.3.1/../../../../arm-none-eabi/lib/thumb/v7e-m+fp/hard/libnosys.a(_exit.o)
                0x000000000002df7c                _exit
 .text          0x000000000002df80       0x30 /opt/gcc-arm-none-eabi-9-2020-q2-update/bin/../lib/gcc/arm-none-eabi/9.3.1/thumb/v7e-m+fp/hard/libgcc.a(_aeabi_uldivmod.o)
                0x000000000002df80                __aeabi_uldivmod
 .text          0x000000000002dfb0      0x2c4 /opt/gcc-arm-none-eabi-9-2020-q2-update/bin/../lib/gcc/arm-none-eabi/9.3.1/thumb/v7e-m+fp/hard/libgcc.a(_udivmoddi4.o)
                0x000000000002dfb0                __udivmoddi4
 .text          0x000000000002e274        0x4 /opt/gcc-arm-none-eabi-9-2020-q2-update/bin/../lib/gcc/arm-none-eabi/9.3.1/thumb/v7e-m+fp/hard/libgcc.a(_dvmd_tls.o)
                0x000000000002e274                __aeabi_ldiv0
                0x000000000002e274                __aeabi_idiv0
 *(.init)
 .init          0x000000000002e278        0x4 /opt/gcc-arm-none-eabi-9-2020-q2-update/bin/../lib/gcc/arm-none-eabi/9.3.1/thumb/v7e-m+fp/hard/crti.o
                0x000000000002e278                _init
 .init          0x000000000002e27c        0x8 /opt/gcc-arm-none-eabi-9-2020-q2-update/bin/../lib/gcc/arm-none-eabi/9.3.1/thumb/v7e-m+fp/hard/crtn.o
 *(.fini)
 .fini          0x000000000002e284        0x4 /opt/gcc-arm-none-eabi-9-2020-q2-update/bin/../lib/gcc/arm-none-eabi/9.3.1/thumb/v7e-m+fp/hard/crti.o
                0x000000000002e284                _fini
 .fini          0x000000000002e288        0x8 /opt/gcc-arm-none-eabi-9-2020-q2-update/bin/../lib/gcc/arm-none-eabi/9.3.1/thumb/v7e-m+fp/hard/crtn.o
 *crtbegin.o(.ctors)
 *crtbegin?.o(.ctors)
 *(EXCLUDE_FILE(*crtend.o *crtend?.o) .ctors)
 *(SORT_BY_NAME(.ctors.*))
 *(.ctors)
 *crtbegin.o(.dtors)
 *crtbegin?.o(.dtors)
 *(EXCLUDE_FILE(*crtend.o *crtend?.o) .dtors)
 *(SORT_BY_NAME(.dtors.*))
 *(.dtors)
 *(.rodata*)
 .rodata.delay_machine_code.9420
                0x000000000002e290        0x6 _build/nrf52840_xxaa/nrf_log_backend_rtt.c.o
 *fill*         0x000000000002e296        0x2 
 .rodata.nrf_log_backend_rtt_api
                0x000000000002e298        0xc _build/nrf52840_xxaa/nrf_log_backend_rtt.c.o
                0x000000000002e298                nrf_log_backend_rtt_api
 .rodata.str1.4
                0x000000000002e2a4       0x10 _build/nrf52840_xxaa/nrf_log_default_backends.c.o
 .rodata.nrf_log_frontend_dequeue.str1.4
                0x000000000002e2b4       0x11 _build/nrf52840_xxaa/nrf_log_frontend.c.o
 *fill*         0x000000000002e2c5        0x3 
 .rodata.str1.4
                0x000000000002e2c8        0x4 _build/nrf52840_xxaa/nrf_log_frontend.c.o
 .rodata.m_log_push_ringbuf
                0x000000000002e2cc        0xc _build/nrf52840_xxaa/nrf_log_frontend.c.o
 .rodata.prefix_process.str1.4
                0x000000000002e2d8       0x36 _build/nrf52840_xxaa/nrf_log_str_formatter.c.o
 .rodata.nrf_log_std_entry_process.str1.4
                0x000000000002e30e       0x36 _build/nrf52840_xxaa/nrf_log_str_formatter.c.o
                                          0x3 (size before relaxing)
 *fill*         0x000000000002e30e        0x2 
 .rodata.nrf_log_hexdump_entry_process.str1.4
                0x000000000002e310       0x13 _build/nrf52840_xxaa/nrf_log_str_formatter.c.o
                                         0x16 (size before relaxing)
 *fill*         0x000000000002e323        0x1 
 .rodata.str1.4
                0x000000000002e324       0x56 _build/nrf52840_xxaa/nrf_log_str_formatter.c.o
 *fill*         0x000000000002e37a        0x2 
 .rodata.m_colors
                0x000000000002e37c       0x24 _build/nrf52840_xxaa/nrf_log_str_formatter.c.o
 .rodata.severity_names
                0x000000000002e3a0       0x14 _build/nrf52840_xxaa/nrf_log_str_formatter.c.o
 .rodata.m_detection_delay_timer_id
                0x000000000002e3b4        0x4 _build/nrf52840_xxaa/app_button.c.o
 .rodata.app_error_fault_handler.str1.4
                0x000000000002e3b8       0x19 _build/nrf52840_xxaa/app_error_weak.c.o
 *fill*         0x000000000002e3d1        0xf 
 .rodata.delay_machine_code.9144
                0x000000000002e3e0        0x6 _build/nrf52840_xxaa/app_timer.c.o
 *fill*         0x000000000002e3e6        0x2 
 .rodata        0x000000000002e3e8       0x20 _build/nrf52840_xxaa/app_uart_fifo.c.o
 .rodata._aV2C.7805
                0x000000000002e408       0x10 _build/nrf52840_xxaa/nrf_fprintf_format.c.o
 .rodata.str1.4
                0x000000000002e418        0x9 _build/nrf52840_xxaa/nrf_pwr_mgmt.c.o
 *fill*         0x000000000002e421        0x3 
 .rodata.pwr_mgmt_data
                0x000000000002e424        0xc _build/nrf52840_xxaa/nrf_pwr_mgmt.c.o
 .rodata.str1.4
                0x000000000002e430      0x3e9 _build/nrf52840_xxaa/nrf_strerror.c.o
 *fill*         0x000000000002e819        0x3 
 .rodata.m_unknown_str
                0x000000000002e81c       0x13 _build/nrf52840_xxaa/nrf_strerror.c.o
 *fill*         0x000000000002e82f        0x1 
 .rodata.nrf_strerror_array
                0x000000000002e830      0x128 _build/nrf52840_xxaa/nrf_strerror.c.o
 .rodata.m_board_btn_list
                0x000000000002e958        0x4 _build/nrf52840_xxaa/boards.c.o
 .rodata.m_board_led_list
                0x000000000002e95c        0x4 _build/nrf52840_xxaa/boards.c.o
 .rodata.str1.4
                0x000000000002e960        0x6 _build/nrf52840_xxaa/nrf_drv_clock.c.o
 *fill*         0x000000000002e966        0x2 
 .rodata.str1.4
                0x000000000002e968        0x6 _build/nrf52840_xxaa/nrfx_clock.c.o
 *fill*         0x000000000002e96e        0x2 
 .rodata.str1.4
                0x000000000002e970        0x7 _build/nrf52840_xxaa/nrfx_gpiote.c.o
 *fill*         0x000000000002e977        0x1 
 .rodata.str1.4
                0x000000000002e978        0x4 _build/nrf52840_xxaa/nrfx_prs.c.o
 .rodata.str1.4
                0x000000000002e97c        0x5 _build/nrf52840_xxaa/nrfx_uart.c.o
 *fill*         0x000000000002e981        0x3 
 .rodata.str1.4
                0x000000000002e984        0x6 _build/nrf52840_xxaa/nrfx_uarte.c.o
 *fill*         0x000000000002e98a        0x2 
 .rodata.app_buttons
                0x000000000002e98c       0x20 _build/nrf52840_xxaa/bsp.c.o
 .rodata.m_bsp_alert_tmr
                0x000000000002e9ac        0x4 _build/nrf52840_xxaa/bsp.c.o
 .rodata.m_bsp_button_tmr
                0x000000000002e9b0        0x4 _build/nrf52840_xxaa/bsp.c.o
 .rodata.m_bsp_leds_tmr
                0x000000000002e9b4        0x4 _build/nrf52840_xxaa/bsp.c.o
 .rodata.gatt_evt_handler.str1.4
                0x000000000002e9b8       0x5b _build/nrf52840_xxaa/main.c.o
 *fill*         0x000000000002ea13        0x1 
 .rodata.ble_evt_handler.str1.4
                0x000000000002ea14       0x32 _build/nrf52840_xxaa/main.c.o
 *fill*         0x000000000002ea46        0x2 
 .rodata.uart_event_handle.str1.4
                0x000000000002ea48       0x22 _build/nrf52840_xxaa/main.c.o
                                         0x27 (size before relaxing)
 *fill*         0x000000000002ea6a        0x2 
 .rodata.nus_data_handler.str1.4
                0x000000000002ea6c       0x64 _build/nrf52840_xxaa/main.c.o
 .rodata.main.str1.4
                0x000000000002ead0       0x4b _build/nrf52840_xxaa/main.c.o
 *fill*         0x000000000002eb1b        0x1 
 .rodata        0x000000000002eb1c       0x18 _build/nrf52840_xxaa/main.c.o
 .rodata.SEGGER_RTT_ReadNoLock.str1.4
                0x000000000002eb34       0x17 _build/nrf52840_xxaa/SEGGER_RTT.c.o
 *fill*         0x000000000002eb4b        0x1 
 .rodata.data_length_update.constprop.0.str1.4
                0x000000000002eb4c       0xe2 _build/nrf52840_xxaa/nrf_ble_gatt.c.o
 *fill*         0x000000000002ec2e        0x2 
 .rodata.nrf_ble_gatt_on_ble_evt.str1.4
                0x000000000002ec30       0x63 _build/nrf52840_xxaa/nrf_ble_gatt.c.o
 *fill*         0x000000000002ec93        0x1 
 .rodata.str1.4
                0x000000000002ec94        0xd _build/nrf52840_xxaa/nrf_ble_gatt.c.o
 *fill*         0x000000000002eca1        0x3 
 .rodata.str1.4
                0x000000000002eca4        0x8 _build/nrf52840_xxaa/ble_nus.c.o
 .rodata        0x000000000002ecac       0x10 _build/nrf52840_xxaa/ble_nus.c.o
 .rodata.str1.4
                0x000000000002ecbc        0x8 _build/nrf52840_xxaa/nrf_sdh.c.o
 .rodata        0x000000000002ecc4        0x4 _build/nrf52840_xxaa/nrf_sdh.c.o
 .rodata.sdh_req_observers
                0x000000000002ecc8        0xc _build/nrf52840_xxaa/nrf_sdh.c.o
 .rodata.sdh_stack_observers
                0x000000000002ecd4        0xc _build/nrf52840_xxaa/nrf_sdh.c.o
 .rodata.sdh_state_observers
                0x000000000002ece0        0xc _build/nrf52840_xxaa/nrf_sdh.c.o
 .rodata.nrf_sdh_ble_default_cfg_set.str1.4
                0x000000000002ecec      0x1cf _build/nrf52840_xxaa/nrf_sdh_ble.c.o
 *fill*         0x000000000002eebb        0x1 
 .rodata.nrf_sdh_ble_enable.str1.4
                0x000000000002eebc       0xad _build/nrf52840_xxaa/nrf_sdh_ble.c.o
 *fill*         0x000000000002ef69        0x3 
 .rodata.str1.4
                0x000000000002ef6c        0xc _build/nrf52840_xxaa/nrf_sdh_ble.c.o
 .rodata.sdh_ble_observers
                0x000000000002ef78        0xc _build/nrf52840_xxaa/nrf_sdh_ble.c.o
 .rodata.str1.4
                0x000000000002ef84        0xc _build/nrf52840_xxaa/nrf_sdh_soc.c.o
 .rodata.sdh_soc_observers
                0x000000000002ef90        0xc _build/nrf52840_xxaa/nrf_sdh_soc.c.o
 .rodata._ctype_
                0x000000000002ef9c      0x101 /opt/gcc-arm-none-eabi-9-2020-q2-update/bin/../lib/gcc/arm-none-eabi/9.3.1/../../../../arm-none-eabi/lib/thumb/v7e-m+fp/hard/libc_nano.a(lib_a-ctype_.o)
                0x000000000002ef9c                _ctype_
 *fill*         0x000000000002f09d        0x3 
 .rodata._global_impure_ptr
                0x000000000002f0a0        0x4 /opt/gcc-arm-none-eabi-9-2020-q2-update/bin/../lib/gcc/arm-none-eabi/9.3.1/../../../../arm-none-eabi/lib/thumb/v7e-m+fp/hard/libc_nano.a(lib_a-impure.o)
                0x000000000002f0a0                _global_impure_ptr
 .rodata.__sf_fake_stderr
                0x000000000002f0a4       0x20 /opt/gcc-arm-none-eabi-9-2020-q2-update/bin/../lib/gcc/arm-none-eabi/9.3.1/../../../../arm-none-eabi/lib/thumb/v7e-m+fp/hard/libc_nano.a(lib_a-findfp.o)
                0x000000000002f0a4                __sf_fake_stderr
 .rodata.__sf_fake_stdin
                0x000000000002f0c4       0x20 /opt/gcc-arm-none-eabi-9-2020-q2-update/bin/../lib/gcc/arm-none-eabi/9.3.1/../../../../arm-none-eabi/lib/thumb/v7e-m+fp/hard/libc_nano.a(lib_a-findfp.o)
                0x000000000002f0c4                __sf_fake_stdin
 .rodata.__sf_fake_stdout
                0x000000000002f0e4       0x20 /opt/gcc-arm-none-eabi-9-2020-q2-update/bin/../lib/gcc/arm-none-eabi/9.3.1/../../../../arm-none-eabi/lib/thumb/v7e-m+fp/hard/libc_nano.a(lib_a-findfp.o)
                0x000000000002f0e4                __sf_fake_stdout
 .rodata._vfprintf_r.str1.1
                0x000000000002f104       0x11 /opt/gcc-arm-none-eabi-9-2020-q2-update/bin/../lib/gcc/arm-none-eabi/9.3.1/../../../../arm-none-eabi/lib/thumb/v7e-m+fp/hard/libc_nano.a(lib_a-nano-vfprintf.o)
 .rodata._printf_i.str1.1
                0x000000000002f115       0x22 /opt/gcc-arm-none-eabi-9-2020-q2-update/bin/../lib/gcc/arm-none-eabi/9.3.1/../../../../arm-none-eabi/lib/thumb/v7e-m+fp/hard/libc_nano.a(lib_a-nano-vfprintf_i.o)
 *(.eh_frame*)
 *fill*         0x000000000002f137        0x1 
 .eh_frame      0x000000000002f138        0x0 /opt/gcc-arm-none-eabi-9-2020-q2-update/bin/../lib/gcc/arm-none-eabi/9.3.1/thumb/v7e-m+fp/hard/crtbegin.o
 .eh_frame      0x000000000002f138        0x4 /opt/gcc-arm-none-eabi-9-2020-q2-update/bin/../lib/gcc/arm-none-eabi/9.3.1/thumb/v7e-m+fp/hard/crtend.o

.glue_7         0x000000000002f13c        0x0
 .glue_7        0x000000000002f13c        0x0 linker stubs

.glue_7t        0x000000000002f13c        0x0
 .glue_7t       0x000000000002f13c        0x0 linker stubs

.vfp11_veneer   0x000000000002f13c        0x0
 .vfp11_veneer  0x000000000002f13c        0x0 linker stubs

.v4_bx          0x000000000002f13c        0x0
 .v4_bx         0x000000000002f13c        0x0 linker stubs

.iplt           0x000000000002f13c        0x0
 .iplt          0x000000000002f13c        0x0 /opt/gcc-arm-none-eabi-9-2020-q2-update/bin/../lib/gcc/arm-none-eabi/9.3.1/thumb/v7e-m+fp/hard/crtbegin.o

.mem_section_dummy_rom

.sdh_soc_observers
                0x000000000002f13c       0x10
                0x000000000002f13c                PROVIDE (__start_sdh_soc_observers = .)
 *(SORT_BY_NAME(.sdh_soc_observers*))
 .sdh_soc_observers0
                0x000000000002f13c        0x8 _build/nrf52840_xxaa/nrf_drv_clock.c.o
 .sdh_soc_observers1
                0x000000000002f144        0x8 _build/nrf52840_xxaa/main.c.o
                0x000000000002f14c                PROVIDE (__stop_sdh_soc_observers = .)

.sdh_ble_observers
                0x000000000002f14c       0x40
                0x000000000002f14c                PROVIDE (__start_sdh_ble_observers = .)
 *(SORT_BY_NAME(.sdh_ble_observers*))
 .sdh_ble_observers0
                0x000000000002f14c        0x8 _build/nrf52840_xxaa/ble_conn_state.c.o
 .sdh_ble_observers1
                0x000000000002f154        0x8 _build/nrf52840_xxaa/bsp_btn_ble.c.o
 .sdh_ble_observers1
                0x000000000002f15c       0x10 _build/nrf52840_xxaa/main.c.o
 .sdh_ble_observers1
                0x000000000002f16c        0x8 _build/nrf52840_xxaa/ble_conn_params.c.o
 .sdh_ble_observers2
                0x000000000002f174       0x10 _build/nrf52840_xxaa/main.c.o
 .sdh_ble_observers3
                0x000000000002f184        0x8 _build/nrf52840_xxaa/main.c.o
                0x000000000002f18c                PROVIDE (__stop_sdh_ble_observers = .)

.pwr_mgmt_data  0x000000000002f18c        0x0
                0x000000000002f18c                PROVIDE (__start_pwr_mgmt_data = .)
 *(SORT_BY_NAME(.pwr_mgmt_data*))
                0x000000000002f18c                PROVIDE (__stop_pwr_mgmt_data = .)

.sdh_req_observers
                0x000000000002f18c        0x0
                0x000000000002f18c                PROVIDE (__start_sdh_req_observers = .)
 *(SORT_BY_NAME(.sdh_req_observers*))
                0x000000000002f18c                PROVIDE (__stop_sdh_req_observers = .)

.sdh_state_observers
                0x000000000002f18c        0x8
                0x000000000002f18c                PROVIDE (__start_sdh_state_observers = .)
 *(SORT_BY_NAME(.sdh_state_observers*))
 .sdh_state_observers0
                0x000000000002f18c        0x8 _build/nrf52840_xxaa/nrf_drv_clock.c.o
                0x000000000002f194                PROVIDE (__stop_sdh_state_observers = .)

.sdh_stack_observers
                0x000000000002f194       0x10
                0x000000000002f194                PROVIDE (__start_sdh_stack_observers = .)
 *(SORT_BY_NAME(.sdh_stack_observers*))
 .sdh_stack_observers0
                0x000000000002f194        0x8 _build/nrf52840_xxaa/nrf_sdh_ble.c.o
 .sdh_stack_observers0
                0x000000000002f19c        0x8 _build/nrf52840_xxaa/nrf_sdh_soc.c.o
                0x000000000002f1a4                PROVIDE (__stop_sdh_stack_observers = .)

.nrf_queue      0x000000000002f1a4        0x0
                [!provide]                        PROVIDE (__start_nrf_queue = .)
 *(.nrf_queue)
                [!provide]                        PROVIDE (__stop_nrf_queue = .)

.nrf_balloc     0x000000000002f1a4       0x14
                [!provide]                        PROVIDE (__start_nrf_balloc = .)
 *(.nrf_balloc)
 .nrf_balloc    0x000000000002f1a4       0x14 _build/nrf52840_xxaa/nrf_log_frontend.c.o
                0x000000000002f1a4                log_mempool
                [!provide]                        PROVIDE (__stop_nrf_balloc = .)

.cli_command    0x000000000002f1b8        0x0
                [!provide]                        PROVIDE (__start_cli_command = .)
 *(.cli_command)
                [!provide]                        PROVIDE (__stop_cli_command = .)

.crypto_data    0x000000000002f1b8        0x0
                [!provide]                        PROVIDE (__start_crypto_data = .)
 *(SORT_BY_NAME(.crypto_data*))
                [!provide]                        PROVIDE (__stop_crypto_data = .)

.log_const_data
                0x000000000002f1b8       0x68
                0x000000000002f1b8                PROVIDE (__start_log_const_data = .)
 *(SORT_BY_NAME(.log_const_data*))
 .log_const_data_CLOCK
                0x000000000002f1b8        0x8 _build/nrf52840_xxaa/nrfx_clock.c.o
                0x000000000002f1b8                m_nrf_log_CLOCK_logs_data_const
 .log_const_data_GPIOTE
                0x000000000002f1c0        0x8 _build/nrf52840_xxaa/nrfx_gpiote.c.o
                0x000000000002f1c0                m_nrf_log_GPIOTE_logs_data_const
 .log_const_data_PRS
                0x000000000002f1c8        0x8 _build/nrf52840_xxaa/nrfx_prs.c.o
                0x000000000002f1c8                m_nrf_log_PRS_logs_data_const
 .log_const_data_UART
                0x000000000002f1d0        0x8 _build/nrf52840_xxaa/nrfx_uart.c.o
                0x000000000002f1d0                m_nrf_log_UART_logs_data_const
 .log_const_data_UARTE
                0x000000000002f1d8        0x8 _build/nrf52840_xxaa/nrfx_uarte.c.o
                0x000000000002f1d8                m_nrf_log_UARTE_logs_data_const
 .log_const_data_app
                0x000000000002f1e0        0x8 _build/nrf52840_xxaa/nrf_log_frontend.c.o
                0x000000000002f1e0                m_nrf_log_app_logs_data_const
 .log_const_data_ble_nus
                0x000000000002f1e8        0x8 _build/nrf52840_xxaa/ble_nus.c.o
                0x000000000002f1e8                m_nrf_log_ble_nus_logs_data_const
 .log_const_data_clock
                0x000000000002f1f0        0x8 _build/nrf52840_xxaa/nrf_drv_clock.c.o
                0x000000000002f1f0                m_nrf_log_clock_logs_data_const
 .log_const_data_nrf_ble_gatt
                0x000000000002f1f8        0x8 _build/nrf52840_xxaa/nrf_ble_gatt.c.o
                0x000000000002f1f8                m_nrf_log_nrf_ble_gatt_logs_data_const
 .log_const_data_nrf_sdh
                0x000000000002f200        0x8 _build/nrf52840_xxaa/nrf_sdh.c.o
                0x000000000002f200                m_nrf_log_nrf_sdh_logs_data_const
 .log_const_data_nrf_sdh_ble
                0x000000000002f208        0x8 _build/nrf52840_xxaa/nrf_sdh_ble.c.o
                0x000000000002f208                m_nrf_log_nrf_sdh_ble_logs_data_const
 .log_const_data_nrf_sdh_soc
                0x000000000002f210        0x8 _build/nrf52840_xxaa/nrf_sdh_soc.c.o
                0x000000000002f210                m_nrf_log_nrf_sdh_soc_logs_data_const
 .log_const_data_pwr_mgmt
                0x000000000002f218        0x8 _build/nrf52840_xxaa/nrf_pwr_mgmt.c.o
                0x000000000002f218                m_nrf_log_pwr_mgmt_logs_data_const
                0x000000000002f220                PROVIDE (__stop_log_const_data = .)

.log_backends   0x000000000002f220       0x10
                [!provide]                        PROVIDE (__start_log_backends = .)
 *(SORT_BY_NAME(.log_backends*))
 .log_backends  0x000000000002f220       0x10 _build/nrf52840_xxaa/nrf_log_default_backends.c.o
                [!provide]                        PROVIDE (__stop_log_backends = .)

.ARM.extab
 *(.ARM.extab* .gnu.linkonce.armextab.*)
                0x000000000002f230                __exidx_start = .

.ARM.exidx      0x000000000002f230        0x8
 *(.ARM.exidx* .gnu.linkonce.armexidx.*)
 .ARM.exidx     0x000000000002f230        0x8 /opt/gcc-arm-none-eabi-9-2020-q2-update/bin/../lib/gcc/arm-none-eabi/9.3.1/../../../../arm-none-eabi/lib/thumb/v7e-m+fp/hard/crt0.o
                                         0x10 (size before relaxing)
 .ARM.exidx     0x000000000002f238        0x0 /opt/gcc-arm-none-eabi-9-2020-q2-update/bin/../lib/gcc/arm-none-eabi/9.3.1/thumb/v7e-m+fp/hard/libgcc.a(_udivmoddi4.o)
                                          0x8 (size before relaxing)
                0x000000000002f238                __exidx_end = .
                0x000000000002f238                __etext = .

.rel.dyn        0x000000000002f238        0x0
 .rel.iplt      0x000000000002f238        0x0 /opt/gcc-arm-none-eabi-9-2020-q2-update/bin/../lib/gcc/arm-none-eabi/9.3.1/thumb/v7e-m+fp/hard/crtbegin.o

.data           0x0000000020002a98       0xb8 load address 0x000000000002f238
                0x0000000020002a98                __data_start__ = .
 *(vtable)
 *(.data*)
 .data.log_backend_cb_rtt_log_backend
                0x0000000020002a98        0x8 _build/nrf52840_xxaa/nrf_log_default_backends.c.o
 .data.app_uart_inst
                0x0000000020002aa0       0x14 _build/nrf52840_xxaa/app_uart_fifo.c.o
 .data.SystemCoreClock
                0x0000000020002ab4        0x4 _build/nrf52840_xxaa/system_nrf52840.c.o
                0x0000000020002ab4                SystemCoreClock
 .data.m_adv_uuids
                0x0000000020002ab8        0x4 _build/nrf52840_xxaa/main.c.o
 .data.m_ble_nus_max_data_len
                0x0000000020002abc        0x2 _build/nrf52840_xxaa/main.c.o
 .data.m_conn_handle
                0x0000000020002abe        0x2 _build/nrf52840_xxaa/main.c.o
 .data.m_nus    0x0000000020002ac0       0x1c _build/nrf52840_xxaa/main.c.o
 .data.m_nus_link_ctx_storage
                0x0000000020002adc        0x8 _build/nrf52840_xxaa/main.c.o
 .data._impure_ptr
                0x0000000020002ae4        0x4 /opt/gcc-arm-none-eabi-9-2020-q2-update/bin/../lib/gcc/arm-none-eabi/9.3.1/../../../../arm-none-eabi/lib/thumb/v7e-m+fp/hard/libc_nano.a(lib_a-impure.o)
                0x0000000020002ae4                _impure_ptr
 .data.impure_data
                0x0000000020002ae8       0x60 /opt/gcc-arm-none-eabi-9-2020-q2-update/bin/../lib/gcc/arm-none-eabi/9.3.1/../../../../arm-none-eabi/lib/thumb/v7e-m+fp/hard/libc_nano.a(lib_a-impure.o)
                0x0000000020002b48                . = ALIGN (0x4)
                0x0000000020002b48                PROVIDE (__preinit_array_start = .)
 *(.preinit_array)
                0x0000000020002b48                PROVIDE (__preinit_array_end = .)
                0x0000000020002b48                . = ALIGN (0x4)
                0x0000000020002b48                PROVIDE (__init_array_start = .)
 *(SORT_BY_NAME(.init_array.*))
 *(.init_array)
 .init_array    0x0000000020002b48        0x4 /opt/gcc-arm-none-eabi-9-2020-q2-update/bin/../lib/gcc/arm-none-eabi/9.3.1/thumb/v7e-m+fp/hard/crtbegin.o
                0x0000000020002b4c                PROVIDE (__init_array_end = .)
                0x0000000020002b4c                . = ALIGN (0x4)
                [!provide]                        PROVIDE (__fini_array_start = .)
 *(SORT_BY_NAME(.fini_array.*))
 *(.fini_array)
 .fini_array    0x0000000020002b4c        0x4 /opt/gcc-arm-none-eabi-9-2020-q2-update/bin/../lib/gcc/arm-none-eabi/9.3.1/thumb/v7e-m+fp/hard/crtbegin.o
                [!provide]                        PROVIDE (__fini_array_end = .)
 *(.jcr*)
                0x0000000020002b50                . = ALIGN (0x4)
                0x0000000020002b50                __data_end__ = .
LOAD /opt/gcc-arm-none-eabi-9-2020-q2-update/bin/../lib/gcc/arm-none-eabi/9.3.1/thumb/v7e-m+fp/hard/crti.o
LOAD /opt/gcc-arm-none-eabi-9-2020-q2-update/bin/../lib/gcc/arm-none-eabi/9.3.1/thumb/v7e-m+fp/hard/crtbegin.o
LOAD /opt/gcc-arm-none-eabi-9-2020-q2-update/bin/../lib/gcc/arm-none-eabi/9.3.1/../../../../arm-none-eabi/lib/thumb/v7e-m+fp/hard/crt0.o
LOAD _build/nrf52840_xxaa/gcc_startup_nrf52840.S.o
LOAD _build/nrf52840_xxaa/nrf_log_backend_rtt.c.o
LOAD _build/nrf52840_xxaa/nrf_log_backend_serial.c.o
LOAD _build/nrf52840_xxaa/nrf_log_default_backends.c.o
LOAD _build/nrf52840_xxaa/nrf_log_frontend.c.o
LOAD _build/nrf52840_xxaa/nrf_log_str_formatter.c.o
LOAD _build/nrf52840_xxaa/app_button.c.o
LOAD _build/nrf52840_xxaa/app_error.c.o
LOAD _build/nrf52840_xxaa/app_error_handler_gcc.c.o
LOAD _build/nrf52840_xxaa/app_error_weak.c.o
LOAD _build/nrf52840_xxaa/app_fifo.c.o
LOAD _build/nrf52840_xxaa/app_scheduler.c.o
LOAD _build/nrf52840_xxaa/app_timer.c.o
LOAD _build/nrf52840_xxaa/app_uart_fifo.c.o
LOAD _build/nrf52840_xxaa/app_util_platform.c.o
LOAD _build/nrf52840_xxaa/hardfault_implementation.c.o
LOAD _build/nrf52840_xxaa/nrf_assert.c.o
LOAD _build/nrf52840_xxaa/nrf_atfifo.c.o
LOAD _build/nrf52840_xxaa/nrf_atflags.c.o
LOAD _build/nrf52840_xxaa/nrf_atomic.c.o
LOAD _build/nrf52840_xxaa/nrf_balloc.c.o
LOAD _build/nrf52840_xxaa/nrf_fprintf.c.o
LOAD _build/nrf52840_xxaa/nrf_fprintf_format.c.o
LOAD _build/nrf52840_xxaa/nrf_memobj.c.o
LOAD _build/nrf52840_xxaa/nrf_pwr_mgmt.c.o
LOAD _build/nrf52840_xxaa/nrf_ringbuf.c.o
LOAD _build/nrf52840_xxaa/nrf_section_iter.c.o
LOAD _build/nrf52840_xxaa/nrf_strerror.c.o
LOAD _build/nrf52840_xxaa/retarget.c.o
LOAD _build/nrf52840_xxaa/system_nrf52840.c.o
LOAD _build/nrf52840_xxaa/boards.c.o
LOAD _build/nrf52840_xxaa/nrf_drv_clock.c.o
LOAD _build/nrf52840_xxaa/nrf_drv_uart.c.o
LOAD _build/nrf52840_xxaa/nrfx_atomic.c.o
LOAD _build/nrf52840_xxaa/nrfx_clock.c.o
LOAD _build/nrf52840_xxaa/nrfx_gpiote.c.o
LOAD _build/nrf52840_xxaa/nrfx_prs.c.o
LOAD _build/nrf52840_xxaa/nrfx_uart.c.o
LOAD _build/nrf52840_xxaa/nrfx_uarte.c.o
LOAD _build/nrf52840_xxaa/bsp.c.o
LOAD _build/nrf52840_xxaa/bsp_btn_ble.c.o
LOAD _build/nrf52840_xxaa/main.c.o
LOAD _build/nrf52840_xxaa/SEGGER_RTT.c.o
LOAD _build/nrf52840_xxaa/SEGGER_RTT_Syscalls_GCC.c.o
LOAD _build/nrf52840_xxaa/SEGGER_RTT_printf.c.o
LOAD _build/nrf52840_xxaa/ble_advdata.c.o
LOAD _build/nrf52840_xxaa/ble_advertising.c.o
LOAD _build/nrf52840_xxaa/ble_conn_params.c.o
LOAD _build/nrf52840_xxaa/ble_conn_state.c.o
LOAD _build/nrf52840_xxaa/ble_link_ctx_manager.c.o
LOAD _build/nrf52840_xxaa/ble_srv_common.c.o
LOAD _build/nrf52840_xxaa/nrf_ble_gatt.c.o
LOAD _build/nrf52840_xxaa/nrf_ble_qwr.c.o
LOAD _build/nrf52840_xxaa/utf.c.o
LOAD _build/nrf52840_xxaa/ble_nus.c.o
LOAD _build/nrf52840_xxaa/nrf_sdh.c.o
LOAD _build/nrf52840_xxaa/nrf_sdh_ble.c.o
LOAD _build/nrf52840_xxaa/nrf_sdh_soc.c.o
LOAD /opt/gcc-arm-none-eabi-9-2020-q2-update/bin/../lib/gcc/arm-none-eabi/9.3.1/../../../../arm-none-eabi/lib/thumb/v7e-m+fp/hard/libc_nano.a
LOAD /opt/gcc-arm-none-eabi-9-2020-q2-update/bin/../lib/gcc/arm-none-eabi/9.3.1/../../../../arm-none-eabi/lib/thumb/v7e-m+fp/hard/libnosys.a
LOAD /opt/gcc-arm-none-eabi-9-2020-q2-update/bin/../lib/gcc/arm-none-eabi/9.3.1/../../../../arm-none-eabi/lib/thumb/v7e-m+fp/hard/libm.a
START GROUP
LOAD /opt/gcc-arm-none-eabi-9-2020-q2-update/bin/../lib/gcc/arm-none-eabi/9.3.1/thumb/v7e-m+fp/hard/libgcc.a
LOAD /opt/gcc-arm-none-eabi-9-2020-q2-update/bin/../lib/gcc/arm-none-eabi/9.3.1/../../../../arm-none-eabi/lib/thumb/v7e-m+fp/hard/libg_nano.a
LOAD /opt/gcc-arm-none-eabi-9-2020-q2-update/bin/../lib/gcc/arm-none-eabi/9.3.1/../../../../arm-none-eabi/lib/thumb/v7e-m+fp/hard/libc_nano.a
END GROUP
START GROUP
LOAD /opt/gcc-arm-none-eabi-9-2020-q2-update/bin/../lib/gcc/arm-none-eabi/9.3.1/thumb/v7e-m+fp/hard/libgcc.a
LOAD /opt/gcc-arm-none-eabi-9-2020-q2-update/bin/../lib/gcc/arm-none-eabi/9.3.1/../../../../arm-none-eabi/lib/thumb/v7e-m+fp/hard/libc_nano.a
END GROUP
LOAD /opt/gcc-arm-none-eabi-9-2020-q2-update/bin/../lib/gcc/arm-none-eabi/9.3.1/thumb/v7e-m+fp/hard/crtend.o
LOAD /opt/gcc-arm-none-eabi-9-2020-q2-update/bin/../lib/gcc/arm-none-eabi/9.3.1/thumb/v7e-m+fp/hard/crtn.o
START GROUP
LOAD /opt/gcc-arm-none-eabi-9-2020-q2-update/bin/../lib/gcc/arm-none-eabi/9.3.1/thumb/v7e-m+fp/hard/libgcc.a
LOAD /opt/gcc-arm-none-eabi-9-2020-q2-update/bin/../lib/gcc/arm-none-eabi/9.3.1/../../../../arm-none-eabi/lib/thumb/v7e-m+fp/hard/libc.a
LOAD /opt/gcc-arm-none-eabi-9-2020-q2-update/bin/../lib/gcc/arm-none-eabi/9.3.1/../../../../arm-none-eabi/lib/thumb/v7e-m+fp/hard/libnosys.a
END GROUP

.igot.plt       0x0000000020002b50        0x0 load address 0x000000000002f2f0
 .igot.plt      0x0000000020002b50        0x0 /opt/gcc-arm-none-eabi-9-2020-q2-update/bin/../lib/gcc/arm-none-eabi/9.3.1/thumb/v7e-m+fp/hard/crtbegin.o
                0x0000000020002b50                . = ALIGN (0x4)

.mem_section_dummy_ram

.cli_sorted_cmd_ptrs
                0x0000000020002b50        0x0
                [!provide]                        PROVIDE (__start_cli_sorted_cmd_ptrs = .)
 *(.cli_sorted_cmd_ptrs)
                [!provide]                        PROVIDE (__stop_cli_sorted_cmd_ptrs = .)

.fs_data        0x0000000020002b50        0x0
                [!provide]                        PROVIDE (__start_fs_data = .)
 *(.fs_data)
                [!provide]                        PROVIDE (__stop_fs_data = .)

.log_dynamic_data
                0x0000000020002b50        0x0
                0x0000000020002b50                PROVIDE (__start_log_dynamic_data = .)
 *(SORT_BY_NAME(.log_dynamic_data*))
                [!provide]                        PROVIDE (__stop_log_dynamic_data = .)

.log_filter_data
                0x0000000020002b50        0x0
                [!provide]                        PROVIDE (__start_log_filter_data = .)
 *(SORT_BY_NAME(.log_filter_data*))
                [!provide]                        PROVIDE (__stop_log_filter_data = .)

.bss            0x0000000020002b50     0x1214 load address 0x000000000002f2f0
                0x0000000020002b50                . = ALIGN (0x4)
                0x0000000020002b50                __bss_start__ = .
 *(.bss*)
 .bss           0x0000000020002b50       0x1c /opt/gcc-arm-none-eabi-9-2020-q2-update/bin/../lib/gcc/arm-none-eabi/9.3.1/thumb/v7e-m+fp/hard/crtbegin.o
 .bss.m_host_present
                0x0000000020002b6c        0x1 _build/nrf52840_xxaa/nrf_log_backend_rtt.c.o
 *fill*         0x0000000020002b6d        0x3 
 .bss.m_string_buff
                0x0000000020002b70       0x40 _build/nrf52840_xxaa/nrf_log_backend_rtt.c.o
 .bss.log_mempool_nrf_balloc_cb
                0x0000000020002bb0        0x8 _build/nrf52840_xxaa/nrf_log_frontend.c.o
 .bss.log_mempool_nrf_balloc_pool_mem
                0x0000000020002bb8       0xc0 _build/nrf52840_xxaa/nrf_log_frontend.c.o
 .bss.log_mempool_nrf_balloc_pool_stack
                0x0000000020002c78        0x8 _build/nrf52840_xxaa/nrf_log_frontend.c.o
 .bss.m_log_data
                0x0000000020002c80      0x424 _build/nrf52840_xxaa/nrf_log_frontend.c.o
 .bss.m_log_push_ringbuf_buf
                0x00000000200030a4       0x80 _build/nrf52840_xxaa/nrf_log_frontend.c.o
 .bss.m_log_push_ringbuf_cb
                0x0000000020003124       0x18 _build/nrf52840_xxaa/nrf_log_frontend.c.o
 .bss.m_button_count
                0x000000002000313c        0x1 _build/nrf52840_xxaa/app_button.c.o
 *fill*         0x000000002000313d        0x3 
 .bss.m_detection_delay
                0x0000000020003140        0x4 _build/nrf52840_xxaa/app_button.c.o
 .bss.m_detection_delay_timer_id_data
                0x0000000020003144       0x20 _build/nrf52840_xxaa/app_button.c.o
 *fill*         0x0000000020003164        0x4 
 .bss.m_pin_state
                0x0000000020003168        0x8 _build/nrf52840_xxaa/app_button.c.o
 .bss.m_pin_transition
                0x0000000020003170        0x8 _build/nrf52840_xxaa/app_button.c.o
 .bss.mp_buttons
                0x0000000020003178        0x4 _build/nrf52840_xxaa/app_button.c.o
 .bss.m_op_queue
                0x000000002000317c      0x10c _build/nrf52840_xxaa/app_timer.c.o
 .bss.m_rtc1_reset
                0x0000000020003288        0x1 _build/nrf52840_xxaa/app_timer.c.o
 .bss.m_rtc1_running
                0x0000000020003289        0x1 _build/nrf52840_xxaa/app_timer.c.o
 *fill*         0x000000002000328a        0x2 
 .bss.m_ticks_elapsed
                0x000000002000328c        0x8 _build/nrf52840_xxaa/app_timer.c.o
 .bss.m_ticks_elapsed_q_read_ind
                0x0000000020003294        0x1 _build/nrf52840_xxaa/app_timer.c.o
 .bss.m_ticks_elapsed_q_write_ind
                0x0000000020003295        0x1 _build/nrf52840_xxaa/app_timer.c.o
 *fill*         0x0000000020003296        0x2 
 .bss.m_ticks_latest
                0x0000000020003298        0x4 _build/nrf52840_xxaa/app_timer.c.o
 .bss.mp_timer_id_head
                0x000000002000329c        0x4 _build/nrf52840_xxaa/app_timer.c.o
 .bss.m_event_handler
                0x00000000200032a0        0x4 _build/nrf52840_xxaa/app_uart_fifo.c.o
 .bss.m_rx_fifo
                0x00000000200032a4       0x10 _build/nrf52840_xxaa/app_uart_fifo.c.o
 .bss.m_rx_ovf  0x00000000200032b4        0x1 _build/nrf52840_xxaa/app_uart_fifo.c.o
 *fill*         0x00000000200032b5        0x3 
 .bss.m_tx_fifo
                0x00000000200032b8       0x10 _build/nrf52840_xxaa/app_uart_fifo.c.o
 .bss.rx_buffer
                0x00000000200032c8        0x1 _build/nrf52840_xxaa/app_uart_fifo.c.o
 *fill*         0x00000000200032c9        0x3 
 .bss.tx_buffer
                0x00000000200032cc        0x1 _build/nrf52840_xxaa/app_uart_fifo.c.o
 *fill*         0x00000000200032cd        0x3 
 .bss.m_handlers_iter
                0x00000000200032d0        0x8 _build/nrf52840_xxaa/nrf_pwr_mgmt.c.o
 .bss.m_shutdown_started
                0x00000000200032d8        0x1 _build/nrf52840_xxaa/nrf_pwr_mgmt.c.o
 *fill*         0x00000000200032d9        0x3 
 .bss.m_sysoff_mtx
                0x00000000200032dc        0x4 _build/nrf52840_xxaa/nrf_pwr_mgmt.c.o
 .bss.m_clock_cb
                0x00000000200032e0       0x14 _build/nrf52840_xxaa/nrf_drv_clock.c.o
 .bss.m_contexts
                0x00000000200032f4        0x8 _build/nrf52840_xxaa/nrf_drv_uart.c.o
 .bss.m_handlers
                0x00000000200032fc        0x8 _build/nrf52840_xxaa/nrf_drv_uart.c.o
 .bss.m_clock_cb
                0x0000000020003304        0x8 _build/nrf52840_xxaa/nrfx_clock.c.o
 *fill*         0x000000002000330c        0x4 
 .bss.m_cb      0x0000000020003310       0x6c _build/nrf52840_xxaa/nrfx_gpiote.c.o
 .bss.m_prs_box_4
                0x000000002000337c        0x8 _build/nrf52840_xxaa/nrfx_prs.c.o
 *fill*         0x0000000020003384        0x4 
 .bss.m_cb      0x0000000020003388       0x2c _build/nrf52840_xxaa/nrfx_uart.c.o
 *fill*         0x00000000200033b4        0x4 
 .bss.m_cb      0x00000000200033b8       0x24 _build/nrf52840_xxaa/nrfx_uarte.c.o
 .bss.current_long_push_pin_no.9278
                0x00000000200033dc        0x1 _build/nrf52840_xxaa/bsp.c.o
 .bss.m_alert_on
                0x00000000200033dd        0x1 _build/nrf52840_xxaa/bsp.c.o
 *fill*         0x00000000200033de        0x2 
 .bss.m_bsp_alert_tmr_data
                0x00000000200033e0       0x20 _build/nrf52840_xxaa/bsp.c.o
 .bss.m_bsp_button_tmr_data
                0x0000000020003400       0x20 _build/nrf52840_xxaa/bsp.c.o
 .bss.m_bsp_leds_tmr_data
                0x0000000020003420       0x20 _build/nrf52840_xxaa/bsp.c.o
 .bss.m_events_list
                0x0000000020003440        0xc _build/nrf52840_xxaa/bsp.c.o
 .bss.m_indication_type
                0x000000002000344c        0x4 _build/nrf52840_xxaa/bsp.c.o
 .bss.m_leds_clear
                0x0000000020003450        0x1 _build/nrf52840_xxaa/bsp.c.o
 *fill*         0x0000000020003451        0x3 
 .bss.m_registered_callback
                0x0000000020003454        0x4 _build/nrf52840_xxaa/bsp.c.o
 .bss.m_stable_state
                0x0000000020003458        0x1 _build/nrf52840_xxaa/bsp.c.o
 *fill*         0x0000000020003459        0x3 
 .bss.release_event_at_push.9279
                0x000000002000345c        0x4 _build/nrf52840_xxaa/bsp.c.o
 .bss.m_error_handler
                0x0000000020003460        0x4 _build/nrf52840_xxaa/bsp_btn_ble.c.o
 .bss.m_num_connections
                0x0000000020003464        0x4 _build/nrf52840_xxaa/bsp_btn_ble.c.o
 .bss.data_array.12567
                0x0000000020003468       0xf4 _build/nrf52840_xxaa/main.c.o
 .bss.index.12568
                0x000000002000355c        0x1 _build/nrf52840_xxaa/main.c.o
 *fill*         0x000000002000355d        0x3 
 .bss.m_advertising
                0x0000000020003560      0x258 _build/nrf52840_xxaa/main.c.o
 .bss.m_gatt    0x00000000200037b8       0x14 _build/nrf52840_xxaa/main.c.o
 .bss.m_nus_link_ctx_storage_ctx_data_pool
                0x00000000200037cc        0x4 _build/nrf52840_xxaa/main.c.o
 .bss.m_qwr     0x00000000200037d0        0xc _build/nrf52840_xxaa/main.c.o
 .bss.rx_buf.12589
                0x00000000200037dc      0x100 _build/nrf52840_xxaa/main.c.o
 .bss.tx_buf.12590
                0x00000000200038dc      0x100 _build/nrf52840_xxaa/main.c.o
 .bss._acDownBuffer
                0x00000000200039dc       0x10 _build/nrf52840_xxaa/SEGGER_RTT.c.o
 .bss._acUpBuffer
                0x00000000200039ec      0x200 _build/nrf52840_xxaa/SEGGER_RTT.c.o
 .bss.m_conn_params_config
                0x0000000020003bec       0x1c _build/nrf52840_xxaa/ble_conn_params.c.o
 .bss.m_conn_params_instances
                0x0000000020003c08       0x14 _build/nrf52840_xxaa/ble_conn_params.c.o
 .bss.m_preferred_conn_params
                0x0000000020003c1c        0x8 _build/nrf52840_xxaa/ble_conn_params.c.o
 .bss.m_timer_data
                0x0000000020003c24       0x20 _build/nrf52840_xxaa/ble_conn_params.c.o
 .bss.m_bcs     0x0000000020003c44       0x78 _build/nrf52840_xxaa/ble_conn_state.c.o
 .bss.m_nrf_sdh_continue
                0x0000000020003cbc        0x1 _build/nrf52840_xxaa/nrf_sdh.c.o
 .bss.m_nrf_sdh_enabled
                0x0000000020003cbd        0x1 _build/nrf52840_xxaa/nrf_sdh.c.o
 .bss.m_nrf_sdh_suspended
                0x0000000020003cbe        0x1 _build/nrf52840_xxaa/nrf_sdh.c.o
 .bss.m_stack_is_enabled
                0x0000000020003cbf        0x1 _build/nrf52840_xxaa/nrf_sdh_ble.c.o
 .bss.__malloc_free_list
                0x0000000020003cc0        0x4 /opt/gcc-arm-none-eabi-9-2020-q2-update/bin/../lib/gcc/arm-none-eabi/9.3.1/../../../../arm-none-eabi/lib/thumb/v7e-m+fp/hard/libc_nano.a(lib_a-nano-mallocr.o)
                0x0000000020003cc0                __malloc_free_list
 .bss.__malloc_sbrk_start
                0x0000000020003cc4        0x4 /opt/gcc-arm-none-eabi-9-2020-q2-update/bin/../lib/gcc/arm-none-eabi/9.3.1/../../../../arm-none-eabi/lib/thumb/v7e-m+fp/hard/libc_nano.a(lib_a-nano-mallocr.o)
                0x0000000020003cc4                __malloc_sbrk_start
 .bss.heap_end.5507
                0x0000000020003cc8        0x4 /opt/gcc-arm-none-eabi-9-2020-q2-update/bin/../lib/gcc/arm-none-eabi/9.3.1/../../../../arm-none-eabi/lib/thumb/v7e-m+fp/hard/libnosys.a(sbrk.o)
 *(COMMON)
 COMMON         0x0000000020003ccc        0xc _build/nrf52840_xxaa/app_util_platform.c.o
                0x0000000020003ccc                nrf_nvic_state
 COMMON         0x0000000020003cd8        0x2 _build/nrf52840_xxaa/nrf_drv_uart.c.o
                0x0000000020003cd8                nrf_drv_uart_use_easy_dma
 *fill*         0x0000000020003cda        0x2 
 COMMON         0x0000000020003cdc       0x78 _build/nrf52840_xxaa/SEGGER_RTT.c.o
                0x0000000020003cdc                _SEGGER_RTT
 COMMON         0x0000000020003d54        0x9 /opt/gcc-arm-none-eabi-9-2020-q2-update/bin/../lib/gcc/arm-none-eabi/9.3.1/../../../../arm-none-eabi/lib/thumb/v7e-m+fp/hard/libc_nano.a(lib_a-lock.o)
                0x0000000020003d54                __lock___atexit_recursive_mutex
                0x0000000020003d55                __lock___arc4random_mutex
                0x0000000020003d56                __lock___env_recursive_mutex
                0x0000000020003d57                __lock___sinit_recursive_mutex
                0x0000000020003d58                __lock___malloc_recursive_mutex
                0x0000000020003d59                __lock___at_quick_exit_mutex
                0x0000000020003d5a                __lock___dd_hash_mutex
                0x0000000020003d5b                __lock___tz_mutex
                0x0000000020003d5c                __lock___sfp_recursive_mutex
 *fill*         0x0000000020003d5d        0x3 
 COMMON         0x0000000020003d60        0x4 /opt/gcc-arm-none-eabi-9-2020-q2-update/bin/../lib/gcc/arm-none-eabi/9.3.1/../../../../arm-none-eabi/lib/thumb/v7e-m+fp/hard/libc_nano.a(lib_a-reent.o)
                0x0000000020003d60                errno
                0x0000000020003d64                . = ALIGN (0x4)
                0x0000000020003d64                __bss_end__ = .

.heap           0x0000000020003d68     0x2000
                0x0000000020003d68                __HeapBase = .
                0x0000000020003d68                __end__ = .
                0x0000000020003d68                PROVIDE (end = .)
 *(.heap*)
 .heap          0x0000000020003d68     0x2000 _build/nrf52840_xxaa/gcc_startup_nrf52840.S.o
                0x0000000020005d68                __HeapLimit = .

.stack_dummy    0x0000000020003d68     0x2000
 *(.stack*)
 .stack         0x0000000020003d68     0x2000 _build/nrf52840_xxaa/gcc_startup_nrf52840.S.o
                0x0000000020040000                __StackTop = (ORIGIN (RAM) + LENGTH (RAM))
                0x000000002003e000                __StackLimit = (__StackTop - SIZEOF (.stack_dummy))
                0x0000000020040000                PROVIDE (__stack = __StackTop)
                0x0000000000000001                ASSERT ((__StackLimit >= __HeapLimit), region RAM overflowed with stack)
                0x00000000000000b8                DataInitFlashUsed = (__bss_start__ - __data_start__)
                0x0000000000009238                CodeFlashUsed = (__etext - ORIGIN (FLASH))
                0x00000000000092f0                TotalFlashUsed = (CodeFlashUsed + DataInitFlashUsed)
                0x0000000000000001                ASSERT ((TotalFlashUsed <= LENGTH (FLASH)), region FLASH overflowed with .data and user data)
OUTPUT(_build/nrf52840_xxaa.out elf32-littlearm)
LOAD linker stubs

.ARM.attributes
                0x0000000000000000       0x30
 .ARM.attributes
                0x0000000000000000       0x1e /opt/gcc-arm-none-eabi-9-2020-q2-update/bin/../lib/gcc/arm-none-eabi/9.3.1/thumb/v7e-m+fp/hard/crti.o
 .ARM.attributes
                0x000000000000001e       0x34 /opt/gcc-arm-none-eabi-9-2020-q2-update/bin/../lib/gcc/arm-none-eabi/9.3.1/thumb/v7e-m+fp/hard/crtbegin.o
 .ARM.attributes
                0x0000000000000052       0x1c /opt/gcc-arm-none-eabi-9-2020-q2-update/bin/../lib/gcc/arm-none-eabi/9.3.1/../../../../arm-none-eabi/lib/thumb/v7e-m+fp/hard/crt0.o
 .ARM.attributes
                0x000000000000006e       0x20 _build/nrf52840_xxaa/gcc_startup_nrf52840.S.o
 .ARM.attributes
                0x000000000000008e       0x34 _build/nrf52840_xxaa/nrf_log_backend_rtt.c.o
 .ARM.attributes
                0x00000000000000c2       0x34 _build/nrf52840_xxaa/nrf_log_backend_serial.c.o
 .ARM.attributes
                0x00000000000000f6       0x34 _build/nrf52840_xxaa/nrf_log_default_backends.c.o
 .ARM.attributes
                0x000000000000012a       0x34 _build/nrf52840_xxaa/nrf_log_frontend.c.o
 .ARM.attributes
                0x000000000000015e       0x34 _build/nrf52840_xxaa/nrf_log_str_formatter.c.o
 .ARM.attributes
                0x0000000000000192       0x34 _build/nrf52840_xxaa/app_button.c.o
 .ARM.attributes
                0x00000000000001c6       0x34 _build/nrf52840_xxaa/app_error.c.o
 .ARM.attributes
                0x00000000000001fa       0x34 _build/nrf52840_xxaa/app_error_weak.c.o
 .ARM.attributes
                0x000000000000022e       0x34 _build/nrf52840_xxaa/app_fifo.c.o
 .ARM.attributes
                0x0000000000000262       0x34 _build/nrf52840_xxaa/app_timer.c.o
 .ARM.attributes
                0x0000000000000296       0x34 _build/nrf52840_xxaa/app_uart_fifo.c.o
 .ARM.attributes
                0x00000000000002ca       0x34 _build/nrf52840_xxaa/app_util_platform.c.o
 .ARM.attributes